Archive member included because of file (symbol)

/opt/devkitpro/libogc/lib/wii/libfat.a(libfat.o)
                              main.o (fatInitDefault)
/opt/devkitpro/libogc/lib/wii/libfat.a(partition.o)
                              /opt/devkitpro/libogc/lib/wii/libfat.a(libfat.o) (_FAT_partition_constructor)
/opt/devkitpro/libogc/lib/wii/libfat.a(cache.o)
                              /opt/devkitpro/libogc/lib/wii/libfat.a(partition.o) (_FAT_cache_constructor)
/opt/devkitpro/libogc/lib/wii/libfat.a(directory.o)
                              /opt/devkitpro/libogc/lib/wii/libfat.a(libfat.o) (_FAT_directory_getVolumeLabel)
/opt/devkitpro/libogc/lib/wii/libfat.a(disc.o)
                              /opt/devkitpro/libogc/lib/wii/libfat.a(libfat.o) (_FAT_disc_interfaces)
/opt/devkitpro/libogc/lib/wii/libfat.a(fatdir.o)
                              /opt/devkitpro/libogc/lib/wii/libfat.a(libfat.o) (_FAT_stat_r)
/opt/devkitpro/libogc/lib/wii/libfat.a(fatfile.o)
                              /opt/devkitpro/libogc/lib/wii/libfat.a(libfat.o) (_FAT_open_r)
/opt/devkitpro/libogc/lib/wii/libfat.a(file_allocation_table.o)
                              /opt/devkitpro/libogc/lib/wii/libfat.a(directory.o) (_FAT_fat_nextCluster)
/opt/devkitpro/libogc/lib/wii/libfat.a(filetime.o)
                              /opt/devkitpro/libogc/lib/wii/libfat.a(fatdir.o) (_FAT_filetime_getTimeFromRTC)
/opt/devkitpro/libogc/lib/wii/libwiiuse.a(wpad.o)
                              main.o (WPAD_Init)
/opt/devkitpro/libogc/lib/wii/libwiiuse.a(motion_plus.o)
                              /opt/devkitpro/libogc/lib/wii/libwiiuse.a(wpad.o) (wiiuse_set_motion_plus)
/opt/devkitpro/libogc/lib/wii/libwiiuse.a(dynamics.o)
                              /opt/devkitpro/libogc/lib/wii/libwiiuse.a(wpad.o) (calculate_gforce)
/opt/devkitpro/libogc/lib/wii/libwiiuse.a(io.o)
                              /opt/devkitpro/libogc/lib/wii/libwiiuse.a(motion_plus.o) (wiiuse_disable_expansion)
/opt/devkitpro/libogc/lib/wii/libwiiuse.a(io_wii.o)
                              /opt/devkitpro/libogc/lib/wii/libwiiuse.a(wpad.o) (__wiiuse_sensorbar_enable)
/opt/devkitpro/libogc/lib/wii/libwiiuse.a(ir.o)
                              /opt/devkitpro/libogc/lib/wii/libwiiuse.a(motion_plus.o) (wiiuse_set_ir_mode)
/opt/devkitpro/libogc/lib/wii/libwiiuse.a(nunchuk.o)
                              /opt/devkitpro/libogc/lib/wii/libwiiuse.a(io.o) (nunchuk_handshake)
/opt/devkitpro/libogc/lib/wii/libwiiuse.a(wiiboard.o)
                              /opt/devkitpro/libogc/lib/wii/libwiiuse.a(io.o) (wii_board_handshake)
/opt/devkitpro/libogc/lib/wii/libwiiuse.a(wiiuse.o)
                              /opt/devkitpro/libogc/lib/wii/libwiiuse.a(wpad.o) (wiiuse_init)
/opt/devkitpro/libogc/lib/wii/libwiiuse.a(speaker.o)
                              /opt/devkitpro/libogc/lib/wii/libwiiuse.a(wpad.o) (wencdata)
/opt/devkitpro/libogc/lib/wii/libwiiuse.a(classic.o)
                              /opt/devkitpro/libogc/lib/wii/libwiiuse.a(io.o) (classic_ctrl_handshake)
/opt/devkitpro/libogc/lib/wii/libwiiuse.a(events.o)
                              /opt/devkitpro/libogc/lib/wii/libwiiuse.a(io_wii.o) (parse_event)
/opt/devkitpro/libogc/lib/wii/libwiiuse.a(guitar_hero_3.o)
                              /opt/devkitpro/libogc/lib/wii/libwiiuse.a(io.o) (guitar_hero_3_handshake)
/opt/devkitpro/libogc/lib/wii/libbte.a(bte.o)
                              /opt/devkitpro/libogc/lib/wii/libwiiuse.a(wpad.o) (BTE_Init)
/opt/devkitpro/libogc/lib/wii/libbte.a(hci.o)
                              /opt/devkitpro/libogc/lib/wii/libbte.a(bte.o) (hci_init)
/opt/devkitpro/libogc/lib/wii/libbte.a(l2cap.o)
                              /opt/devkitpro/libogc/lib/wii/libbte.a(bte.o) (l2cap_init)
/opt/devkitpro/libogc/lib/wii/libbte.a(btmemb.o)
                              /opt/devkitpro/libogc/lib/wii/libbte.a(bte.o) (btmemb_init)
/opt/devkitpro/libogc/lib/wii/libbte.a(btmemr.o)
                              /opt/devkitpro/libogc/lib/wii/libbte.a(hci.o) (btmemr_init)
/opt/devkitpro/libogc/lib/wii/libbte.a(btpbuf.o)
                              /opt/devkitpro/libogc/lib/wii/libbte.a(hci.o) (btpbuf_init)
/opt/devkitpro/libogc/lib/wii/libbte.a(physbusif.o)
                              /opt/devkitpro/libogc/lib/wii/libbte.a(bte.o) (physbusif_init)
/opt/devkitpro/libogc/lib/wii/libogc.a(console.o)
                              main.o (CON_Init)
/opt/devkitpro/libogc/lib/wii/libogc.a(lwp_queue.o)
                              /opt/devkitpro/libogc/lib/wii/libwiiuse.a(io_wii.o) (__lwp_queue_initialize)
/opt/devkitpro/libogc/lib/wii/libogc.a(lwp_threads.o)
                              /opt/devkitpro/libogc/lib/wii/libwiiuse.a(wpad.o) (_thread_dispatch_disable_level)
/opt/devkitpro/libogc/lib/wii/libogc.a(lwp.o)
                              /opt/devkitpro/libogc/lib/wii/libbte.a(bte.o) (LWP_InitQueue)
/opt/devkitpro/libogc/lib/wii/libogc.a(lwp_handler.o)
[...]
Memory Configuration

Name             Origin             Length             Attributes
*default*        0x0000000000000000 0xffffffffffffffff

Linker script and memory map

                0x0000000000003400                . = 0x3400

.stub
 *(.stub)
                0x0000000080004000                . = 0x80004000

.init           0x0000000080004000      0x194
 *crt0.o(*.init)
 .init          0x0000000080004000      0x170 /opt/devkitpro/libogc/lib/wii/libogc.a(ogc_crt0.o)
                0x0000000080004000                _start
                0x0000000080004140                _memset
 *(.init)
 .init          0x0000000080004170        0xc /opt/devkitpro/devkitPPC/lib/gcc/powerpc-eabi/4.6.3/ecrti.o
                0x0000000080004170                __init
 .init          0x000000008000417c        0x4 /opt/devkitpro/devkitPPC/lib/gcc/powerpc-eabi/4.6.3/crtbegin.o
 .init          0x0000000080004180        0x4 /opt/devkitpro/devkitPPC/lib/gcc/powerpc-eabi/4.6.3/crtend.o
 .init          0x0000000080004184       0x10 /opt/devkitpro/devkitPPC/lib/gcc/powerpc-eabi/4.6.3/ecrtn.o

.rela.dyn       0x0000000080004194        0x0
 .rela.iplt     0x0000000000000000        0x0 /opt/devkitpro/devkitPPC/lib/gcc/powerpc-eabi/4.6.3/crtbegin.o

.plt
 *(.plt)

.interp
 *(.interp)

.hash
 *(.hash)

.dynsym
 *(.dynsym)

.dynstr
 *(.dynstr)

.gnu.version
 *(.gnu.version)

.gnu.version_d
 *(.gnu.version_d)

.gnu.version_r
 *(.gnu.version_r)

.rel.init
 *(.rel.init)

.rela.init      0x0000000080004194        0x0
 *(.rela.init)
 .rela.init     0x0000000000000000        0x0 /opt/devkitpro/devkitPPC/lib/gcc/powerpc-eabi/4.6.3/crtbegin.o

.rel.text
 *(.rel.text .rel.text.* .rel.gnu.linkonce.t.*)

.rela.text      0x0000000080004194        0x0
 *(.rela.text .rela.text.* .rela.gnu.linkonce.t.*)
 .rela.text     0x0000000000000000        0x0 /opt/devkitpro/devkitPPC/lib/gcc/powerpc-eabi/4.6.3/crtbegin.o
 .rela.text.fatUnmount
                0x0000000000000000        0x0 /opt/devkitpro/devkitPPC/lib/gcc/powerpc-eabi/4.6.3/crtbegin.o
 .rela.text.fatInit
                0x0000000000000000        0x0 /opt/devkitpro/devkitPPC/lib/gcc/powerpc-eabi/4.6.3/crtbegin.o
 .rela.text.fatGetVolumeLabel
                0x0000000000000000        0x0 /opt/devkitpro/devkitPPC/lib/gcc/powerpc-eabi/4.6.3/crtbegin.o
 .rela.text._FAT_directory_entryGetAlias
                0x0000000000000000        0x0 /opt/devkitpro/devkitPPC/lib/gcc/powerpc-eabi/4.6.3/crtbegin.o
 .rela.text.get_io_wiisd
                0x0000000000000000        0x0 /opt/devkitpro/devkitPPC/lib/gcc/powerpc-eabi/4.6.3/crtbegin.o
 .rela.text.get_io_usbstorage
                0x0000000000000000        0x0 /opt/devkitpro/devkitPPC/lib/gcc/powerpc-eabi/4.6.3/crtbegin.o
 .rela.text.get_io_gcsda
                0x0000000000000000        0x0 /opt/devkitpro/devkitPPC/lib/gcc/powerpc-eabi/4.6.3/crtbegin.o
 .rela.text.get_io_gcsdb
                0x0000000000000000        0x0 /opt/devkitpro/devkitPPC/lib/gcc/powerpc-eabi/4.6.3/crtbegin.o
 .rela.text.wiiuse_handshake_expansion
                0x0000000000000000        0x0 /opt/devkitpro/devkitPPC/lib/gcc/powerpc-eabi/4.6.3/crtbegin.o
 .rela.text.wiiuse_handshake
                0x0000000000000000        0x0 /opt/devkitpro/devkitPPC/lib/gcc/powerpc-eabi/4.6.3/crtbegin.o
 .rela.text.wiiuse_init_cmd_queue
                0x0000000000000000        0x0 /opt/devkitpro/devkitPPC/lib/gcc/powerpc-eabi/4.6.3/crtbegin.o
 .rela.text.wiiuse_init
                0x0000000000000000        0x0 /opt/devkitpro/devkitPPC/lib/gcc/powerpc-eabi/4.6.3/crtbegin.o
 .rela.text.bt_alarmhandler
                0x0000000000000000        0x0 /opt/devkitpro/devkitPPC/lib/gcc/powerpc-eabi/4.6.3/crtbegin.o
 .rela.text.__console_init
                0x0000000000000000        0x0 /opt/devkitpro/devkitPPC/lib/gcc/powerpc-eabi/4.6.3/crtbegin.o
 .rela.text.__console_init_ex
                0x0000000000000000        0x0 /opt/devkitpro/devkitPPC/lib/gcc/powerpc-eabi/4.6.3/crtbegin.o
 .rela.text.CON_EnableGecko
                0x0000000000000000        0x0 /opt/devkitpro/devkitPPC/lib/gcc/powerpc-eabi/4.6.3/crtbegin.o
 .rela.text.__lwp_thread_calcheir
                0x0000000000000000        0x0 /opt/devkitpro/devkitPPC/lib/gcc/powerpc-eabi/4.6.3/crtbegin.o
 .rela.text.__lwp_wd_insert_ticks.constprop.4
                0x0000000000000000        0x0 /opt/devkitpro/devkitPPC/lib/gcc/powerpc-eabi/4.6.3/crtbegin.o
 .rela.text.__lwp_rotate_readyqueue
                0x0000000000000000        0x0 /opt/devkitpro/devkitPPC/lib/gcc/powerpc-eabi/4.6.3/crtbegin.o
 .rela.text.__lwp_thread_setpriority
                0x0000000000000000        0x0 /opt/devkitpro/devkitPPC/lib/gcc/powerpc-eabi/4.6.3/crtbegin.o
 .rela.text.__lwp_thread_close
                0x0000000000000000        0x0 /opt/devkitpro/devkitPPC/lib/gcc/powerpc-eabi/4.6.3/crtbegin.o
 .rela.text.__lwp_thread_closeall
                0x0000000000000000        0x0 /opt/devkitpro/devkitPPC/lib/gcc/powerpc-eabi/4.6.3/crtbegin.o
 .rela.text.__lwp_thread_startmultitasking
                0x0000000000000000        0x0 /opt/devkitpro/devkitPPC/lib/gcc/powerpc-eabi/4.6.3/crtbegin.o
 .rela.text.__lwp_thread_stopmultitasking
                0x0000000000000000        0x0 /opt/devkitpro/devkitPPC/lib/gcc/powerpc-eabi/4.6.3/crtbegin.o
 .rela.text.__lwp_thread_coreinit
                0x0000000000000000        0x0 /opt/devkitpro/devkitPPC/lib/gcc/powerpc-eabi/4.6.3/crtbegin.o
 .rela.text.__lwp_cntrl_free
                0x0000000000000000        0x0 /opt/devkitpro/devkitPPC/lib/gcc/powerpc-eabi/4.6.3/crtbegin.o
 .rela.text.__lwp_tqueue_open
                0x0000000000000000        0x0 /opt/devkitpro/devkitPPC/lib/gcc/powerpc-eabi/4.6.3/crtbegin.o
 .rela.text.__lwp_cntrl_open
                0x0000000000000000        0x0 /opt/devkitpro/devkitPPC/lib/gcc/powerpc-eabi/4.6.3/crtbegin.o
 .rela.text.__lwp_sysinit
                0x0000000000000000        0x0 /opt/devkitpro/devkitPPC/lib/gcc/powerpc-eabi/4.6.3/crtbegin.o
 .rela.text.__lwp_thread_isalive
                0x0000000000000000        0x0 /opt/devkitpro/devkitPPC/lib/gcc/powerpc-eabi/4.6.3/crtbegin.o
 .rela.text.__lwp_thread_exists
                0x0000000000000000        0x0 /opt/devkitpro/devkitPPC/lib/gcc/powerpc-eabi/4.6.3/crtbegin.o
 .rela.text.__lwp_thread_context
                0x0000000000000000        0x0 /opt/devkitpro/devkitPPC/lib/gcc/powerpc-eabi/4.6.3/crtbegin.o
 .rela.text.LWP_CreateThread
                0x0000000000000000        0x0 /opt/devkitpro/devkitPPC/lib/gcc/powerpc-eabi/4.6.3/crtbegin.o
 .rela.text.LWP_InitQueue
                0x0000000000000000        0x0 /opt/devkitpro/devkitPPC/lib/gcc/powerpc-eabi/4.6.3/crtbegin.o
 .rela.text.LWP_CloseQueue
                0x0000000000000000        0x0 /opt/devkitpro/devkitPPC/lib/gcc/powerpc-eabi/4.6.3/crtbegin.o
 .rela.text.__lwp_stack_allocate
                0x0000000000000000        0x0 /opt/devkitpro/devkitPPC/lib/gcc/powerpc-eabi/4.6.3/crtbegin.o
 .rela.text.__lwp_stack_free
                0x0000000000000000        0x0 /opt/devkitpro/devkitPPC/lib/gcc/powerpc-eabi/4.6.3/crtbegin.o
 .rela.text.__lwp_watchdog_init
                0x0000000000000000        0x0 /opt/devkitpro/devkitPPC/lib/gcc/powerpc-eabi/4.6.3/crtbegin.o
 .rela.text.__lwp_wd_tickle
                0x0000000000000000        0x0 /opt/devkitpro/devkitPPC/lib/gcc/powerpc-eabi/4.6.3/crtbegin.o
 .rela.text.__lwp_wkspace_heapfree
                0x0000000000000000        0x0 /opt/devkitpro/devkitPPC/lib/gcc/powerpc-eabi/4.6.3/crtbegin.o
 .rela.text.__lwp_wkspace_heapused
                0x0000000000000000        0x0 /opt/devkitpro/devkitPPC/lib/gcc/powerpc-eabi/4.6.3/crtbegin.o
 .rela.text.__lwp_wkspace_init
                0x0000000000000000        0x0 /opt/devkitpro/devkitPPC/lib/gcc/powerpc-eabi/4.6.3/crtbegin.o
 .rela.text.__lwp_objmgr_initinfo
                0x0000000000000000        0x0 /opt/devkitpro/devkitPPC/lib/gcc/powerpc-eabi/4.6.3/crtbegin.o
 .rela.text.__irq_init
                0x0000000000000000        0x0 /opt/devkitpro/devkitPPC/lib/gcc/powerpc-eabi/4.6.3/crtbegin.o
 .rela.text.__lwp_mutex_locksupp.constprop.7
                0x0000000000000000        0x0 /opt/devkitpro/devkitPPC/lib/gcc/powerpc-eabi/4.6.3/crtbegin.o
 .rela.text.__lwp_mutex_init
                0x0000000000000000        0x0 /opt/devkitpro/devkitPPC/lib/gcc/powerpc-eabi/4.6.3/crtbegin.o
 .rela.text.LWP_MutexInit
                0x0000000000000000        0x0 /opt/devkitpro/devkitPPC/lib/gcc/powerpc-eabi/4.6.3/crtbegin.o
 .rela.text.LWP_MutexDestroy
                0x0000000000000000        0x0 /opt/devkitpro/devkitPPC/lib/gcc/powerpc-eabi/4.6.3/crtbegin.o
 .rela.text.LWP_MutexUnlock
                0x0000000000000000        0x0 /opt/devkitpro/devkitPPC/lib/gcc/powerpc-eabi/4.6.3/crtbegin.o
 .rela.text.__call_resetfuncs
                0x0000000000000000        0x0 /opt/devkitpro/devkitPPC/lib/gcc/powerpc-eabi/4.6.3/crtbegin.o
 .rela.text.__locksram
                0x0000000000000000        0x0 /opt/devkitpro/devkitPPC/lib/gcc/powerpc-eabi/4.6.3/crtbegin.o
 .rela.text.__lwp_wd_insert_ticks
                0x0000000000000000        0x0 /opt/devkitpro/devkitPPC/lib/gcc/powerpc-eabi/4.6.3/crtbegin.o
 .rela.text.__unlocksram
                0x0000000000000000        0x0 /opt/devkitpro/devkitPPC/lib/gcc/powerpc-eabi/4.6.3/crtbegin.o
 .rela.text.__sram_writecallback
                0x0000000000000000        0x0 /opt/devkitpro/devkitPPC/lib/gcc/powerpc-eabi/4.6.3/crtbegin.o
 .rela.text.__sram_init
                0x0000000000000000        0x0 /opt/devkitpro/devkitPPC/lib/gcc/powerpc-eabi/4.6.3/crtbegin.o
 .rela.text.__SYS_SyncSram
                0x0000000000000000        0x0 /opt/devkitpro/devkitPPC/lib/gcc/powerpc-eabi/4.6.3/crtbegin.o
 .rela.text.SYS_Init
                0x0000000000000000        0x0 /opt/devkitpro/devkitPPC/lib/gcc/powerpc-eabi/4.6.3/crtbegin.o
 .rela.text.SYS_RemoveAlarm
                0x0000000000000000        0x0 /opt/devkitpro/devkitPPC/lib/gcc/powerpc-eabi/4.6.3/crtbegin.o
 .rela.text.SYS_CancelAlarm
                0x0000000000000000        0x0 /opt/devkitpro/devkitPPC/lib/gcc/powerpc-eabi/4.6.3/crtbegin.o
 .rela.text.__lwp_cond_open
                0x0000000000000000        0x0 /opt/devkitpro/devkitPPC/lib/gcc/powerpc-eabi/4.6.3/crtbegin.o
 .rela.text.__lwp_cond_init
                0x0000000000000000        0x0 /opt/devkitpro/devkitPPC/lib/gcc/powerpc-eabi/4.6.3/crtbegin.o
 .rela.text.LWP_CondInit
                0x0000000000000000        0x0 /opt/devkitpro/devkitPPC/lib/gcc/powerpc-eabi/4.6.3/crtbegin.o
 .rela.text.LWP_CondDestroy
                0x0000000000000000        0x0 /opt/devkitpro/devkitPPC/lib/gcc/powerpc-eabi/4.6.3/crtbegin.o
 .rela.text.c_decrementer_handler
                0x0000000000000000        0x0 /opt/devkitpro/devkitPPC/lib/gcc/powerpc-eabi/4.6.3/crtbegin.o
 .rela.text.__lwp_mqbox_free
                0x0000000000000000        0x0 /opt/devkitpro/devkitPPC/lib/gcc/powerpc-eabi/4.6.3/crtbegin.o
 .rela.text.__lwp_mqbox_open
                0x0000000000000000        0x0 /opt/devkitpro/devkitPPC/lib/gcc/powerpc-eabi/4.6.3/crtbegin.o
 .rela.text.__lwp_mqbox_init
                0x0000000000000000        0x0 /opt/devkitpro/devkitPPC/lib/gcc/powerpc-eabi/4.6.3/crtbegin.o
 .rela.text.MQ_Init
                0x0000000000000000        0x0 /opt/devkitpro/devkitPPC/lib/gcc/powerpc-eabi/4.6.3/crtbegin.o
 .rela.text.__ios_ioctlvformat_parse
                0x0000000000000000        0x0 /opt/devkitpro/devkitPPC/lib/gcc/powerpc-eabi/4.6.3/crtbegin.o
 .rela.text.__ioctlvfmtCB
                0x0000000000000000        0x0 /opt/devkitpro/devkitPPC/lib/gcc/powerpc-eabi/4.6.3/crtbegin.o
 .rela.text.IOS_IoctlvFormat
                0x0000000000000000        0x0 /opt/devkitpro/devkitPPC/lib/gcc/powerpc-eabi/4.6.3/crtbegin.o
 .rela.text.IOS_IoctlvFormatAsync
                0x0000000000000000        0x0 /opt/devkitpro/devkitPPC/lib/gcc/powerpc-eabi/4.6.3/crtbegin.o
 .rela.text.nanosleep
                0x0000000000000000        0x0 /opt/devkitpro/devkitPPC/lib/gcc/powerpc-eabi/4.6.3/crtbegin.o
 .rela.text.__libc_delete_hook
                0x0000000000000000        0x0 /opt/devkitpro/devkitPPC/lib/gcc/powerpc-eabi/4.6.3/crtbegin.o
 .rela.text.__libc_init
                0x0000000000000000        0x0 /opt/devkitpro/devkitPPC/lib/gcc/powerpc-eabi/4.6.3/crtbegin.o
 .rela.text.__libc_wrapup
                0x0000000000000000        0x0 /opt/devkitpro/devkitPPC/lib/gcc/powerpc-eabi/4.6.3/crtbegin.o
 .rela.text.__CheckARGV
                0x0000000000000000        0x0 /opt/devkitpro/devkitPPC/lib/gcc/powerpc-eabi/4.6.3/crtbegin.o
 .rela.text.__lwp_priority_init
                0x0000000000000000        0x0 /opt/devkitpro/devkitPPC/lib/gcc/powerpc-eabi/4.6.3/crtbegin.o
 .rela.text.__lwp_wd_remove_ticks
                0x0000000000000000        0x0 /opt/devkitpro/devkitPPC/lib/gcc/powerpc-eabi/4.6.3/crtbegin.o
 .rela.text.__lwp_threadqueue_enqueue
                0x0000000000000000        0x0 /opt/devkitpro/devkitPPC/lib/gcc/powerpc-eabi/4.6.3/crtbegin.o
 .rela.text.__lwpmq_initialize
                0x0000000000000000        0x0 /opt/devkitpro/devkitPPC/lib/gcc/powerpc-eabi/4.6.3/crtbegin.o
 .rela.text.__lwpmq_close
                0x0000000000000000        0x0 /opt/devkitpro/devkitPPC/lib/gcc/powerpc-eabi/4.6.3/crtbegin.o
 .rela.text.__systemcall_init
                0x0000000000000000        0x0 /opt/devkitpro/devkitPPC/lib/gcc/powerpc-eabi/4.6.3/crtbegin.o
 .rela.text.__exception_init
                0x0000000000000000        0x0 /opt/devkitpro/devkitPPC/lib/gcc/powerpc-eabi/4.6.3/crtbegin.o
 .rela.text.__exception_close
                0x0000000000000000        0x0 /opt/devkitpro/devkitPPC/lib/gcc/powerpc-eabi/4.6.3/crtbegin.o
 .rela.text.__exception_sethandler
                0x0000000000000000        0x0 /opt/devkitpro/devkitPPC/lib/gcc/powerpc-eabi/4.6.3/crtbegin.o
 .rela.text.__lwp_sema_open
                0x0000000000000000        0x0 /opt/devkitpro/devkitPPC/lib/gcc/powerpc-eabi/4.6.3/crtbegin.o
 .rela.text.__lwp_sema_init
                0x0000000000000000        0x0 /opt/devkitpro/devkitPPC/lib/gcc/powerpc-eabi/4.6.3/crtbegin.o
 .rela.text.LWP_SemInit
                0x0000000000000000        0x0 /opt/devkitpro/devkitPPC/lib/gcc/powerpc-eabi/4.6.3/crtbegin.o
 .rela.text.LWP_SemDestroy
                0x0000000000000000        0x0 /opt/devkitpro/devkitPPC/lib/gcc/powerpc-eabi/4.6.3/crtbegin.o
 .rela.text.__GX_FifoLink
                0x0000000000000000        0x0 /opt/devkitpro/devkitPPC/lib/gcc/powerpc-eabi/4.6.3/crtbegin.o
 .rela.text.__GX_WriteFifoIntEnable
                0x0000000000000000        0x0 /opt/devkitpro/devkitPPC/lib/gcc/powerpc-eabi/4.6.3/crtbegin.o
 .rela.text.__GX_FifoReadEnable
                0x0000000000000000        0x0 /opt/devkitpro/devkitPPC/lib/gcc/powerpc-eabi/4.6.3/crtbegin.o
 .rela.text.__GX_FifoReadDisable
                0x0000000000000000        0x0 /opt/devkitpro/devkitPPC/lib/gcc/powerpc-eabi/4.6.3/crtbegin.o
 .rela.text.__GX_InitRevBits
                0x0000000000000000        0x0 /opt/devkitpro/devkitPPC/lib/gcc/powerpc-eabi/4.6.3/crtbegin.o
 .rela.text.__GXDefTexRegionCallback
                0x0000000000000000        0x0 /opt/devkitpro/devkitPPC/lib/gcc/powerpc-eabi/4.6.3/crtbegin.o
 .rela.text.__GXDefTlutRegionCallback
                0x0000000000000000        0x0 /opt/devkitpro/devkitPPC/lib/gcc/powerpc-eabi/4.6.3/crtbegin.o
 .rela.text.__GX_FlushTextureState
                0x0000000000000000        0x0 /opt/devkitpro/devkitPPC/lib/gcc/powerpc-eabi/4.6.3/crtbegin.o
 .rela.text.__SetSURegs
                0x0000000000000000        0x0 /opt/devkitpro/devkitPPC/lib/gcc/powerpc-eabi/4.6.3/crtbegin.o
 .rela.text.__SETVCDFMT
                0x0000000000000000        0x0 /opt/devkitpro/devkitPPC/lib/gcc/powerpc-eabi/4.6.3/crtbegin.o
 .rela.text.__GX_SetMatrixIndex
                0x0000000000000000        0x0 /opt/devkitpro/devkitPPC/lib/gcc/powerpc-eabi/4.6.3/crtbegin.o
 .rela.text.__GX_SetDirtyState
                0x0000000000000000        0x0 /opt/devkitpro/devkitPPC/lib/gcc/powerpc-eabi/4.6.3/crtbegin.o
 .rela.text.__SETVCDATTR
                0x0000000000000000        0x0 /opt/devkitpro/devkitPPC/lib/gcc/powerpc-eabi/4.6.3/crtbegin.o
 .rela.text.__GX_WriteFifoIntReset.constprop.6
                0x0000000000000000        0x0 /opt/devkitpro/devkitPPC/lib/gcc/powerpc-eabi/4.6.3/crtbegin.o
 .rela.text.__GXCPInterruptHandler
                0x0000000000000000        0x0 /opt/devkitpro/devkitPPC/lib/gcc/powerpc-eabi/4.6.3/crtbegin.o
 .rela.text.GX_Flush
                0x0000000000000000        0x0 /opt/devkitpro/devkitPPC/lib/gcc/powerpc-eabi/4.6.3/crtbegin.o
 .rela.text.GX_EnableBreakPt
                0x0000000000000000        0x0 /opt/devkitpro/devkitPPC/lib/gcc/powerpc-eabi/4.6.3/crtbegin.o
 .rela.text.GX_DisableBreakPt
                0x0000000000000000        0x0 /opt/devkitpro/devkitPPC/lib/gcc/powerpc-eabi/4.6.3/crtbegin.o
 .rela.text.GX_AbortFrame
                0x0000000000000000        0x0 /opt/devkitpro/devkitPPC/lib/gcc/powerpc-eabi/4.6.3/crtbegin.o
 .rela.text.GX_PixModeSync
                0x0000000000000000        0x0 /opt/devkitpro/devkitPPC/lib/gcc/powerpc-eabi/4.6.3/crtbegin.o
 .rela.text.GX_SetMisc
                0x0000000000000000        0x0 /opt/devkitpro/devkitPPC/lib/gcc/powerpc-eabi/4.6.3/crtbegin.o
 .rela.text.GX_SetCopyClamp
                0x0000000000000000        0x0 /opt/devkitpro/devkitPPC/lib/gcc/powerpc-eabi/4.6.3/crtbegin.o
 .rela.text.GX_SetDispCopyGamma
                0x0000000000000000        0x0 /opt/devkitpro/devkitPPC/lib/gcc/powerpc-eabi/4.6.3/crtbegin.o
 .rela.text.GX_SetDispCopyFrame2Field
                0x0000000000000000        0x0 /opt/devkitpro/devkitPPC/lib/gcc/powerpc-eabi/4.6.3/crtbegin.o
 .rela.text.GX_SetDispCopyYScale
                0x0000000000000000        0x0 /opt/devkitpro/devkitPPC/lib/gcc/powerpc-eabi/4.6.3/crtbegin.o
 .rela.text.GX_SetDispCopyDst
                0x0000000000000000        0x0 /opt/devkitpro/devkitPPC/lib/gcc/powerpc-eabi/4.6.3/crtbegin.o
 .rela.text.GX_SetDispCopySrc
                0x0000000000000000        0x0 /opt/devkitpro/devkitPPC/lib/gcc/powerpc-eabi/4.6.3/crtbegin.o
 .rela.text.GX_CopyDisp
                0x0000000000000000        0x0 /opt/devkitpro/devkitPPC/lib/gcc/powerpc-eabi/4.6.3/crtbegin.o
 .rela.text.GX_CopyTex
                0x0000000000000000        0x0 /opt/devkitpro/devkitPPC/lib/gcc/powerpc-eabi/4.6.3/crtbegin.o
 .rela.text.GX_SetTexCopySrc
                0x0000000000000000        0x0 /opt/devkitpro/devkitPPC/lib/gcc/powerpc-eabi/4.6.3/crtbegin.o
 .rela.text.GX_SetTexCopyDst
                0x0000000000000000        0x0 /opt/devkitpro/devkitPPC/lib/gcc/powerpc-eabi/4.6.3/crtbegin.o
 .rela.text.GX_BeginDispList
                0x0000000000000000        0x0 /opt/devkitpro/devkitPPC/lib/gcc/powerpc-eabi/4.6.3/crtbegin.o
 .rela.text.GX_EndDispList
                0x0000000000000000        0x0 /opt/devkitpro/devkitPPC/lib/gcc/powerpc-eabi/4.6.3/crtbegin.o
 .rela.text.GX_CallDispList
                0x0000000000000000        0x0 /opt/devkitpro/devkitPPC/lib/gcc/powerpc-eabi/4.6.3/crtbegin.o
 .rela.text.GX_SetChanCtrl
                0x0000000000000000        0x0 /opt/devkitpro/devkitPPC/lib/gcc/powerpc-eabi/4.6.3/crtbegin.o
 .rela.text.GX_SetChanAmbColor
                0x0000000000000000        0x0 /opt/devkitpro/devkitPPC/lib/gcc/powerpc-eabi/4.6.3/crtbegin.o
 .rela.text.GX_SetChanMatColor
                0x0000000000000000        0x0 /opt/devkitpro/devkitPPC/lib/gcc/powerpc-eabi/4.6.3/crtbegin.o
 .rela.text.GX_SetVtxDesc
                0x0000000000000000        0x0 /opt/devkitpro/devkitPPC/lib/gcc/powerpc-eabi/4.6.3/crtbegin.o
 .rela.text.GX_SetVtxDescv
                0x0000000000000000        0x0 /opt/devkitpro/devkitPPC/lib/gcc/powerpc-eabi/4.6.3/crtbegin.o
 .rela.text.GX_GetVtxDescv
                0x0000000000000000        0x0 /opt/devkitpro/devkitPPC/lib/gcc/powerpc-eabi/4.6.3/crtbegin.o
 .rela.text.GX_SetVtxAttrFmt
                0x0000000000000000        0x0 /opt/devkitpro/devkitPPC/lib/gcc/powerpc-eabi/4.6.3/crtbegin.o
 .rela.text.GX_SetVtxAttrFmtv
                0x0000000000000000        0x0 /opt/devkitpro/devkitPPC/lib/gcc/powerpc-eabi/4.6.3/crtbegin.o
 .rela.text.GX_Begin
                0x0000000000000000        0x0 /opt/devkitpro/devkitPPC/lib/gcc/powerpc-eabi/4.6.3/crtbegin.o
 .rela.text.GX_SetTexCoordGen2
                0x0000000000000000        0x0 /opt/devkitpro/devkitPPC/lib/gcc/powerpc-eabi/4.6.3/crtbegin.o
 .rela.text.GX_SetCurrentMtx
                0x0000000000000000        0x0 /opt/devkitpro/devkitPPC/lib/gcc/powerpc-eabi/4.6.3/crtbegin.o
 .rela.text.GX_SetNumTexGens
                0x0000000000000000        0x0 /opt/devkitpro/devkitPPC/lib/gcc/powerpc-eabi/4.6.3/crtbegin.o
 .rela.text.GX_SetZMode
                0x0000000000000000        0x0 /opt/devkitpro/devkitPPC/lib/gcc/powerpc-eabi/4.6.3/crtbegin.o
 .rela.text.GX_LoadTexObjPreloaded
                0x0000000000000000        0x0 /opt/devkitpro/devkitPPC/lib/gcc/powerpc-eabi/4.6.3/crtbegin.o
 .rela.text.GX_SetTexCoordScaleManually
                0x0000000000000000        0x0 /opt/devkitpro/devkitPPC/lib/gcc/powerpc-eabi/4.6.3/crtbegin.o
 .rela.text.GX_SetTexCoordCylWrap
                0x0000000000000000        0x0 /opt/devkitpro/devkitPPC/lib/gcc/powerpc-eabi/4.6.3/crtbegin.o
 .rela.text.GX_SetTexCoordBias
                0x0000000000000000        0x0 /opt/devkitpro/devkitPPC/lib/gcc/powerpc-eabi/4.6.3/crtbegin.o
 .rela.text.GX_SetBlendMode
                0x0000000000000000        0x0 /opt/devkitpro/devkitPPC/lib/gcc/powerpc-eabi/4.6.3/crtbegin.o
 .rela.text.GX_ClearVtxDesc
                0x0000000000000000        0x0 /opt/devkitpro/devkitPPC/lib/gcc/powerpc-eabi/4.6.3/crtbegin.o
 .rela.text.GX_SetLineWidth
                0x0000000000000000        0x0 /opt/devkitpro/devkitPPC/lib/gcc/powerpc-eabi/4.6.3/crtbegin.o
 .rela.text.GX_SetPointSize
                0x0000000000000000        0x0 /opt/devkitpro/devkitPPC/lib/gcc/powerpc-eabi/4.6.3/crtbegin.o
 .rela.text.GX_SetTevColorIn
                0x0000000000000000        0x0 /opt/devkitpro/devkitPPC/lib/gcc/powerpc-eabi/4.6.3/crtbegin.o
 .rela.text.GX_SetTevAlphaIn
                0x0000000000000000        0x0 /opt/devkitpro/devkitPPC/lib/gcc/powerpc-eabi/4.6.3/crtbegin.o
 .rela.text.GX_SetTevColorOp
                0x0000000000000000        0x0 /opt/devkitpro/devkitPPC/lib/gcc/powerpc-eabi/4.6.3/crtbegin.o
 .rela.text.GX_SetTevAlphaOp
                0x0000000000000000        0x0 /opt/devkitpro/devkitPPC/lib/gcc/powerpc-eabi/4.6.3/crtbegin.o
 .rela.text.GX_SetCullMode
                0x0000000000000000        0x0 /opt/devkitpro/devkitPPC/lib/gcc/powerpc-eabi/4.6.3/crtbegin.o
 .rela.text.GX_SetCoPlanar
                0x0000000000000000        0x0 /opt/devkitpro/devkitPPC/lib/gcc/powerpc-eabi/4.6.3/crtbegin.o
 .rela.text.GX_EnableTexOffsets
                0x0000000000000000        0x0 /opt/devkitpro/devkitPPC/lib/gcc/powerpc-eabi/4.6.3/crtbegin.o
 .rela.text.GX_SetScissor
                0x0000000000000000        0x0 /opt/devkitpro/devkitPPC/lib/gcc/powerpc-eabi/4.6.3/crtbegin.o
 .rela.text.GX_SetNumChans
                0x0000000000000000        0x0 /opt/devkitpro/devkitPPC/lib/gcc/powerpc-eabi/4.6.3/crtbegin.o
 .rela.text.GX_SetTevOrder
                0x0000000000000000        0x0 /opt/devkitpro/devkitPPC/lib/gcc/powerpc-eabi/4.6.3/crtbegin.o
 .rela.text.GX_SetNumTevStages
                0x0000000000000000        0x0 /opt/devkitpro/devkitPPC/lib/gcc/powerpc-eabi/4.6.3/crtbegin.o
 .rela.text.GX_SetTevKColorSel
                0x0000000000000000        0x0 /opt/devkitpro/devkitPPC/lib/gcc/powerpc-eabi/4.6.3/crtbegin.o
 .rela.text.GX_SetTevKAlphaSel
                0x0000000000000000        0x0 /opt/devkitpro/devkitPPC/lib/gcc/powerpc-eabi/4.6.3/crtbegin.o
 .rela.text.GX_SetTevSwapMode
                0x0000000000000000        0x0 /opt/devkitpro/devkitPPC/lib/gcc/powerpc-eabi/4.6.3/crtbegin.o
 .rela.text.GX_SetTevSwapModeTable
                0x0000000000000000        0x0 /opt/devkitpro/devkitPPC/lib/gcc/powerpc-eabi/4.6.3/crtbegin.o
 .rela.text.GX_SetNumIndStages
                0x0000000000000000        0x0 /opt/devkitpro/devkitPPC/lib/gcc/powerpc-eabi/4.6.3/crtbegin.o
 .rela.text.GX_SetIndTexCoordScale
                0x0000000000000000        0x0 /opt/devkitpro/devkitPPC/lib/gcc/powerpc-eabi/4.6.3/crtbegin.o
 .rela.text.GX_SetColorUpdate
                0x0000000000000000        0x0 /opt/devkitpro/devkitPPC/lib/gcc/powerpc-eabi/4.6.3/crtbegin.o
 .rela.text.GX_SetAlphaUpdate
                0x0000000000000000        0x0 /opt/devkitpro/devkitPPC/lib/gcc/powerpc-eabi/4.6.3/crtbegin.o
 .rela.text.GX_SetZCompLoc
                0x0000000000000000        0x0 /opt/devkitpro/devkitPPC/lib/gcc/powerpc-eabi/4.6.3/crtbegin.o
 .rela.text.GX_SetPixelFmt
                0x0000000000000000        0x0 /opt/devkitpro/devkitPPC/lib/gcc/powerpc-eabi/4.6.3/crtbegin.o
 .rela.text.GX_SetDither
                0x0000000000000000        0x0 /opt/devkitpro/devkitPPC/lib/gcc/powerpc-eabi/4.6.3/crtbegin.o
 .rela.text.GX_SetDstAlpha
                0x0000000000000000        0x0 /opt/devkitpro/devkitPPC/lib/gcc/powerpc-eabi/4.6.3/crtbegin.o
 .rela.text.GX_SetFieldMode
                0x0000000000000000        0x0 /opt/devkitpro/devkitPPC/lib/gcc/powerpc-eabi/4.6.3/crtbegin.o
 .rela.text.GX_SetIndTexOrder
                0x0000000000000000        0x0 /opt/devkitpro/devkitPPC/lib/gcc/powerpc-eabi/4.6.3/crtbegin.o
 .rela.text.GX_SetGPMetric
                0x0000000000000000        0x0 /opt/devkitpro/devkitPPC/lib/gcc/powerpc-eabi/4.6.3/crtbegin.o
 .rela.text.GX_Init
                0x0000000000000000        0x0 /opt/devkitpro/devkitPPC/lib/gcc/powerpc-eabi/4.6.3/crtbegin.o
 .rela.text.GX_ReadGPMetric
                0x0000000000000000        0x0 /opt/devkitpro/devkitPPC/lib/gcc/powerpc-eabi/4.6.3/crtbegin.o
 .rela.text.kprintf
                0x0000000000000000        0x0 /opt/devkitpro/devkitPPC/lib/gcc/powerpc-eabi/4.6.3/crtbegin.o
 .rela.text.__card_readcid
                0x0000000000000000        0x0 /opt/devkitpro/devkitPPC/lib/gcc/powerpc-eabi/4.6.3/crtbegin.o
 .rela.text.__card_readcsd
                0x0000000000000000        0x0 /opt/devkitpro/devkitPPC/lib/gcc/powerpc-eabi/4.6.3/crtbegin.o
 .rela.text.__card_sd_status
                0x0000000000000000        0x0 /opt/devkitpro/devkitPPC/lib/gcc/powerpc-eabi/4.6.3/crtbegin.o
 .rela.text.sdgecko_initIO
                0x0000000000000000        0x0 /opt/devkitpro/devkitPPC/lib/gcc/powerpc-eabi/4.6.3/crtbegin.o
 .rela.text.atangent
                0x0000000000000000        0x0 /opt/devkitpro/devkitPPC/lib/gcc/powerpc-eabi/4.6.3/crtbegin.o
 .rela.text.atangentf
                0x0000000000000000        0x0 /opt/devkitpro/devkitPPC/lib/gcc/powerpc-eabi/4.6.3/crtbegin.o
 .rela.text.sinef
                0x0000000000000000        0x0 /opt/devkitpro/devkitPPC/lib/gcc/powerpc-eabi/4.6.3/crtbegin.o
 .rela.text.sqrtf
                0x0000000000000000        0x0 /opt/devkitpro/devkitPPC/lib/gcc/powerpc-eabi/4.6.3/crtbegin.o
 .rela.text.calloc
                0x0000000000000000        0x0 /opt/devkitpro/devkitPPC/lib/gcc/powerpc-eabi/4.6.3/crtbegin.o
 .rela.text.__errno
                0x0000000000000000        0x0 /opt/devkitpro/devkitPPC/lib/gcc/powerpc-eabi/4.6.3/crtbegin.o
 .rela.text.exit
                0x0000000000000000        0x0 /opt/devkitpro/devkitPPC/lib/gcc/powerpc-eabi/4.6.3/crtbegin.o
 .rela.text.fclose
                0x0000000000000000        0x0 /opt/devkitpro/devkitPPC/lib/gcc/powerpc-eabi/4.6.3/crtbegin.o
 .rela.text.fflush
                0x0000000000000000        0x0 /opt/devkitpro/devkitPPC/lib/gcc/powerpc-eabi/4.6.3/crtbegin.o
 .rela.text.fgets
                0x0000000000000000        0x0 /opt/devkitpro/devkitPPC/lib/gcc/powerpc-eabi/4.6.3/crtbegin.o
 .rela.text.std.isra.0
                0x0000000000000000        0x0 /opt/devkitpro/devkitPPC/lib/gcc/powerpc-eabi/4.6.3/crtbegin.o
 .rela.text._cleanup
                0x0000000000000000        0x0 /opt/devkitpro/devkitPPC/lib/gcc/powerpc-eabi/4.6.3/crtbegin.o
 .rela.text.__sfp
                0x0000000000000000        0x0 /opt/devkitpro/devkitPPC/lib/gcc/powerpc-eabi/4.6.3/crtbegin.o
 .rela.text.__fp_lock_all
                0x0000000000000000        0x0 /opt/devkitpro/devkitPPC/lib/gcc/powerpc-eabi/4.6.3/crtbegin.o
 .rela.text.__fp_unlock_all
                0x0000000000000000        0x0 /opt/devkitpro/devkitPPC/lib/gcc/powerpc-eabi/4.6.3/crtbegin.o
 .rela.text._fopen_r
                0x0000000000000000        0x0 /opt/devkitpro/devkitPPC/lib/gcc/powerpc-eabi/4.6.3/crtbegin.o
 .rela.text.fopen
                0x0000000000000000        0x0 /opt/devkitpro/devkitPPC/lib/gcc/powerpc-eabi/4.6.3/crtbegin.o
 .rela.text.fprintf
                0x0000000000000000        0x0 /opt/devkitpro/devkitPPC/lib/gcc/powerpc-eabi/4.6.3/crtbegin.o
 .rela.text.fputs
                0x0000000000000000        0x0 /opt/devkitpro/devkitPPC/lib/gcc/powerpc-eabi/4.6.3/crtbegin.o
 .rela.text._malloc_trim_r
                0x0000000000000000        0x0 /opt/devkitpro/devkitPPC/lib/gcc/powerpc-eabi/4.6.3/crtbegin.o
 .rela.text._free_r
                0x0000000000000000        0x0 /opt/devkitpro/devkitPPC/lib/gcc/powerpc-eabi/4.6.3/crtbegin.o
 .rela.text._fseek_r
                0x0000000000000000        0x0 /opt/devkitpro/devkitPPC/lib/gcc/powerpc-eabi/4.6.3/crtbegin.o
 .rela.text.fseek
                0x0000000000000000        0x0 /opt/devkitpro/devkitPPC/lib/gcc/powerpc-eabi/4.6.3/crtbegin.o
 .rela.text.fwrite
                0x0000000000000000        0x0 /opt/devkitpro/devkitPPC/lib/gcc/powerpc-eabi/4.6.3/crtbegin.o
 .rela.text.loadlocale
                0x0000000000000000        0x0 /opt/devkitpro/devkitPPC/lib/gcc/powerpc-eabi/4.6.3/crtbegin.o
 .rela.text.__smakebuf_r
                0x0000000000000000        0x0 /opt/devkitpro/devkitPPC/lib/gcc/powerpc-eabi/4.6.3/crtbegin.o
 .rela.text._mbrtowc_r
                0x0000000000000000        0x0 /opt/devkitpro/devkitPPC/lib/gcc/powerpc-eabi/4.6.3/crtbegin.o
 .rela.text.mbrtowc
                0x0000000000000000        0x0 /opt/devkitpro/devkitPPC/lib/gcc/powerpc-eabi/4.6.3/crtbegin.o
 .rela.text.mktime
                0x0000000000000000        0x0 /opt/devkitpro/devkitPPC/lib/gcc/powerpc-eabi/4.6.3/crtbegin.o
 .rela.text._mktm_r
                0x0000000000000000        0x0 /opt/devkitpro/devkitPPC/lib/gcc/powerpc-eabi/4.6.3/crtbegin.o
 .rela.text._wcrtomb_r
                0x0000000000000000        0x0 /opt/devkitpro/devkitPPC/lib/gcc/powerpc-eabi/4.6.3/crtbegin.o
 .rela.text.wcrtomb
                0x0000000000000000        0x0 /opt/devkitpro/devkitPPC/lib/gcc/powerpc-eabi/4.6.3/crtbegin.o
 .rela.text.wctob
                0x0000000000000000        0x0 /opt/devkitpro/devkitPPC/lib/gcc/powerpc-eabi/4.6.3/crtbegin.o
 .rela.text.__call_exitprocs
                0x0000000000000000        0x0 /opt/devkitpro/devkitPPC/lib/gcc/powerpc-eabi/4.6.3/crtbegin.o
 .rela.text._dtoa_r
                0x0000000000000000        0x0 /opt/devkitpro/devkitPPC/lib/gcc/powerpc-eabi/4.6.3/crtbegin.o
 .rela.text._findenv_r
                0x0000000000000000        0x0 /opt/devkitpro/devkitPPC/lib/gcc/powerpc-eabi/4.6.3/crtbegin.o

.rel.fini
 *(.rel.fini)

.rela.fini
 *(.rela.fini)

.rel.rodata
 *(.rel.rodata .rel.rodata.* .rel.gnu.linkonce.r.*)

.rela.rodata    0x0000000080004194        0x0
 *(.rela.rodata .rela.rodata.* .rela.gnu.linkonce.r.*)
 .rela.rodata.dotab_fat
                0x0000000000000000        0x0 /opt/devkitpro/devkitPPC/lib/gcc/powerpc-eabi/4.6.3/crtbegin.o

.rel.data
 *(.rel.data .rel.data.* .rel.gnu.linkonce.d.*)

.rela.data
 *(.rela.data .rela.data.* .rela.gnu.linkonce.d.*)

.rel.tdata
 *(.rel.tdata .rel.tdata.* .rel.gnu.linkonce.td.*)

.rela.tdata
 *(.rela.tdata .rela.tdata.* .rela.gnu.linkonce.td.*)

.rel.tbss
 *(.rel.tbss .rel.tbss.* .rel.gnu.linkonce.tb.*)

.rela.tbss
 *(.rela.tbss .rela.tbss.* .rela.gnu.linkonce.tb.*)

.rel.ctors
 *(.rel.ctors)

.rela.ctors
 *(.rela.ctors)

.rel.dtors
 *(.rel.dtors)

.rela.dtors
 *(.rela.dtors)

.rel.got
 *(.rel.got)

.rela.got
 *(.rela.got)

.rela.got1
 *(.rela.got1)

.rela.got2      0x0000000080004194        0x0
 *(.rela.got2)
 .rela.got2     0x0000000000000000        0x0 /opt/devkitpro/devkitPPC/lib/gcc/powerpc-eabi/4.6.3/crtbegin.o

.rel.sdata
 *(.rel.sdata .rel.sdata.* .rel.gnu.linkonce.s.*)

.rela.sdata
 *(.rela.sdata .rela.sdata.* .rela.gnu.linkonce.s.*)

.rel.sbss
 *(.rel.sbss .rel.sbss.* .rel.gnu.linkonce.sb.*)

.rela.sbss
 *(.rela.sbss .rela.sbss.* .rel.gnu.linkonce.sb.*)

.rel.sdata2
 *(.rel.sdata2 .rel.sdata2.* .rel.gnu.linkonce.s2.*)

.rela.sdata2
 *(.rela.sdata2 .rela.sdata2.* .rela.gnu.linkonce.s2.*)

.rel.sbss2
 *(.rel.sbss2 .rel.sbss2.* .rel.gnu.linkonce.sb2.*)

.rela.sbss2
 *(.rela.sbss2 .rela.sbss2.* .rela.gnu.linkonce.sb2.*)

.rel.bss
 *(.rel.bss .rel.bss.* .rel.gnu.linkonce.b.*)

.rela.bss
 *(.rela.bss .rela.bss.* .rela.gnu.linkonce.b.*)

.rel.plt
 *(.rel.plt)

.rela.plt
 *(.rela.plt)

.text           0x00000000800041a0    0x3f140
 *(.text)
 .text          0x00000000800041a0      0x168 /opt/devkitpro/devkitPPC/lib/gcc/powerpc-eabi/4.6.3/crtbegin.o
 .text          0x0000000080004308       0x44 /opt/devkitpro/devkitPPC/lib/gcc/powerpc-eabi/4.6.3/../../../../powerpc-eabi/lib/crtmain.o
                0x000000008000430c                __crtmain
 *fill*         0x000000008000434c       0x14 00000000
 .text          0x0000000080004360      0x44c /opt/devkitpro/libogc/lib/wii/libogc.a(lwp_handler.o)
                0x0000000080004360                _cpu_context_save_fp
                0x00000000800044a0                _cpu_context_restore_fp
                0x00000000800045e0                _cpu_context_switch
                0x00000000800046c0                _cpu_context_save
                0x0000000080004740                _cpu_context_restore
 .text          0x00000000800047ac      0x4a0 /opt/devkitpro/libogc/lib/wii/libogc.a(system_asm.o)
                0x00000000800047ac                __realmode
                0x00000000800047c4                __configBATS
                0x00000000800048f4                __InitFPRS
                0x0000000080004a20                __InitPS
                0x0000000080004a7c                __InitCache
                0x0000000080004ad4                __InitSystem
                0x0000000080004b5c                __flush_cache
                0x0000000080004b90                __reset
                0x0000000080004c00                __InitBATS
                0x0000000080004c1c                SYS_SwitchFiber
 .text          0x0000000080004c4c      0x1ac /opt/devkitpro/libogc/lib/wii/libogc.a(irq_handler.o)
                0x0000000080004c4c                irq_exceptionhandler
 .text          0x0000000080004df8      0x4f4 /opt/devkitpro/libogc/lib/wii/libogc.a(cache_asm.o)
                0x0000000080004df8                DCFlashInvalidate
                0x0000000080004e0c                DCEnable
                0x0000000080004e20                DCDisable
                0x0000000080004e34                DCFreeze
                0x0000000080004e48                DCUnfreeze
                0x0000000080004e5c                DCTouchLoad
                0x0000000080004e64                DCBlockZero
                0x0000000080004e6c                DCBlockStore
                0x0000000080004e74                DCBlockFlush
                0x0000000080004e7c                DCBlockInvalidate
                0x0000000080004e84                DCInvalidateRange
                0x0000000080004eb4                DCFlushRange
                0x0000000080004ee8                DCStoreRange
                0x0000000080004f1c                DCFlushRangeNoSync
                0x0000000080004f4c                DCStoreRangeNoSync
                0x0000000080004f7c                DCZeroRange
                0x0000000080004fac                DCTouchRange
                0x0000000080004fdc                ICInvalidateRange
                0x0000000080005014                ICFlashInvalidate
                0x0000000080005028                ICEnable
                0x000000008000503c                ICDisable
                0x0000000080005050                ICFreeze
                0x0000000080005064                ICUnfreeze
                0x0000000080005078                ICBlockInvalidate
                0x0000000080005080                ICSync
                0x0000000080005088                L2Init
                0x00000000800050d0                L2Enable
                0x00000000800050ec                L2Disable
                0x0000000080005104                L2GlobalInvalidate
                0x000000008000515c                __LCEnable
                0x0000000080005228                LCDisable
                0x0000000080005250                LCAllocOneTag
                0x0000000080005264                LCAllocTags
                0x00000000800052a4                LCLoadBlocks
                0x00000000800052c8                LCStoreBlocks
 .text          0x00000000800052ec      0x1ac /opt/devkitpro/libogc/lib/wii/libogc.a(decrementer_handler.o)
                0x00000000800052ec                dec_exceptionhandler
 .text          0x0000000080005498      0x35c /opt/devkitpro/libogc/lib/wii/libogc.a(exception_handler.o)
                0x0000000080005498                exceptionhandler_start
                0x0000000080005514                exceptionhandler_patch
                0x0000000080005548                exceptionhandler_end
                0x000000008000554c                default_exceptionhandler
                0x000000008000567c                fpu_exceptionhandler
                0x00000000800057c4                systemcallhandler_start
                0x00000000800057f0                systemcallhandler_end
 .text          0x00000000800057f4       0x40 /opt/devkitpro/devkitPPC/lib/gcc/powerpc-eabi/4.6.3/libgcc.a(_ashldi3.o)
                0x00000000800057f4                __ashldi3
 .text          0x0000000080005834      0x448 /opt/devkitpro/devkitPPC/lib/gcc/powerpc-eabi/4.6.3/libgcc.a(_divdi3.o)
                0x0000000080005834                __divdi3
 .text          0x0000000080005c7c      0x400 /opt/devkitpro/devkitPPC/lib/gcc/powerpc-eabi/4.6.3/libgcc.a(_udivdi3.o)
                0x0000000080005c7c                __udivdi3
 .text          0x000000008000607c      0x3d4 /opt/devkitpro/devkitPPC/lib/gcc/powerpc-eabi/4.6.3/libgcc.a(_umoddi3.o)
                0x000000008000607c                __umoddi3
 .text          0x0000000080006450       0x48 /opt/devkitpro/devkitPPC/lib/gcc/powerpc-eabi/4.6.3/libgcc.a(eabi.o)
                0x0000000080006450                __eabi
 .text          0x0000000080006498       0x4c /opt/devkitpro/devkitPPC/lib/gcc/powerpc-eabi/4.6.3/libgcc.a(crtsavfpr.o)
                0x0000000080006498                _savefpr_14
                0x000000008000649c                _savefpr_15
                0x00000000800064a0                _savefpr_16
                0x00000000800064a4                _savefpr_17
                0x00000000800064a8                _savefpr_18
                0x00000000800064ac                _savefpr_19
                0x00000000800064b0                _savefpr_20
                0x00000000800064b4                _savefpr_21
                0x00000000800064b8                _savefpr_22
                0x00000000800064bc                _savefpr_23
                0x00000000800064c0                _savefpr_24
                0x00000000800064c4                _savefpr_25
                0x00000000800064c8                _savefpr_26
                0x00000000800064cc                _savefpr_27
                0x00000000800064d0                _savefpr_28
                0x00000000800064d4                _savefpr_29
                0x00000000800064d8                _savefpr_30
                0x00000000800064dc                _savefpr_31
 .text          0x00000000800064e4       0x4c /opt/devkitpro/devkitPPC/lib/gcc/powerpc-eabi/4.6.3/libgcc.a(crtsavgpr.o)
                0x00000000800064e4                _savegpr_14
                0x00000000800064e8                _savegpr_15
                0x00000000800064ec                _savegpr_16
                0x00000000800064f0                _savegpr_17
                0x00000000800064f4                _savegpr_18
                0x00000000800064f8                _savegpr_19
                0x00000000800064fc                _savegpr_20
                0x0000000080006500                _savegpr_21
                0x0000000080006504                _savegpr_22
                0x0000000080006508                _savegpr_23
                0x000000008000650c                _savegpr_24
                0x0000000080006510                _savegpr_25
                0x0000000080006514                _savegpr_26
                0x0000000080006518                _savegpr_27
                0x000000008000651c                _savegpr_28
                0x0000000080006520                _savegpr_29
                0x0000000080006524                _savegpr_30
                0x0000000080006528                _savegpr_31
 .text          0x0000000080006530       0x4c /opt/devkitpro/devkitPPC/lib/gcc/powerpc-eabi/4.6.3/libgcc.a(crtresgpr.o)
                0x0000000080006530                _restgpr_14
                0x0000000080006534                _restgpr_15
                0x0000000080006538                _restgpr_16
                0x000000008000653c                _restgpr_17
                0x0000000080006540                _restgpr_18
                0x0000000080006544                _restgpr_19
                0x0000000080006548                _restgpr_20
                0x000000008000654c                _restgpr_21
                0x0000000080006550                _restgpr_22
                0x0000000080006554                _restgpr_23
                0x0000000080006558                _restgpr_24
                0x000000008000655c                _restgpr_25
                0x0000000080006560                _restgpr_26
                0x0000000080006564                _restgpr_27
                0x0000000080006568                _restgpr_28
                0x000000008000656c                _restgpr_29
                0x0000000080006570                _restgpr_30
                0x0000000080006574                _restgpr_31
 .text          0x000000008000657c       0x58 /opt/devkitpro/devkitPPC/lib/gcc/powerpc-eabi/4.6.3/libgcc.a(crtresxfpr.o)
                0x000000008000657c                _restfpr_14_x
                0x0000000080006580                _restfpr_15_x
                0x0000000080006584                _restfpr_16_x
                0x0000000080006588                _restfpr_17_x
                0x000000008000658c                _restfpr_18_x
                0x0000000080006590                _restfpr_19_x
                0x0000000080006594                _restfpr_20_x
                0x0000000080006598                _restfpr_21_x
                0x000000008000659c                _restfpr_22_x
                0x00000000800065a0                _restfpr_23_x
                0x00000000800065a4                _restfpr_24_x
                0x00000000800065a8                _restfpr_25_x
                0x00000000800065ac                _restfpr_26_x
                0x00000000800065b0                _restfpr_27_x
                0x00000000800065b4                _restfpr_28_x
                0x00000000800065b8                _restfpr_29_x
                0x00000000800065bc                _restfpr_30_x
                0x00000000800065c0                _restfpr_31_x
 .text          0x00000000800065d4       0x58 /opt/devkitpro/devkitPPC/lib/gcc/powerpc-eabi/4.6.3/libgcc.a(crtresxgpr.o)
                0x00000000800065d4                _restgpr_14_x
                0x00000000800065d8                _restgpr_15_x
                0x00000000800065dc                _restgpr_16_x
                0x00000000800065e0                _restgpr_17_x
                0x00000000800065e4                _restgpr_18_x
                0x00000000800065e8                _restgpr_19_x
                0x00000000800065ec                _restgpr_20_x
                0x00000000800065f0                _restgpr_21_x
                0x00000000800065f4                _restgpr_22_x
                0x00000000800065f8                _restgpr_23_x
                0x00000000800065fc                _restgpr_24_x
                0x0000000080006600                _restgpr_25_x
                0x0000000080006604                _restgpr_26_x
                0x0000000080006608                _restgpr_27_x
                0x000000008000660c                _restgpr_28_x
                0x0000000080006610                _restgpr_29_x
                0x0000000080006614                _restgpr_30_x
                0x0000000080006618                _restgpr_31_x
 .text          0x000000008000662c       0x28 /opt/devkitpro/devkitPPC/lib/gcc/powerpc-eabi/4.6.3/../../../../powerpc-eabi/lib/libsysbase.a(abort.o)
                0x000000008000662c                abort
 .text          0x0000000080006654      0x2ec /opt/devkitpro/devkitPPC/lib/gcc/powerpc-eabi/4.6.3/../../../../powerpc-eabi/lib/libsysbase.a(iosupport.o)
                0x0000000080006654                setDefaultDevice
                0x000000008000666c                FindDevice
                0x0000000080006790                RemoveDevice
                0x00000000800067e0                AddDevice
                0x00000000800068fc                GetDeviceOpTab
 .text          0x0000000080006940       0x28 /opt/devkitpro/devkitPPC/lib/gcc/powerpc-eabi/4.6.3/../../../../powerpc-eabi/lib/libsysbase.a(_exit.o)
                0x0000000080006940                _exit
 .text          0x0000000080006968      0x4cc /opt/devkitpro/devkitPPC/lib/gcc/powerpc-eabi/4.6.3/../../../../powerpc-eabi/lib/libsysbase.a(chdir.o)
                0x0000000080006968                _concatenate_path
                0x0000000080006bb8                chdir
                0x0000000080006d50                getcwd
 .text          0x0000000080006e34       0x90 /opt/devkitpro/devkitPPC/lib/gcc/powerpc-eabi/4.6.3/../../../../powerpc-eabi/lib/libsysbase.a(build_argv.o)
                0x0000000080006e34                build_argv
 .text          0x0000000080006ec4      0x168 /opt/devkitpro/devkitPPC/lib/gcc/powerpc-eabi/4.6.3/../../../../powerpc-eabi/lib/libsysbase.a(syscall_support.o)
                0x0000000080006ec4                __libc_lock_init
                0x0000000080006f04                __libc_lock_close
                0x0000000080006f44                __libc_lock_release
                0x0000000080006f84                __libc_lock_acquire
                0x0000000080006fc4                __malloc_lock
                0x0000000080006ff8                __malloc_unlock
 .text          0x000000008000702c       0x98 /opt/devkitpro/devkitPPC/lib/gcc/powerpc-eabi/4.6.3/../../../../powerpc-eabi/lib/libsysbase.a(close.o)
                0x000000008000702c                _close_r
 .text          0x00000000800070c4       0xc8 /opt/devkitpro/devkitPPC/lib/gcc/powerpc-eabi/4.6.3/../../../../powerpc-eabi/lib/libsysbase.a(fstat.o)
                0x00000000800070c4                _fstat_r
 .text          0x000000008000718c        0x8 /opt/devkitpro/devkitPPC/lib/gcc/powerpc-eabi/4.6.3/../../../../powerpc-eabi/lib/libsysbase.a(isatty.o)
                0x000000008000718c                _isatty_r
 .text          0x0000000080007194       0xcc /opt/devkitpro/devkitPPC/lib/gcc/powerpc-eabi/4.6.3/../../../../powerpc-eabi/lib/libsysbase.a(lseek.o)
                0x0000000080007194                _lseek_r
 .text          0x0000000080007260      0x14c /opt/devkitpro/devkitPPC/lib/gcc/powerpc-eabi/4.6.3/../../../../powerpc-eabi/lib/libsysbase.a(open.o)
                0x0000000080007260                _open_r
 .text          0x00000000800073ac       0xac /opt/devkitpro/devkitPPC/lib/gcc/powerpc-eabi/4.6.3/../../../../powerpc-eabi/lib/libsysbase.a(read.o)
                0x00000000800073ac                _read_r
 .text          0x0000000080007458       0x50 /opt/devkitpro/devkitPPC/lib/gcc/powerpc-eabi/4.6.3/../../../../powerpc-eabi/lib/libsysbase.a(sbrk.o)
                0x0000000080007458                _sbrk_r
 .text          0x00000000800074a8       0x80 /opt/devkitpro/devkitPPC/lib/gcc/powerpc-eabi/4.6.3/../../../../powerpc-eabi/lib/libsysbase.a(unlink.o)
                0x00000000800074a8                _unlink_r
 .text          0x0000000080007528       0xac /opt/devkitpro/devkitPPC/lib/gcc/powerpc-eabi/4.6.3/../../../../powerpc-eabi/lib/libsysbase.a(write.o)
                0x0000000080007528                _write_r
 .text          0x00000000800075d4       0x6c /opt/devkitpro/devkitPPC/lib/gcc/powerpc-eabi/4.6.3/../../../../powerpc-eabi/lib/libsysbase.a(flock.o)
                0x00000000800075d4                __flockfile
                0x000000008000761c                __funlockfile
 .text          0x0000000080007640      0x174 /opt/devkitpro/devkitPPC/lib/gcc/powerpc-eabi/4.6.3/../../../../powerpc-eabi/lib/libsysbase.a(handle_manager.o)
                0x0000000080007640                __release_handle
                0x000000008000769c                __alloc_handle
                0x0000000080007790                __get_handle
 .text          0x00000000800077b4       0x6c /opt/devkitpro/devkitPPC/lib/gcc/powerpc-eabi/4.6.3/crtend.o
 *(.text.*)
 .text.startup.main
                0x0000000080007820      0x1f8 main.o
                0x0000000080007820                main
 .text.tcp_write
                0x0000000080007a18      0x128 networkstuff.o
                0x0000000080007a18                tcp_write
 .text.httprep  0x0000000080007b40       0x94 networkstuff.o
                0x0000000080007b40                httprep
 .text.request_file
                0x0000000080007bd4      0x2a8 networkstuff.o
                0x0000000080007bd4                request_file
 .text.server_connect
                0x0000000080007e7c      0x104 networkstuff.o
                0x0000000080007e7c                server_connect
 .text.initialise_network
                0x0000000080007f80       0x84 networkstuff.o
                0x0000000080007f80                initialise_network
 .text.filedl   0x0000000080008004      0x1a0 networkstuff.o
                0x0000000080008004                filedl
 .text.fatMount
                0x00000000800081a4      0x120 /opt/devkitpro/libogc/lib/wii/libfat.a(libfat.o)
                0x00000000800081a4                fatMount
 .text.fatInit  0x00000000800082c4      0x19c /opt/devkitpro/libogc/lib/wii/libfat.a(libfat.o)
                0x00000000800082c4                fatInit
 .text.fatInitDefault
                0x0000000080008460        0xc /opt/devkitpro/libogc/lib/wii/libfat.a(libfat.o)
                0x0000000080008460                fatInitDefault
 .text.u8array_to_u16
                0x000000008000846c       0x18 /opt/devkitpro/libogc/lib/wii/libfat.a(partition.o)
 .text.u8array_to_u32
                0x0000000080008484       0x30 /opt/devkitpro/libogc/lib/wii/libfat.a(partition.o)
 .text.u32_to_u8array
                0x00000000800084b4       0x20 /opt/devkitpro/libogc/lib/wii/libfat.a(partition.o)
 .text.FindFirstValidPartition_buf
                0x00000000800084d4      0x1ec /opt/devkitpro/libogc/lib/wii/libfat.a(partition.o)
                0x00000000800084d4                FindFirstValidPartition_buf
 .text._FAT_partition_getPartitionFromPath
                0x00000000800086c0       0x34 /opt/devkitpro/libogc/lib/wii/libfat.a(partition.o)
                0x00000000800086c0                _FAT_partition_getPartitionFromPath
 .text._FAT_partition_createFSinfo
                0x00000000800086f4       0xec /opt/devkitpro/libogc/lib/wii/libfat.a(partition.o)
                0x00000000800086f4                _FAT_partition_createFSinfo
 .text._FAT_partition_readFSinfo
                0x00000000800087e0       0xe0 /opt/devkitpro/libogc/lib/wii/libfat.a(partition.o)
                0x00000000800087e0                _FAT_partition_readFSinfo
 .text._FAT_partition_constructor_buf
                0x00000000800088c0      0x384 /opt/devkitpro/libogc/lib/wii/libfat.a(partition.o)
                0x00000000800088c0                _FAT_partition_constructor_buf
 .text._FAT_partition_constructor
                0x0000000080008c44       0x68 /opt/devkitpro/libogc/lib/wii/libfat.a(partition.o)
                0x0000000080008c44                _FAT_partition_constructor
 .text._FAT_cache_getPage
                0x0000000080008cac      0x160 /opt/devkitpro/libogc/lib/wii/libfat.a(cache.o)
 .text._FAT_cache_constructor
                0x0000000080008e0c       0xd4 /opt/devkitpro/libogc/lib/wii/libfat.a(cache.o)
                0x0000000080008e0c                _FAT_cache_constructor
 .text._FAT_cache_readSectors
                0x0000000080008ee0       0xa0 /opt/devkitpro/libogc/lib/wii/libfat.a(cache.o)
                0x0000000080008ee0                _FAT_cache_readSectors
 .text._FAT_cache_readPartialSector
                0x0000000080008f80       0x80 /opt/devkitpro/libogc/lib/wii/libfat.a(cache.o)
                0x0000000080008f80                _FAT_cache_readPartialSector
 .text._FAT_cache_readLittleEndianValue
                0x0000000080009000       0x98 /opt/devkitpro/libogc/lib/wii/libfat.a(cache.o)
                0x0000000080009000                _FAT_cache_readLittleEndianValue
 .text._FAT_cache_writePartialSector
                0x0000000080009098       0x88 /opt/devkitpro/libogc/lib/wii/libfat.a(cache.o)
                0x0000000080009098                _FAT_cache_writePartialSector
 .text._FAT_cache_writeLittleEndianValue
                0x0000000080009120       0x84 /opt/devkitpro/libogc/lib/wii/libfat.a(cache.o)
                0x0000000080009120                _FAT_cache_writeLittleEndianValue
 .text._FAT_cache_eraseWritePartialSector
                0x00000000800091a4       0xa0 /opt/devkitpro/libogc/lib/wii/libfat.a(cache.o)
                0x00000000800091a4                _FAT_cache_eraseWritePartialSector
 .text._FAT_cache_writeSectors
                0x0000000080009244       0xa8 /opt/devkitpro/libogc/lib/wii/libfat.a(cache.o)
                0x0000000080009244                _FAT_cache_writeSectors
 .text._FAT_cache_flush
                0x00000000800092ec       0x8c /opt/devkitpro/libogc/lib/wii/libfat.a(cache.o)
                0x00000000800092ec                _FAT_cache_flush
 .text.u8array_to_u16
                0x0000000080009378       0x18 /opt/devkitpro/libogc/lib/wii/libfat.a(directory.o)
 .text.u16_to_u8array
                0x0000000080009390       0x10 /opt/devkitpro/libogc/lib/wii/libfat.a(directory.o)
 .text._FAT_directory_entryGetAlias
                0x00000000800093a0      0x124 /opt/devkitpro/libogc/lib/wii/libfat.a(directory.o)
 .text._FAT_directory_mbsncasecmp
                0x00000000800094c4       0xec /opt/devkitpro/libogc/lib/wii/libfat.a(directory.o)
 .text._FAT_directory_incrementDirEntryPosition
                0x00000000800095b0      0x104 /opt/devkitpro/libogc/lib/wii/libfat.a(directory.o)
 .text._FAT_fat_clusterToSector
                0x00000000800096b4       0x28 /opt/devkitpro/libogc/lib/wii/libfat.a(directory.o)
 .text._FAT_directory_ucs2tombs.constprop.6
                0x00000000800096dc       0xf8 /opt/devkitpro/libogc/lib/wii/libfat.a(directory.o)
 .text._FAT_directory_entryGetCluster
                0x00000000800097d4       0x54 /opt/devkitpro/libogc/lib/wii/libfat.a(directory.o)
                0x00000000800097d4                _FAT_directory_entryGetCluster
 .text._FAT_directory_getNextEntry
                0x0000000080009828      0x294 /opt/devkitpro/libogc/lib/wii/libfat.a(directory.o)
                0x0000000080009828                _FAT_directory_getNextEntry
 .text._FAT_directory_getFirstEntry
                0x0000000080009abc       0x28 /opt/devkitpro/libogc/lib/wii/libfat.a(directory.o)
                0x0000000080009abc                _FAT_directory_getFirstEntry
 .text._FAT_directory_entryExists
                0x0000000080009ae4       0xc4 /opt/devkitpro/libogc/lib/wii/libfat.a(directory.o)
 .text._FAT_directory_getRootEntry
                0x0000000080009ba8       0xa8 /opt/devkitpro/libogc/lib/wii/libfat.a(directory.o)
                0x0000000080009ba8                _FAT_directory_getRootEntry
 .text._FAT_directory_entryFromPosition
                0x0000000080009c50      0x19c /opt/devkitpro/libogc/lib/wii/libfat.a(directory.o)
                0x0000000080009c50                _FAT_directory_entryFromPosition
 .text._FAT_directory_entryFromPath
                0x0000000080009dec      0x29c /opt/devkitpro/libogc/lib/wii/libfat.a(directory.o)
                0x0000000080009dec                _FAT_directory_entryFromPath
 .text._FAT_directory_removeEntry
                0x000000008000a088       0xf0 /opt/devkitpro/libogc/lib/wii/libfat.a(directory.o)
                0x000000008000a088                _FAT_directory_removeEntry
 .text._FAT_directory_addEntry
                0x000000008000a178      0xa00 /opt/devkitpro/libogc/lib/wii/libfat.a(directory.o)
                0x000000008000a178                _FAT_directory_addEntry
 .text._FAT_directory_chdir
                0x000000008000ab78       0x60 /opt/devkitpro/libogc/lib/wii/libfat.a(directory.o)
                0x000000008000ab78                _FAT_directory_chdir
 .text._FAT_directory_entryStat
                0x000000008000abd8      0x174 /opt/devkitpro/libogc/lib/wii/libfat.a(directory.o)
                0x000000008000abd8                _FAT_directory_entryStat
 .text.get_io_wiisd
                0x000000008000ad4c        0xc /opt/devkitpro/libogc/lib/wii/libfat.a(disc.o)
 .text.get_io_usbstorage
                0x000000008000ad58        0xc /opt/devkitpro/libogc/lib/wii/libfat.a(disc.o)
 .text.get_io_gcsda
                0x000000008000ad64        0xc /opt/devkitpro/libogc/lib/wii/libfat.a(disc.o)
 .text.get_io_gcsdb
                0x000000008000ad70        0xc /opt/devkitpro/libogc/lib/wii/libfat.a(disc.o)
 .text.u16_to_u8array
                0x000000008000ad7c       0x10 /opt/devkitpro/libogc/lib/wii/libfat.a(fatdir.o)
 .text._FAT_lock.isra.4
                0x000000008000ad8c       0x20 /opt/devkitpro/libogc/lib/wii/libfat.a(fatdir.o)
 .text._FAT_unlock.isra.5
                0x000000008000adac       0x20 /opt/devkitpro/libogc/lib/wii/libfat.a(fatdir.o)
 .text._FAT_stat_r
                0x000000008000adcc       0xc4 /opt/devkitpro/libogc/lib/wii/libfat.a(fatdir.o)
                0x000000008000adcc                _FAT_stat_r
 .text._FAT_link_r
                0x000000008000ae90       0x10 /opt/devkitpro/libogc/lib/wii/libfat.a(fatdir.o)
                0x000000008000ae90                _FAT_link_r
 .text._FAT_unlink_r
                0x000000008000aea0      0x1cc /opt/devkitpro/libogc/lib/wii/libfat.a(fatdir.o)
                0x000000008000aea0                _FAT_unlink_r
 .text._FAT_chdir_r
                0x000000008000b06c       0xa0 /opt/devkitpro/libogc/lib/wii/libfat.a(fatdir.o)
                0x000000008000b06c                _FAT_chdir_r
 .text._FAT_rename_r
                0x000000008000b10c      0x238 /opt/devkitpro/libogc/lib/wii/libfat.a(fatdir.o)
                0x000000008000b10c                _FAT_rename_r
 .text._FAT_mkdir_r
                0x000000008000b344      0x358 /opt/devkitpro/libogc/lib/wii/libfat.a(fatdir.o)
                0x000000008000b344                _FAT_mkdir_r
 .text._FAT_statvfs_r
                0x000000008000b69c       0xe0 /opt/devkitpro/libogc/lib/wii/libfat.a(fatdir.o)
                0x000000008000b69c                _FAT_statvfs_r
 .text._FAT_diropen_r
                0x000000008000b77c      0x10c /opt/devkitpro/libogc/lib/wii/libfat.a(fatdir.o)
                0x000000008000b77c                _FAT_diropen_r
 .text._FAT_dirreset_r
                0x000000008000b888       0x74 /opt/devkitpro/libogc/lib/wii/libfat.a(fatdir.o)
                0x000000008000b888                _FAT_dirreset_r
 .text._FAT_dirnext_r
                0x000000008000b8fc       0xc4 /opt/devkitpro/libogc/lib/wii/libfat.a(fatdir.o)
                0x000000008000b8fc                _FAT_dirnext_r
 .text._FAT_dirclose_r
                0x000000008000b9c0       0x44 /opt/devkitpro/libogc/lib/wii/libfat.a(fatdir.o)
                0x000000008000b9c0                _FAT_dirclose_r
 .text.u16_to_u8array
                0x000000008000ba04       0x10 /opt/devkitpro/libogc/lib/wii/libfat.a(fatfile.o)
 .text._FAT_fat_clusterToSector
                0x000000008000ba14       0x28 /opt/devkitpro/libogc/lib/wii/libfat.a(fatfile.o)
 .text._FAT_lock.isra.4
                0x000000008000ba3c       0x20 /opt/devkitpro/libogc/lib/wii/libfat.a(fatfile.o)
 .text._FAT_unlock.isra.5
                0x000000008000ba5c       0x20 /opt/devkitpro/libogc/lib/wii/libfat.a(fatfile.o)
 .text._FAT_check_position_for_next_cluster.isra.6
                0x000000008000ba7c       0xf0 /opt/devkitpro/libogc/lib/wii/libfat.a(fatfile.o)
 .text._FAT_file_extend_r
                0x000000008000bb6c      0x2c0 /opt/devkitpro/libogc/lib/wii/libfat.a(fatfile.o)
 .text._FAT_open_r
                0x000000008000be2c      0x3f4 /opt/devkitpro/libogc/lib/wii/libfat.a(fatfile.o)
                0x000000008000be2c                _FAT_open_r
 .text._FAT_syncToDisc
                0x000000008000c220      0x158 /opt/devkitpro/libogc/lib/wii/libfat.a(fatfile.o)
                0x000000008000c220                _FAT_syncToDisc
 .text._FAT_close_r
                0x000000008000c378       0xc0 /opt/devkitpro/libogc/lib/wii/libfat.a(fatfile.o)
                0x000000008000c378                _FAT_close_r
 .text._FAT_read_r
                0x000000008000c438      0x3e4 /opt/devkitpro/libogc/lib/wii/libfat.a(fatfile.o)
                0x000000008000c438                _FAT_read_r
 .text._FAT_write_r
                0x000000008000c81c      0x564 /opt/devkitpro/libogc/lib/wii/libfat.a(fatfile.o)
                0x000000008000c81c                _FAT_write_r
 .text._FAT_seek_r
                0x000000008000cd80      0x1f8 /opt/devkitpro/libogc/lib/wii/libfat.a(fatfile.o)
                0x000000008000cd80                _FAT_seek_r
 .text._FAT_fstat_r
                0x000000008000cf78       0xc8 /opt/devkitpro/libogc/lib/wii/libfat.a(fatfile.o)
                0x000000008000cf78                _FAT_fstat_r
 .text._FAT_ftruncate_r
                0x000000008000d040      0x1f0 /opt/devkitpro/libogc/lib/wii/libfat.a(fatfile.o)
                0x000000008000d040                _FAT_ftruncate_r
 .text._FAT_fsync_r
                0x000000008000d230       0x70 /opt/devkitpro/libogc/lib/wii/libfat.a(fatfile.o)
                0x000000008000d230                _FAT_fsync_r
 .text._FAT_fat_writeFatEntry
                0x000000008000d2a0      0x1c0 /opt/devkitpro/libogc/lib/wii/libfat.a(file_allocation_table.o)
 .text._FAT_fat_nextCluster
                0x000000008000d460      0x190 /opt/devkitpro/libogc/lib/wii/libfat.a(file_allocation_table.o)
                0x000000008000d460                _FAT_fat_nextCluster
 .text._FAT_fat_linkFreeCluster
                0x000000008000d5f0       0xe8 /opt/devkitpro/libogc/lib/wii/libfat.a(file_allocation_table.o)
                0x000000008000d5f0                _FAT_fat_linkFreeCluster
 .text._FAT_fat_linkFreeClusterCleared
                0x000000008000d6d8       0xc0 /opt/devkitpro/libogc/lib/wii/libfat.a(file_allocation_table.o)
                0x000000008000d6d8                _FAT_fat_linkFreeClusterCleared
 .text._FAT_fat_clearLinks
                0x000000008000d798       0xb8 /opt/devkitpro/libogc/lib/wii/libfat.a(file_allocation_table.o)
                0x000000008000d798                _FAT_fat_clearLinks
 .text._FAT_fat_trimChain
                0x000000008000d850       0xb4 /opt/devkitpro/libogc/lib/wii/libfat.a(file_allocation_table.o)
                0x000000008000d850                _FAT_fat_trimChain
 .text._FAT_fat_lastCluster
                0x000000008000d904       0x68 /opt/devkitpro/libogc/lib/wii/libfat.a(file_allocation_table.o)
                0x000000008000d904                _FAT_fat_lastCluster
 .text._FAT_fat_freeClusterCount
                0x000000008000d96c       0x54 /opt/devkitpro/libogc/lib/wii/libfat.a(file_allocation_table.o)
                0x000000008000d96c                _FAT_fat_freeClusterCount
 .text._FAT_filetime_getTimeFromRTC
                0x000000008000d9c0       0x7c /opt/devkitpro/libogc/lib/wii/libfat.a(filetime.o)
                0x000000008000d9c0                _FAT_filetime_getTimeFromRTC
 .text._FAT_filetime_getDateFromRTC
                0x000000008000da3c       0x7c /opt/devkitpro/libogc/lib/wii/libfat.a(filetime.o)
                0x000000008000da3c                _FAT_filetime_getDateFromRTC
 .text._FAT_filetime_to_time_t
                0x000000008000dab8       0x64 /opt/devkitpro/libogc/lib/wii/libfat.a(filetime.o)
                0x000000008000dab8                _FAT_filetime_to_time_t
 .text.__wpad_assign_slot
                0x000000008000db1c      0x220 /opt/devkitpro/libogc/lib/wii/libwiiuse.a(wpad.o)
                0x000000008000db1c                __wpad_assign_slot
 .text.__wpad_def_powcb
                0x000000008000dd3c       0x20 /opt/devkitpro/libogc/lib/wii/libwiiuse.a(wpad.o)
 .text.__wpad_setfmt
                0x000000008000dd5c       0xf0 /opt/devkitpro/libogc/lib/wii/libwiiuse.a(wpad.o)
 .text.__readlinkkey_finished
                0x000000008000de4c       0x30 /opt/devkitpro/libogc/lib/wii/libwiiuse.a(wpad.o)
 .text.__wpad_patch_finished
                0x000000008000de7c       0x2c /opt/devkitpro/libogc/lib/wii/libwiiuse.a(wpad.o)
 .text.__wpad_eventCB
                0x000000008000dea8      0x958 /opt/devkitpro/libogc/lib/wii/libwiiuse.a(wpad.o)
 .text.__wpad_disconnectCB
                0x000000008000e800       0xe8 /opt/devkitpro/libogc/lib/wii/libwiiuse.a(wpad.o)
                0x000000008000e800                __wpad_disconnectCB
 .text.__wpad_timeouthandler
                0x000000008000e8e8       0x98 /opt/devkitpro/libogc/lib/wii/libwiiuse.a(wpad.o)
 .text.__initcore_finished
                0x000000008000e980       0x40 /opt/devkitpro/libogc/lib/wii/libwiiuse.a(wpad.o)
 .text.__wpad_init_finished
                0x000000008000e9c0      0x134 /opt/devkitpro/libogc/lib/wii/libwiiuse.a(wpad.o)
 .text.WPAD_ReadEvent
                0x000000008000eaf4      0x580 /opt/devkitpro/libogc/lib/wii/libwiiuse.a(wpad.o)
                0x000000008000eaf4                WPAD_ReadEvent
 .text.WPAD_ReadPending
                0x000000008000f074      0x10c /opt/devkitpro/libogc/lib/wii/libwiiuse.a(wpad.o)
                0x000000008000f074                WPAD_ReadPending
 .text.WPAD_Shutdown
                0x000000008000f180       0xdc /opt/devkitpro/libogc/lib/wii/libwiiuse.a(wpad.o)
                0x000000008000f180                WPAD_Shutdown
 .text.WPAD_Init
                0x000000008000f25c      0x240 /opt/devkitpro/libogc/lib/wii/libwiiuse.a(wpad.o)
                0x000000008000f25c                WPAD_Init
 .text.__wpad_onreset
                0x000000008000f49c       0x2c /opt/devkitpro/libogc/lib/wii/libwiiuse.a(wpad.o)
 .text.WPAD_ScanPads
                0x000000008000f4c8        0xc /opt/devkitpro/libogc/lib/wii/libwiiuse.a(wpad.o)
                0x000000008000f4c8                WPAD_ScanPads
 .text.WPAD_ButtonsDown
                0x000000008000f4d4       0x28 /opt/devkitpro/libogc/lib/wii/libwiiuse.a(wpad.o)
                0x000000008000f4d4                WPAD_ButtonsDown
 .text.motion_plus_disconnected
                0x000000008000f4fc       0x10 /opt/devkitpro/libogc/lib/wii/libwiiuse.a(motion_plus.o)
                0x000000008000f4fc                motion_plus_disconnected
 .text.motion_plus_event
                0x000000008000f50c       0x64 /opt/devkitpro/libogc/lib/wii/libwiiuse.a(motion_plus.o)
                0x000000008000f50c                motion_plus_event
 .text.calculate_gforce
                0x000000008000f570      0x114 /opt/devkitpro/libogc/lib/wii/libwiiuse.a(dynamics.o)
                0x000000008000f570                calculate_gforce
 .text.calc_joystick_state
                0x000000008000f684      0x21c /opt/devkitpro/libogc/lib/wii/libwiiuse.a(dynamics.o)
                0x000000008000f684                calc_joystick_state
 .text.apply_smoothing
                0x000000008000f8a0      0x148 /opt/devkitpro/libogc/lib/wii/libwiiuse.a(dynamics.o)
                0x000000008000f8a0                apply_smoothing
 .text.calculate_orientation
                0x000000008000f9e8      0x29c /opt/devkitpro/libogc/lib/wii/libwiiuse.a(dynamics.o)
                0x000000008000f9e8                calculate_orientation
 .text.calc_balanceboard_state
                0x000000008000fc84      0x36c /opt/devkitpro/libogc/lib/wii/libwiiuse.a(dynamics.o)
                0x000000008000fc84                calc_balanceboard_state
 .text.wiiuse_handshake_expansion
                0x000000008000fff0      0x1d4 /opt/devkitpro/libogc/lib/wii/libwiiuse.a(io.o)
                0x000000008000fff0                wiiuse_handshake_expansion
 .text.wiiuse_handshake
                0x00000000800101c4      0x150 /opt/devkitpro/libogc/lib/wii/libwiiuse.a(io.o)
                0x00000000800101c4                wiiuse_handshake
 .text.wiiuse_handshake_expansion_start
                0x0000000080010314       0x24 /opt/devkitpro/libogc/lib/wii/libwiiuse.a(io.o)
                0x0000000080010314                wiiuse_handshake_expansion_start
 .text.wiiuse_disable_expansion
                0x0000000080010338       0xc0 /opt/devkitpro/libogc/lib/wii/libwiiuse.a(io.o)
                0x0000000080010338                wiiuse_disable_expansion
 .text.__wiiuse_disconnected
                0x00000000800103f8       0x90 /opt/devkitpro/libogc/lib/wii/libwiiuse.a(io_wii.o)
 .text.__wiiuse_receive
                0x0000000080010488       0x8c /opt/devkitpro/libogc/lib/wii/libwiiuse.a(io_wii.o)
 .text.__wiiuse_connected
                0x0000000080010514       0x7c /opt/devkitpro/libogc/lib/wii/libwiiuse.a(io_wii.o)
 .text.__wiiuse_sensorbar_enable
                0x0000000080010590       0x48 /opt/devkitpro/libogc/lib/wii/libwiiuse.a(io_wii.o)
                0x0000000080010590                __wiiuse_sensorbar_enable
 .text.wiiuse_register
                0x00000000800105d8       0xa4 /opt/devkitpro/libogc/lib/wii/libwiiuse.a(io_wii.o)
                0x00000000800105d8                wiiuse_register
 .text.wiiuse_disconnect
                0x000000008001067c       0x40 /opt/devkitpro/libogc/lib/wii/libwiiuse.a(io_wii.o)
                0x000000008001067c                wiiuse_disconnect
 .text.wiiuse_init_cmd_queue
                0x00000000800106bc       0x84 /opt/devkitpro/libogc/lib/wii/libwiiuse.a(io_wii.o)
                0x00000000800106bc                wiiuse_init_cmd_queue
 .text.wiiuse_io_write
                0x0000000080010740       0x38 /opt/devkitpro/libogc/lib/wii/libwiiuse.a(io_wii.o)
                0x0000000080010740                wiiuse_io_write
 .text.get_ir_sens.isra.0
                0x0000000080010778       0xe8 /opt/devkitpro/libogc/lib/wii/libwiiuse.a(ir.o)
 .text.rotate_dots
                0x0000000080010860      0x110 /opt/devkitpro/libogc/lib/wii/libwiiuse.a(ir.o)
 .text.wiiuse_set_ir_mode
                0x0000000080010970       0x60 /opt/devkitpro/libogc/lib/wii/libwiiuse.a(ir.o)
                0x0000000080010970                wiiuse_set_ir_mode
 .text.wiiuse_set_ir
                0x00000000800109d0      0x190 /opt/devkitpro/libogc/lib/wii/libwiiuse.a(ir.o)
                0x00000000800109d0                wiiuse_set_ir
 .text.wiiuse_set_ir_position
                0x0000000080010b60       0x78 /opt/devkitpro/libogc/lib/wii/libwiiuse.a(ir.o)
                0x0000000080010b60                wiiuse_set_ir_position
 .text.wiiuse_set_aspect_ratio
                0x0000000080010bd8       0x3c /opt/devkitpro/libogc/lib/wii/libwiiuse.a(ir.o)
                0x0000000080010bd8                wiiuse_set_aspect_ratio
 .text.wiiuse_set_ir_sensitivity
                0x0000000080010c14       0xf8 /opt/devkitpro/libogc/lib/wii/libwiiuse.a(ir.o)
                0x0000000080010c14                wiiuse_set_ir_sensitivity
 .text.calculate_basic_ir
                0x0000000080010d0c       0xfc /opt/devkitpro/libogc/lib/wii/libwiiuse.a(ir.o)
                0x0000000080010d0c                calculate_basic_ir
 .text.calculate_extended_ir
                0x0000000080010e08       0x7c /opt/devkitpro/libogc/lib/wii/libwiiuse.a(ir.o)
                0x0000000080010e08                calculate_extended_ir
 .text.find_sensorbar
                0x0000000080010e84      0x7fc /opt/devkitpro/libogc/lib/wii/libwiiuse.a(ir.o)
                0x0000000080010e84                find_sensorbar
 .text.apply_ir_smoothing
                0x0000000080011680       0xd4 /opt/devkitpro/libogc/lib/wii/libwiiuse.a(ir.o)
                0x0000000080011680                apply_ir_smoothing
 .text.calc_yaw
                0x0000000080011754       0x54 /opt/devkitpro/libogc/lib/wii/libwiiuse.a(ir.o)
                0x0000000080011754                calc_yaw
 .text.interpret_ir_data
                0x00000000800117a8      0x370 /opt/devkitpro/libogc/lib/wii/libwiiuse.a(ir.o)
                0x00000000800117a8                interpret_ir_data
 .text.nunchuk_handshake
                0x0000000080011b18      0x228 /opt/devkitpro/libogc/lib/wii/libwiiuse.a(nunchuk.o)
                0x0000000080011b18                nunchuk_handshake
 .text.nunchuk_disconnected
                0x0000000080011d40       0x28 /opt/devkitpro/libogc/lib/wii/libwiiuse.a(nunchuk.o)
                0x0000000080011d40                nunchuk_disconnected
 .text.nunchuk_event
                0x0000000080011d68       0xe4 /opt/devkitpro/libogc/lib/wii/libwiiuse.a(nunchuk.o)
                0x0000000080011d68                nunchuk_event
 .text.wii_board_handshake
                0x0000000080011e4c      0x170 /opt/devkitpro/libogc/lib/wii/libwiiuse.a(wiiboard.o)
                0x0000000080011e4c                wii_board_handshake
 .text.wii_board_disconnected
                0x0000000080011fbc       0x28 /opt/devkitpro/libogc/lib/wii/libwiiuse.a(wiiboard.o)
                0x0000000080011fbc                wii_board_disconnected
 .text.wii_board_event
                0x0000000080011fe4       0x54 /opt/devkitpro/libogc/lib/wii/libwiiuse.a(wiiboard.o)
                0x0000000080011fe4                wii_board_event
 .text.wiiuse_send_next_command
                0x0000000080012038       0x6c /opt/devkitpro/libogc/lib/wii/libwiiuse.a(wiiuse.o)
                0x0000000080012038                wiiuse_send_next_command
 .text.__wiiuse_push_command
                0x00000000800120a4       0x94 /opt/devkitpro/libogc/lib/wii/libwiiuse.a(wiiuse.o)
 .text.wiiuse_init
                0x0000000080012138      0x154 /opt/devkitpro/libogc/lib/wii/libwiiuse.a(wiiuse.o)
                0x0000000080012138                wiiuse_init
 .text.wiiuse_set_flags
                0x000000008001228c       0x24 /opt/devkitpro/libogc/lib/wii/libwiiuse.a(wiiuse.o)
                0x000000008001228c                wiiuse_set_flags
 .text.wiiuse_read_data
                0x00000000800122b0       0x94 /opt/devkitpro/libogc/lib/wii/libwiiuse.a(wiiuse.o)
                0x00000000800122b0                wiiuse_read_data
 .text.wiiuse_write_data
                0x0000000080012344       0xc0 /opt/devkitpro/libogc/lib/wii/libwiiuse.a(wiiuse.o)
                0x0000000080012344                wiiuse_write_data
 .text.wiiuse_sendcmd
                0x0000000080012404       0x90 /opt/devkitpro/libogc/lib/wii/libwiiuse.a(wiiuse.o)
                0x0000000080012404                wiiuse_sendcmd
 .text.wiiuse_status
                0x0000000080012494       0x4c /opt/devkitpro/libogc/lib/wii/libwiiuse.a(wiiuse.o)
                0x0000000080012494                wiiuse_status
 .text.wiiuse_motion_sensing
                0x00000000800124e0       0x3c /opt/devkitpro/libogc/lib/wii/libwiiuse.a(wiiuse.o)
                0x00000000800124e0                wiiuse_motion_sensing
 .text.wiiuse_set_report_type
                0x000000008001251c       0xd0 /opt/devkitpro/libogc/lib/wii/libwiiuse.a(wiiuse.o)
                0x000000008001251c                wiiuse_set_report_type
 .text.wiiuse_set_leds
                0x00000000800125ec       0x50 /opt/devkitpro/libogc/lib/wii/libwiiuse.a(wiiuse.o)
                0x00000000800125ec                wiiuse_set_leds
 .text.wiiuse_set_speaker
                0x000000008001263c      0x1e4 /opt/devkitpro/libogc/lib/wii/libwiiuse.a(speaker.o)
                0x000000008001263c                wiiuse_set_speaker
 .text.classic_ctrl_handshake
                0x0000000080012820      0x188 /opt/devkitpro/libogc/lib/wii/libwiiuse.a(classic.o)
                0x0000000080012820                classic_ctrl_handshake
 .text.classic_ctrl_disconnected
                0x00000000800129a8       0x28 /opt/devkitpro/libogc/lib/wii/libwiiuse.a(classic.o)
                0x00000000800129a8                classic_ctrl_disconnected
 .text.classic_ctrl_event
                0x00000000800129d0       0xa4 /opt/devkitpro/libogc/lib/wii/libwiiuse.a(classic.o)
                0x00000000800129d0                classic_ctrl_event
 .text.handle_expansion
                0x0000000080012a74       0x70 /opt/devkitpro/libogc/lib/wii/libwiiuse.a(events.o)
 .text.wiiuse_pressed_buttons
                0x0000000080012ae4       0x2c /opt/devkitpro/libogc/lib/wii/libwiiuse.a(events.o)
                0x0000000080012ae4                wiiuse_pressed_buttons
 .text.parse_event
                0x0000000080012b10      0x540 /opt/devkitpro/libogc/lib/wii/libwiiuse.a(events.o)
                0x0000000080012b10                parse_event
 .text.guitar_hero_3_handshake
                0x0000000080013050       0x68 /opt/devkitpro/libogc/lib/wii/libwiiuse.a(guitar_hero_3.o)
                0x0000000080013050                guitar_hero_3_handshake
 .text.guitar_hero_3_disconnected
                0x00000000800130b8       0x28 /opt/devkitpro/libogc/lib/wii/libwiiuse.a(guitar_hero_3.o)
                0x00000000800130b8                guitar_hero_3_disconnected
 .text.guitar_hero_3_event
                0x00000000800130e0       0x68 /opt/devkitpro/libogc/lib/wii/libwiiuse.a(guitar_hero_3.o)
                0x00000000800130e0                guitar_hero_3_event
 .text.acl_wlp_completed
                0x0000000080013148        0x8 /opt/devkitpro/libogc/lib/wii/libbte.a(bte.o)
                0x0000000080013148                acl_wlp_completed
 .text.__bte_cmdfinish
                0x0000000080013150       0x9c /opt/devkitpro/libogc/lib/wii/libbte.a(bte.o)
 .text.bte_hci_initsub_complete
                0x00000000800131ec      0x12c /opt/devkitpro/libogc/lib/wii/libbte.a(bte.o)
                0x00000000800131ec                bte_hci_initsub_complete
 .text.bte_hci_initcore_complete2
                0x0000000080013318       0xf0 /opt/devkitpro/libogc/lib/wii/libbte.a(bte.o)
                0x0000000080013318                bte_hci_initcore_complete2
 .text.bte_hci_patch_complete
                0x0000000080013408      0x1b0 /opt/devkitpro/libogc/lib/wii/libbte.a(bte.o)
                0x0000000080013408                bte_hci_patch_complete
 .text.bte_hci_apply_patch_complete
                0x00000000800135b8       0xa8 /opt/devkitpro/libogc/lib/wii/libbte.a(bte.o)
                0x00000000800135b8                bte_hci_apply_patch_complete
 .text.bte_hci_initcore_complete
                0x0000000080013660      0x158 /opt/devkitpro/libogc/lib/wii/libbte.a(bte.o)
                0x0000000080013660                bte_hci_initcore_complete
 .text.__bte_close_ctrl_queue
                0x00000000800137b8       0x80 /opt/devkitpro/libogc/lib/wii/libbte.a(bte.o)
 .text.__bte_send_pending_request
                0x0000000080013838       0xb8 /opt/devkitpro/libogc/lib/wii/libbte.a(bte.o)
 .text.l2cap_disconnect_cfm
                0x00000000800138f0       0xe0 /opt/devkitpro/libogc/lib/wii/libbte.a(bte.o)
                0x00000000800138f0                l2cap_disconnect_cfm
 .text.acl_conn_complete
                0x00000000800139d0       0x2c /opt/devkitpro/libogc/lib/wii/libbte.a(bte.o)
                0x00000000800139d0                acl_conn_complete
 .text.__bte_shutdown_finished
                0x00000000800139fc       0x5c /opt/devkitpro/libogc/lib/wii/libbte.a(bte.o)
 .text.bt_alarmhandler
                0x0000000080013a58       0x60 /opt/devkitpro/libogc/lib/wii/libbte.a(bte.o)
 .text.bte_read_stored_link_key_complete
                0x0000000080013ab8      0x108 /opt/devkitpro/libogc/lib/wii/libbte.a(bte.o)
                0x0000000080013ab8                bte_read_stored_link_key_complete
 .text.l2cap_accepted
                0x0000000080013bc0       0xd8 /opt/devkitpro/libogc/lib/wii/libbte.a(bte.o)
                0x0000000080013bc0                l2cap_accepted
 .text.l2cap_disconnected_ind
                0x0000000080013c98       0xb8 /opt/devkitpro/libogc/lib/wii/libbte.a(bte.o)
                0x0000000080013c98                l2cap_disconnected_ind
 .text.bte_process_input
                0x0000000080013d50       0xf4 /opt/devkitpro/libogc/lib/wii/libbte.a(bte.o)
 .text.__bte_waitcmdfinish.constprop.6
                0x0000000080013e44       0x78 /opt/devkitpro/libogc/lib/wii/libbte.a(bte.o)
 .text.BTE_Init
                0x0000000080013ebc      0x108 /opt/devkitpro/libogc/lib/wii/libbte.a(bte.o)
                0x0000000080013ebc                BTE_Init
 .text.BTE_Shutdown
                0x0000000080013fc4       0x94 /opt/devkitpro/libogc/lib/wii/libbte.a(bte.o)
                0x0000000080013fc4                BTE_Shutdown
 .text.BTE_InitCore
                0x0000000080014058       0x7c /opt/devkitpro/libogc/lib/wii/libbte.a(bte.o)
                0x0000000080014058                BTE_InitCore
 .text.BTE_ApplyPatch
                0x00000000800140d4       0x98 /opt/devkitpro/libogc/lib/wii/libbte.a(bte.o)
                0x00000000800140d4                BTE_ApplyPatch
 .text.BTE_InitSub
                0x000000008001416c       0x80 /opt/devkitpro/libogc/lib/wii/libbte.a(bte.o)
                0x000000008001416c                BTE_InitSub
 .text.BTE_ReadStoredLinkKey
                0x00000000800141ec       0x80 /opt/devkitpro/libogc/lib/wii/libbte.a(bte.o)
                0x00000000800141ec                BTE_ReadStoredLinkKey
 .text.BTE_SetDisconnectCallback
                0x000000008001426c       0x20 /opt/devkitpro/libogc/lib/wii/libbte.a(bte.o)
                0x000000008001426c                BTE_SetDisconnectCallback
 .text.bte_new  0x000000008001428c       0x4c /opt/devkitpro/libogc/lib/wii/libbte.a(bte.o)
                0x000000008001428c                bte_new
 .text.bte_registerdeviceasync
                0x00000000800142d8      0x124 /opt/devkitpro/libogc/lib/wii/libbte.a(bte.o)
                0x00000000800142d8                bte_registerdeviceasync
 .text.bte_disconnect
                0x00000000800143fc       0x9c /opt/devkitpro/libogc/lib/wii/libbte.a(bte.o)
                0x00000000800143fc                bte_disconnect
 .text.bte_senddata
                0x0000000080014498       0xb0 /opt/devkitpro/libogc/lib/wii/libbte.a(bte.o)
                0x0000000080014498                bte_senddata
 .text.bte_arg  0x0000000080014548       0x3c /opt/devkitpro/libogc/lib/wii/libbte.a(bte.o)
                0x0000000080014548                bte_arg
 .text.bte_received
                0x0000000080014584       0x3c /opt/devkitpro/libogc/lib/wii/libbte.a(bte.o)
                0x0000000080014584                bte_received
 .text.bte_disconnected
                0x00000000800145c0       0x3c /opt/devkitpro/libogc/lib/wii/libbte.a(bte.o)
                0x00000000800145c0                bte_disconnected
 .text.hci_init
                0x00000000800145fc       0x78 /opt/devkitpro/libogc/lib/wii/libbte.a(hci.o)
                0x00000000800145fc                hci_init
 .text.hci_new  0x0000000080014674       0x3c /opt/devkitpro/libogc/lib/wii/libbte.a(hci.o)
                0x0000000080014674                hci_new
 .text.hci_get_link
                0x00000000800146b0       0x7c /opt/devkitpro/libogc/lib/wii/libbte.a(hci.o)
                0x00000000800146b0                hci_get_link
 .text.hci_close
                0x000000008001472c       0xcc /opt/devkitpro/libogc/lib/wii/libbte.a(hci.o)
                0x000000008001472c                hci_close
 .text.hci_reset_all
                0x00000000800147f8       0x9c /opt/devkitpro/libogc/lib/wii/libbte.a(hci.o)
                0x00000000800147f8                hci_reset_all
 .text.hci_arg  0x0000000080014894        0xc /opt/devkitpro/libogc/lib/wii/libbte.a(hci.o)
                0x0000000080014894                hci_arg
 .text.hci_cmd_complete
                0x00000000800148a0        0xc /opt/devkitpro/libogc/lib/wii/libbte.a(hci.o)
                0x00000000800148a0                hci_cmd_complete
 .text.hci_connection_complete
                0x00000000800148ac        0xc /opt/devkitpro/libogc/lib/wii/libbte.a(hci.o)
                0x00000000800148ac                hci_connection_complete
 .text.hci_wlp_complete
                0x00000000800148b8        0xc /opt/devkitpro/libogc/lib/wii/libbte.a(hci.o)
                0x00000000800148b8                hci_wlp_complete
 .text.hci_cmd_ass
                0x00000000800148c4       0x48 /opt/devkitpro/libogc/lib/wii/libbte.a(hci.o)
                0x00000000800148c4                hci_cmd_ass
 .text.hci_reset
                0x000000008001490c       0x64 /opt/devkitpro/libogc/lib/wii/libbte.a(hci.o)
                0x000000008001490c                hci_reset
 .text.hci_read_buffer_size
                0x0000000080014970       0x64 /opt/devkitpro/libogc/lib/wii/libbte.a(hci.o)
                0x0000000080014970                hci_read_buffer_size
 .text.hci_read_bd_addr
                0x00000000800149d4       0x64 /opt/devkitpro/libogc/lib/wii/libbte.a(hci.o)
                0x00000000800149d4                hci_read_bd_addr
 .text.hci_read_local_version
                0x0000000080014a38       0x64 /opt/devkitpro/libogc/lib/wii/libbte.a(hci.o)
                0x0000000080014a38                hci_read_local_version
 .text.hci_read_local_features
                0x0000000080014a9c       0x64 /opt/devkitpro/libogc/lib/wii/libbte.a(hci.o)
                0x0000000080014a9c                hci_read_local_features
 .text.hci_read_stored_link_key
                0x0000000080014b00       0xac /opt/devkitpro/libogc/lib/wii/libbte.a(hci.o)
                0x0000000080014b00                hci_read_stored_link_key
 .text.hci_write_page_timeout
                0x0000000080014bac       0x7c /opt/devkitpro/libogc/lib/wii/libbte.a(hci.o)
                0x0000000080014bac                hci_write_page_timeout
 .text.hci_write_scan_enable
                0x0000000080014c28       0x6c /opt/devkitpro/libogc/lib/wii/libbte.a(hci.o)
                0x0000000080014c28                hci_write_scan_enable
 .text.hci_accecpt_conn_request
                0x0000000080014c94       0x80 /opt/devkitpro/libogc/lib/wii/libbte.a(hci.o)
                0x0000000080014c94                hci_accecpt_conn_request
 .text.hci_write_local_name
                0x0000000080014d14       0x80 /opt/devkitpro/libogc/lib/wii/libbte.a(hci.o)
                0x0000000080014d14                hci_write_local_name
 .text.hci_write_pin_type
                0x0000000080014d94       0x6c /opt/devkitpro/libogc/lib/wii/libbte.a(hci.o)
                0x0000000080014d94                hci_write_pin_type
 .text.hci_write_inquiry_mode
                0x0000000080014e00       0x6c /opt/devkitpro/libogc/lib/wii/libbte.a(hci.o)
                0x0000000080014e00                hci_write_inquiry_mode
 .text.hci_write_page_scan_type
                0x0000000080014e6c       0x6c /opt/devkitpro/libogc/lib/wii/libbte.a(hci.o)
                0x0000000080014e6c                hci_write_page_scan_type
 .text.hci_write_inquiry_scan_type
                0x0000000080014ed8       0x6c /opt/devkitpro/libogc/lib/wii/libbte.a(hci.o)
                0x0000000080014ed8                hci_write_inquiry_scan_type
 .text.hci_vendor_specific_command
                0x0000000080014f44       0x8c /opt/devkitpro/libogc/lib/wii/libbte.a(hci.o)
                0x0000000080014f44                hci_vendor_specific_command
 .text.hci_write_link_policy_settings
                0x0000000080014fd0       0xa0 /opt/devkitpro/libogc/lib/wii/libbte.a(hci.o)
                0x0000000080014fd0                hci_write_link_policy_settings
 .text.hci_pin_code_request_neg_reply
                0x0000000080015070       0x74 /opt/devkitpro/libogc/lib/wii/libbte.a(hci.o)
                0x0000000080015070                hci_pin_code_request_neg_reply
 .text.hci_disconnect
                0x00000000800150e4       0x98 /opt/devkitpro/libogc/lib/wii/libbte.a(hci.o)
                0x00000000800150e4                hci_disconnect
 .text.hci_write_cod
                0x000000008001517c       0x78 /opt/devkitpro/libogc/lib/wii/libbte.a(hci.o)
                0x000000008001517c                hci_write_cod
 .text.hci_host_buffer_size
                0x00000000800151f4       0xb4 /opt/devkitpro/libogc/lib/wii/libbte.a(hci.o)
                0x00000000800151f4                hci_host_buffer_size
 .text.hci_host_num_comp_packets
                0x00000000800152a8       0xac /opt/devkitpro/libogc/lib/wii/libbte.a(hci.o)
                0x00000000800152a8                hci_host_num_comp_packets
 .text.lp_pdu_maxsize
                0x0000000080015354        0xc /opt/devkitpro/libogc/lib/wii/libbte.a(hci.o)
                0x0000000080015354                lp_pdu_maxsize
 .text.lp_acl_write
                0x0000000080015360      0x114 /opt/devkitpro/libogc/lib/wii/libbte.a(hci.o)
                0x0000000080015360                lp_acl_write
 .text.lp_write_flush_timeout
                0x0000000080015474       0xa0 /opt/devkitpro/libogc/lib/wii/libbte.a(hci.o)
                0x0000000080015474                lp_write_flush_timeout
 .text.hci_event_handler
                0x0000000080015514      0xa6c /opt/devkitpro/libogc/lib/wii/libbte.a(hci.o)
                0x0000000080015514                hci_event_handler
 .text.hci_acldata_handler
                0x0000000080015f80       0xdc /opt/devkitpro/libogc/lib/wii/libbte.a(hci.o)
                0x0000000080015f80                hci_acldata_handler
 .text.l2cap_cid_alloc
                0x000000008001605c       0x4c /opt/devkitpro/libogc/lib/wii/libbte.a(l2cap.o)
 .text.l2cap_init
                0x00000000800160a8       0x60 /opt/devkitpro/libogc/lib/wii/libbte.a(l2cap.o)
                0x00000000800160a8                l2cap_init
 .text.l2cap_write
                0x0000000080016108       0xe0 /opt/devkitpro/libogc/lib/wii/libbte.a(l2cap.o)
                0x0000000080016108                l2cap_write
 .text.l2cap_new
                0x00000000800161e8       0x6c /opt/devkitpro/libogc/lib/wii/libbte.a(l2cap.o)
                0x00000000800161e8                l2cap_new
 .text.l2cap_close
                0x0000000080016254      0x15c /opt/devkitpro/libogc/lib/wii/libbte.a(l2cap.o)
                0x0000000080016254                l2cap_close
 .text.l2cap_reset_all
                0x00000000800163b0      0x104 /opt/devkitpro/libogc/lib/wii/libbte.a(l2cap.o)
                0x00000000800163b0                l2cap_reset_all
 .text.l2cap_rexmit_signal
                0x00000000800164b4       0x10 /opt/devkitpro/libogc/lib/wii/libbte.a(l2cap.o)
                0x00000000800164b4                l2cap_rexmit_signal
 .text.l2ca_datawrite
                0x00000000800164c4       0xe8 /opt/devkitpro/libogc/lib/wii/libbte.a(l2cap.o)
                0x00000000800164c4                l2ca_datawrite
 .text.lp_connect_ind
                0x00000000800165ac        0x4 /opt/devkitpro/libogc/lib/wii/libbte.a(l2cap.o)
                0x00000000800165ac                lp_connect_ind
 .text.lp_disconnect_ind
                0x00000000800165b0       0xe4 /opt/devkitpro/libogc/lib/wii/libbte.a(l2cap.o)
                0x00000000800165b0                lp_disconnect_ind
 .text.l2cap_disconnect_bb
                0x0000000080016694       0x10 /opt/devkitpro/libogc/lib/wii/libbte.a(l2cap.o)
                0x0000000080016694                l2cap_disconnect_bb
 .text.l2cap_next_sigid
                0x00000000800166a4       0x28 /opt/devkitpro/libogc/lib/wii/libbte.a(l2cap.o)
                0x00000000800166a4                l2cap_next_sigid
 .text.l2cap_signal
                0x00000000800166cc      0x184 /opt/devkitpro/libogc/lib/wii/libbte.a(l2cap.o)
                0x00000000800166cc                l2cap_signal
 .text.lp_connect_cfm
                0x0000000080016850      0x130 /opt/devkitpro/libogc/lib/wii/libbte.a(l2cap.o)
                0x0000000080016850                lp_connect_cfm
 .text.l2ca_disconnect_req
                0x0000000080016980       0xac /opt/devkitpro/libogc/lib/wii/libbte.a(l2cap.o)
                0x0000000080016980                l2ca_disconnect_req
 .text.l2cap_tmr
                0x0000000080016a2c      0x1e8 /opt/devkitpro/libogc/lib/wii/libbte.a(l2cap.o)
                0x0000000080016a2c                l2cap_tmr
 .text.l2ca_config_req
                0x0000000080016c14      0x108 /opt/devkitpro/libogc/lib/wii/libbte.a(l2cap.o)
                0x0000000080016c14                l2ca_config_req
 .text.l2cap_process_sig
                0x0000000080016d1c     0x1078 /opt/devkitpro/libogc/lib/wii/libbte.a(l2cap.o)
                0x0000000080016d1c                l2cap_process_sig
 .text.l2cap_input
                0x0000000080017d94      0x4e8 /opt/devkitpro/libogc/lib/wii/libbte.a(l2cap.o)
                0x0000000080017d94                l2cap_input
 .text.l2cap_arg
                0x000000008001827c        0x8 /opt/devkitpro/libogc/lib/wii/libbte.a(l2cap.o)
                0x000000008001827c                l2cap_arg
 .text.l2cap_connect_ind
                0x0000000080018284       0xd8 /opt/devkitpro/libogc/lib/wii/libbte.a(l2cap.o)
                0x0000000080018284                l2cap_connect_ind
 .text.l2cap_disconnect_ind
                0x000000008001835c        0x8 /opt/devkitpro/libogc/lib/wii/libbte.a(l2cap.o)
                0x000000008001835c                l2cap_disconnect_ind
 .text.l2cap_recv