Archive member included because of file (symbol)

/opt/devkitpro/libogc/lib/wii/libfat.a(libfat.o)
                              main.o (fatInitDefault)
/opt/devkitpro/libogc/lib/wii/libfat.a(partition.o)
                              /opt/devkitpro/libogc/lib/wii/libfat.a(libfat.o) (_FAT_partition_constructor)
/opt/devkitpro/libogc/lib/wii/libfat.a(cache.o)
                              /opt/devkitpro/libogc/lib/wii/libfat.a(partition.o) (_FAT_cache_constructor)
/opt/devkitpro/libogc/lib/wii/libfat.a(directory.o)
                              /opt/devkitpro/libogc/lib/wii/libfat.a(libfat.o) (_FAT_directory_getVolumeLabel)
/opt/devkitpro/libogc/lib/wii/libfat.a(disc.o)
                              /opt/devkitpro/libogc/lib/wii/libfat.a(libfat.o) (_FAT_disc_interfaces)
/opt/devkitpro/libogc/lib/wii/libfat.a(fatdir.o)
                              /opt/devkitpro/libogc/lib/wii/libfat.a(libfat.o) (_FAT_stat_r)
/opt/devkitpro/libogc/lib/wii/libfat.a(fatfile.o)
                              /opt/devkitpro/libogc/lib/wii/libfat.a(libfat.o) (_FAT_open_r)
/opt/devkitpro/libogc/lib/wii/libfat.a(file_allocation_table.o)
                              /opt/devkitpro/libogc/lib/wii/libfat.a(directory.o) (_FAT_fat_nextCluster)
/opt/devkitpro/libogc/lib/wii/libfat.a(filetime.o)
                              /opt/devkitpro/libogc/lib/wii/libfat.a(fatdir.o) (_FAT_filetime_getTimeFromRTC)
/opt/devkitpro/libogc/lib/wii/libwiiuse.a(wpad.o)
                              ctlaliases.o (WPAD_Probe)
/opt/devkitpro/libogc/lib/wii/libwiiuse.a(motion_plus.o)
                              /opt/devkitpro/libogc/lib/wii/libwiiuse.a(wpad.o) (wiiuse_set_motion_plus)
/opt/devkitpro/libogc/lib/wii/libwiiuse.a(dynamics.o)
                              /opt/devkitpro/libogc/lib/wii/libwiiuse.a(wpad.o) (calculate_gforce)
/opt/devkitpro/libogc/lib/wii/libwiiuse.a(io.o)
                              /opt/devkitpro/libogc/lib/wii/libwiiuse.a(motion_plus.o) (wiiuse_disable_expansion)
/opt/devkitpro/libogc/lib/wii/libwiiuse.a(io_wii.o)
                              /opt/devkitpro/libogc/lib/wii/libwiiuse.a(wpad.o) (__wiiuse_sensorbar_enable)
/opt/devkitpro/libogc/lib/wii/libwiiuse.a(ir.o)
                              /opt/devkitpro/libogc/lib/wii/libwiiuse.a(motion_plus.o) (wiiuse_set_ir_mode)
/opt/devkitpro/libogc/lib/wii/libwiiuse.a(nunchuk.o)
                              /opt/devkitpro/libogc/lib/wii/libwiiuse.a(io.o) (nunchuk_handshake)
/opt/devkitpro/libogc/lib/wii/libwiiuse.a(wiiboard.o)
                              /opt/devkitpro/libogc/lib/wii/libwiiuse.a(io.o) (wii_board_handshake)
/opt/devkitpro/libogc/lib/wii/libwiiuse.a(wiiuse.o)
                              /opt/devkitpro/libogc/lib/wii/libwiiuse.a(wpad.o) (wiiuse_init)
/opt/devkitpro/libogc/lib/wii/libwiiuse.a(speaker.o)
                              /opt/devkitpro/libogc/lib/wii/libwiiuse.a(wpad.o) (wencdata)
/opt/devkitpro/libogc/lib/wii/libwiiuse.a(classic.o)
                              /opt/devkitpro/libogc/lib/wii/libwiiuse.a(io.o) (classic_ctrl_handshake)
/opt/devkitpro/libogc/lib/wii/libwiiuse.a(events.o)
                              /opt/devkitpro/libogc/lib/wii/libwiiuse.a(io_wii.o) (parse_event)
/opt/devkitpro/libogc/lib/wii/libwiiuse.a(guitar_hero_3.o)
                              /opt/devkitpro/libogc/lib/wii/libwiiuse.a(io.o) (guitar_hero_3_handshake)
/opt/devkitpro/libogc/lib/wii/libbte.a(bte.o)
                              /opt/devkitpro/libogc/lib/wii/libwiiuse.a(wpad.o) (BTE_Init)
/opt/devkitpro/libogc/lib/wii/libbte.a(hci.o)
                              /opt/devkitpro/libogc/lib/wii/libbte.a(bte.o) (hci_init)
/opt/devkitpro/libogc/lib/wii/libbte.a(l2cap.o)
                              /opt/devkitpro/libogc/lib/wii/libbte.a(bte.o) (l2cap_init)
/opt/devkitpro/libogc/lib/wii/libbte.a(btmemb.o)
                              /opt/devkitpro/libogc/lib/wii/libbte.a(bte.o) (btmemb_init)
/opt/devkitpro/libogc/lib/wii/libbte.a(btmemr.o)
                              /opt/devkitpro/libogc/lib/wii/libbte.a(hci.o) (btmemr_init)
/opt/devkitpro/libogc/lib/wii/libbte.a(btpbuf.o)
                              /opt/devkitpro/libogc/lib/wii/libbte.a(hci.o) (btpbuf_init)
/opt/devkitpro/libogc/lib/wii/libbte.a(physbusif.o)
                              /opt/devkitpro/libogc/lib/wii/libbte.a(bte.o) (physbusif_init)
/opt/devkitpro/libogc/lib/wii/libdb.a(debug.o)
                              main.o (DEBUG_Init)
/opt/devkitpro/libogc/lib/wii/libdb.a(debug_handler.o)
                              /opt/devkitpro/libogc/lib/wii/libdb.a(debug.o) (dbg_exceptionhandler)
/opt/devkitpro/libogc/lib/wii/libdb.a(debug_supp.o)
                              /opt/devkitpro/libogc/lib/wii/libdb.a(debug.o) (mem2hstr)
/opt/devkitpro/libogc/lib/wii/libdb.a(geckousb.o)
                              /opt/devkitpro/libogc/lib/wii/libdb.a(debug.o) (usb_init)
/opt/devkitpro/libogc/lib/wii/libdb.a(uip_ip.o)
                              /opt/devkitpro/libogc/lib/wii/libdb.a(debug.o) (uip_ipaddr)
[...]
Memory Configuration

Name             Origin             Length             Attributes
*default*        0x0000000000000000 0xffffffffffffffff

Linker script and memory map

                0x0000000000003400                . = 0x3400

.stub
 *(.stub)
                0x0000000080004000                . = 0x80004000

.init           0x0000000080004000      0x194
 *crt0.o(*.init)
 .init          0x0000000080004000      0x170 /opt/devkitpro/libogc/lib/wii/libogc.a(ogc_crt0.o)
                0x0000000080004000                _start
                0x0000000080004140                _memset
 *(.init)
 .init          0x0000000080004170        0xc /opt/devkitpro/devkitPPC/lib/gcc/powerpc-eabi/4.6.3/ecrti.o
                0x0000000080004170                __init
 .init          0x000000008000417c        0x4 /opt/devkitpro/devkitPPC/lib/gcc/powerpc-eabi/4.6.3/crtbegin.o
 .init          0x0000000080004180        0x4 /opt/devkitpro/devkitPPC/lib/gcc/powerpc-eabi/4.6.3/crtend.o
 .init          0x0000000080004184       0x10 /opt/devkitpro/devkitPPC/lib/gcc/powerpc-eabi/4.6.3/ecrtn.o

.rela.dyn       0x0000000080004194        0x0
 .rela.iplt     0x0000000000000000        0x0 /opt/devkitpro/devkitPPC/lib/gcc/powerpc-eabi/4.6.3/crtbegin.o

.plt
 *(.plt)

.interp
 *(.interp)

.hash
 *(.hash)

.dynsym
 *(.dynsym)

.dynstr
 *(.dynstr)

.gnu.version
 *(.gnu.version)

.gnu.version_d
 *(.gnu.version_d)

.gnu.version_r
 *(.gnu.version_r)

.rel.init
 *(.rel.init)

.rela.init      0x0000000080004194        0x0
 *(.rela.init)
 .rela.init     0x0000000000000000        0x0 /opt/devkitpro/devkitPPC/lib/gcc/powerpc-eabi/4.6.3/crtbegin.o

.rel.text
 *(.rel.text .rel.text.* .rel.gnu.linkonce.t.*)

.rela.text      0x0000000080004194        0x0
 *(.rela.text .rela.text.* .rela.gnu.linkonce.t.*)
 .rela.text     0x0000000000000000        0x0 /opt/devkitpro/devkitPPC/lib/gcc/powerpc-eabi/4.6.3/crtbegin.o
 .rela.text.fatUnmount
                0x0000000000000000        0x0 /opt/devkitpro/devkitPPC/lib/gcc/powerpc-eabi/4.6.3/crtbegin.o
 .rela.text.fatInit
                0x0000000000000000        0x0 /opt/devkitpro/devkitPPC/lib/gcc/powerpc-eabi/4.6.3/crtbegin.o
 .rela.text.fatGetVolumeLabel
                0x0000000000000000        0x0 /opt/devkitpro/devkitPPC/lib/gcc/powerpc-eabi/4.6.3/crtbegin.o
 .rela.text._FAT_directory_entryGetAlias
                0x0000000000000000        0x0 /opt/devkitpro/devkitPPC/lib/gcc/powerpc-eabi/4.6.3/crtbegin.o
 .rela.text.get_io_wiisd
                0x0000000000000000        0x0 /opt/devkitpro/devkitPPC/lib/gcc/powerpc-eabi/4.6.3/crtbegin.o
 .rela.text.get_io_usbstorage
                0x0000000000000000        0x0 /opt/devkitpro/devkitPPC/lib/gcc/powerpc-eabi/4.6.3/crtbegin.o
 .rela.text.get_io_gcsda
                0x0000000000000000        0x0 /opt/devkitpro/devkitPPC/lib/gcc/powerpc-eabi/4.6.3/crtbegin.o
 .rela.text.get_io_gcsdb
                0x0000000000000000        0x0 /opt/devkitpro/devkitPPC/lib/gcc/powerpc-eabi/4.6.3/crtbegin.o
 .rela.text.wiiuse_handshake_expansion
                0x0000000000000000        0x0 /opt/devkitpro/devkitPPC/lib/gcc/powerpc-eabi/4.6.3/crtbegin.o
 .rela.text.wiiuse_handshake
                0x0000000000000000        0x0 /opt/devkitpro/devkitPPC/lib/gcc/powerpc-eabi/4.6.3/crtbegin.o
 .rela.text.wiiuse_init_cmd_queue
                0x0000000000000000        0x0 /opt/devkitpro/devkitPPC/lib/gcc/powerpc-eabi/4.6.3/crtbegin.o
 .rela.text.wiiuse_init
                0x0000000000000000        0x0 /opt/devkitpro/devkitPPC/lib/gcc/powerpc-eabi/4.6.3/crtbegin.o
 .rela.text.bt_alarmhandler
                0x0000000000000000        0x0 /opt/devkitpro/devkitPPC/lib/gcc/powerpc-eabi/4.6.3/crtbegin.o
 .rela.text.DEBUG_Init
                0x0000000000000000        0x0 /opt/devkitpro/devkitPPC/lib/gcc/powerpc-eabi/4.6.3/crtbegin.o
 .rela.text.gdbstub_idtoindex
                0x0000000000000000        0x0 /opt/devkitpro/devkitPPC/lib/gcc/powerpc-eabi/4.6.3/crtbegin.o
 .rela.text.gdbstub_indextoid
                0x0000000000000000        0x0 /opt/devkitpro/devkitPPC/lib/gcc/powerpc-eabi/4.6.3/crtbegin.o
 .rela.text.gdbstub_getcurrentthread
                0x0000000000000000        0x0 /opt/devkitpro/devkitPPC/lib/gcc/powerpc-eabi/4.6.3/crtbegin.o
 .rela.text.gdbstub_getnextthread
                0x0000000000000000        0x0 /opt/devkitpro/devkitPPC/lib/gcc/powerpc-eabi/4.6.3/crtbegin.o
 .rela.text.gdbstub_getoffsets
                0x0000000000000000        0x0 /opt/devkitpro/devkitPPC/lib/gcc/powerpc-eabi/4.6.3/crtbegin.o
 .rela.text.gdbstub_getthreadinfo
                0x0000000000000000        0x0 /opt/devkitpro/devkitPPC/lib/gcc/powerpc-eabi/4.6.3/crtbegin.o
 .rela.text.tcpip_stoptimer
                0x0000000000000000        0x0 /opt/devkitpro/devkitPPC/lib/gcc/powerpc-eabi/4.6.3/crtbegin.o
 .rela.text.tcpip_starttimer
                0x0000000000000000        0x0 /opt/devkitpro/devkitPPC/lib/gcc/powerpc-eabi/4.6.3/crtbegin.o
 .rela.text.tcpip_close
                0x0000000000000000        0x0 /opt/devkitpro/devkitPPC/lib/gcc/powerpc-eabi/4.6.3/crtbegin.o
 .rela.text.tcpip_write
                0x0000000000000000        0x0 /opt/devkitpro/devkitPPC/lib/gcc/powerpc-eabi/4.6.3/crtbegin.o
 .rela.text.tcpip_accept
                0x0000000000000000        0x0 /opt/devkitpro/devkitPPC/lib/gcc/powerpc-eabi/4.6.3/crtbegin.o
 .rela.text.tcpip_read
                0x0000000000000000        0x0 /opt/devkitpro/devkitPPC/lib/gcc/powerpc-eabi/4.6.3/crtbegin.o
 .rela.text.tcpip_listen
                0x0000000000000000        0x0 /opt/devkitpro/devkitPPC/lib/gcc/powerpc-eabi/4.6.3/crtbegin.o
 .rela.text.tcpip_accept_func
                0x0000000000000000        0x0 /opt/devkitpro/devkitPPC/lib/gcc/powerpc-eabi/4.6.3/crtbegin.o
 .rela.text.tcpip_bind
                0x0000000000000000        0x0 /opt/devkitpro/devkitPPC/lib/gcc/powerpc-eabi/4.6.3/crtbegin.o
 .rela.text.tcpip_socket
                0x0000000000000000        0x0 /opt/devkitpro/devkitPPC/lib/gcc/powerpc-eabi/4.6.3/crtbegin.o
 .rela.text.tcpip_init
                0x0000000000000000        0x0 /opt/devkitpro/devkitPPC/lib/gcc/powerpc-eabi/4.6.3/crtbegin.o
 .rela.text.__console_init
                0x0000000000000000        0x0 /opt/devkitpro/devkitPPC/lib/gcc/powerpc-eabi/4.6.3/crtbegin.o
 .rela.text.__console_init_ex
                0x0000000000000000        0x0 /opt/devkitpro/devkitPPC/lib/gcc/powerpc-eabi/4.6.3/crtbegin.o
 .rela.text.CON_EnableGecko
                0x0000000000000000        0x0 /opt/devkitpro/devkitPPC/lib/gcc/powerpc-eabi/4.6.3/crtbegin.o
 .rela.text.__lwp_thread_calcheir
                0x0000000000000000        0x0 /opt/devkitpro/devkitPPC/lib/gcc/powerpc-eabi/4.6.3/crtbegin.o
 .rela.text.__lwp_wd_insert_ticks.constprop.4
                0x0000000000000000        0x0 /opt/devkitpro/devkitPPC/lib/gcc/powerpc-eabi/4.6.3/crtbegin.o
 .rela.text.__lwp_rotate_readyqueue
                0x0000000000000000        0x0 /opt/devkitpro/devkitPPC/lib/gcc/powerpc-eabi/4.6.3/crtbegin.o
 .rela.text.__lwp_thread_setpriority
                0x0000000000000000        0x0 /opt/devkitpro/devkitPPC/lib/gcc/powerpc-eabi/4.6.3/crtbegin.o
 .rela.text.__lwp_thread_close
                0x0000000000000000        0x0 /opt/devkitpro/devkitPPC/lib/gcc/powerpc-eabi/4.6.3/crtbegin.o
 .rela.text.__lwp_thread_closeall
                0x0000000000000000        0x0 /opt/devkitpro/devkitPPC/lib/gcc/powerpc-eabi/4.6.3/crtbegin.o
 .rela.text.__lwp_thread_startmultitasking
                0x0000000000000000        0x0 /opt/devkitpro/devkitPPC/lib/gcc/powerpc-eabi/4.6.3/crtbegin.o
 .rela.text.__lwp_thread_stopmultitasking
                0x0000000000000000        0x0 /opt/devkitpro/devkitPPC/lib/gcc/powerpc-eabi/4.6.3/crtbegin.o
 .rela.text.__lwp_thread_coreinit
                0x0000000000000000        0x0 /opt/devkitpro/devkitPPC/lib/gcc/powerpc-eabi/4.6.3/crtbegin.o
 .rela.text.__lwp_cntrl_free
                0x0000000000000000        0x0 /opt/devkitpro/devkitPPC/lib/gcc/powerpc-eabi/4.6.3/crtbegin.o
 .rela.text.__lwp_tqueue_open
                0x0000000000000000        0x0 /opt/devkitpro/devkitPPC/lib/gcc/powerpc-eabi/4.6.3/crtbegin.o
 .rela.text.__lwp_cntrl_open
                0x0000000000000000        0x0 /opt/devkitpro/devkitPPC/lib/gcc/powerpc-eabi/4.6.3/crtbegin.o
 .rela.text.__lwp_sysinit
                0x0000000000000000        0x0 /opt/devkitpro/devkitPPC/lib/gcc/powerpc-eabi/4.6.3/crtbegin.o
 .rela.text.__lwp_thread_isalive
                0x0000000000000000        0x0 /opt/devkitpro/devkitPPC/lib/gcc/powerpc-eabi/4.6.3/crtbegin.o
 .rela.text.__lwp_thread_exists
                0x0000000000000000        0x0 /opt/devkitpro/devkitPPC/lib/gcc/powerpc-eabi/4.6.3/crtbegin.o
 .rela.text.__lwp_thread_context
                0x0000000000000000        0x0 /opt/devkitpro/devkitPPC/lib/gcc/powerpc-eabi/4.6.3/crtbegin.o
 .rela.text.LWP_CreateThread
                0x0000000000000000        0x0 /opt/devkitpro/devkitPPC/lib/gcc/powerpc-eabi/4.6.3/crtbegin.o
 .rela.text.LWP_InitQueue
                0x0000000000000000        0x0 /opt/devkitpro/devkitPPC/lib/gcc/powerpc-eabi/4.6.3/crtbegin.o
 .rela.text.LWP_CloseQueue
                0x0000000000000000        0x0 /opt/devkitpro/devkitPPC/lib/gcc/powerpc-eabi/4.6.3/crtbegin.o
 .rela.text.__lwp_stack_allocate
                0x0000000000000000        0x0 /opt/devkitpro/devkitPPC/lib/gcc/powerpc-eabi/4.6.3/crtbegin.o
 .rela.text.__lwp_stack_free
                0x0000000000000000        0x0 /opt/devkitpro/devkitPPC/lib/gcc/powerpc-eabi/4.6.3/crtbegin.o
 .rela.text.__lwp_watchdog_init
                0x0000000000000000        0x0 /opt/devkitpro/devkitPPC/lib/gcc/powerpc-eabi/4.6.3/crtbegin.o
 .rela.text.__lwp_wd_tickle
                0x0000000000000000        0x0 /opt/devkitpro/devkitPPC/lib/gcc/powerpc-eabi/4.6.3/crtbegin.o
 .rela.text.__lwp_wkspace_heapfree
                0x0000000000000000        0x0 /opt/devkitpro/devkitPPC/lib/gcc/powerpc-eabi/4.6.3/crtbegin.o
 .rela.text.__lwp_wkspace_heapused
                0x0000000000000000        0x0 /opt/devkitpro/devkitPPC/lib/gcc/powerpc-eabi/4.6.3/crtbegin.o
 .rela.text.__lwp_wkspace_init
                0x0000000000000000        0x0 /opt/devkitpro/devkitPPC/lib/gcc/powerpc-eabi/4.6.3/crtbegin.o
 .rela.text.__lwp_objmgr_initinfo
                0x0000000000000000        0x0 /opt/devkitpro/devkitPPC/lib/gcc/powerpc-eabi/4.6.3/crtbegin.o
 .rela.text.__systemcall_init
                0x0000000000000000        0x0 /opt/devkitpro/devkitPPC/lib/gcc/powerpc-eabi/4.6.3/crtbegin.o
 .rela.text.__exception_init
                0x0000000000000000        0x0 /opt/devkitpro/devkitPPC/lib/gcc/powerpc-eabi/4.6.3/crtbegin.o
 .rela.text.__exception_close
                0x0000000000000000        0x0 /opt/devkitpro/devkitPPC/lib/gcc/powerpc-eabi/4.6.3/crtbegin.o
 .rela.text.__exception_sethandler
                0x0000000000000000        0x0 /opt/devkitpro/devkitPPC/lib/gcc/powerpc-eabi/4.6.3/crtbegin.o
 .rela.text.__irq_init
                0x0000000000000000        0x0 /opt/devkitpro/devkitPPC/lib/gcc/powerpc-eabi/4.6.3/crtbegin.o
 .rela.text.__lwp_sema_open
                0x0000000000000000        0x0 /opt/devkitpro/devkitPPC/lib/gcc/powerpc-eabi/4.6.3/crtbegin.o
 .rela.text.__lwp_sema_init
                0x0000000000000000        0x0 /opt/devkitpro/devkitPPC/lib/gcc/powerpc-eabi/4.6.3/crtbegin.o
 .rela.text.LWP_SemInit
                0x0000000000000000        0x0 /opt/devkitpro/devkitPPC/lib/gcc/powerpc-eabi/4.6.3/crtbegin.o
 .rela.text.LWP_SemDestroy
                0x0000000000000000        0x0 /opt/devkitpro/devkitPPC/lib/gcc/powerpc-eabi/4.6.3/crtbegin.o
 .rela.text.__lwp_mutex_locksupp.constprop.7
                0x0000000000000000        0x0 /opt/devkitpro/devkitPPC/lib/gcc/powerpc-eabi/4.6.3/crtbegin.o
 .rela.text.__lwp_mutex_init
                0x0000000000000000        0x0 /opt/devkitpro/devkitPPC/lib/gcc/powerpc-eabi/4.6.3/crtbegin.o
 .rela.text.LWP_MutexInit
                0x0000000000000000        0x0 /opt/devkitpro/devkitPPC/lib/gcc/powerpc-eabi/4.6.3/crtbegin.o
 .rela.text.LWP_MutexDestroy
                0x0000000000000000        0x0 /opt/devkitpro/devkitPPC/lib/gcc/powerpc-eabi/4.6.3/crtbegin.o
 .rela.text.LWP_MutexUnlock
                0x0000000000000000        0x0 /opt/devkitpro/devkitPPC/lib/gcc/powerpc-eabi/4.6.3/crtbegin.o
 .rela.text.__call_resetfuncs
                0x0000000000000000        0x0 /opt/devkitpro/devkitPPC/lib/gcc/powerpc-eabi/4.6.3/crtbegin.o
 .rela.text.__locksram
                0x0000000000000000        0x0 /opt/devkitpro/devkitPPC/lib/gcc/powerpc-eabi/4.6.3/crtbegin.o
 .rela.text.__lwp_wd_insert_ticks
                0x0000000000000000        0x0 /opt/devkitpro/devkitPPC/lib/gcc/powerpc-eabi/4.6.3/crtbegin.o
 .rela.text.__unlocksram
                0x0000000000000000        0x0 /opt/devkitpro/devkitPPC/lib/gcc/powerpc-eabi/4.6.3/crtbegin.o
 .rela.text.__sram_writecallback
                0x0000000000000000        0x0 /opt/devkitpro/devkitPPC/lib/gcc/powerpc-eabi/4.6.3/crtbegin.o
 .rela.text.__sram_init
                0x0000000000000000        0x0 /opt/devkitpro/devkitPPC/lib/gcc/powerpc-eabi/4.6.3/crtbegin.o
 .rela.text.__SYS_SyncSram
                0x0000000000000000        0x0 /opt/devkitpro/devkitPPC/lib/gcc/powerpc-eabi/4.6.3/crtbegin.o
 .rela.text.SYS_Init
                0x0000000000000000        0x0 /opt/devkitpro/devkitPPC/lib/gcc/powerpc-eabi/4.6.3/crtbegin.o
 .rela.text.SYS_RemoveAlarm
                0x0000000000000000        0x0 /opt/devkitpro/devkitPPC/lib/gcc/powerpc-eabi/4.6.3/crtbegin.o
 .rela.text.SYS_CancelAlarm
                0x0000000000000000        0x0 /opt/devkitpro/devkitPPC/lib/gcc/powerpc-eabi/4.6.3/crtbegin.o
 .rela.text.__lwp_cond_open
                0x0000000000000000        0x0 /opt/devkitpro/devkitPPC/lib/gcc/powerpc-eabi/4.6.3/crtbegin.o
 .rela.text.__lwp_cond_init
                0x0000000000000000        0x0 /opt/devkitpro/devkitPPC/lib/gcc/powerpc-eabi/4.6.3/crtbegin.o
 .rela.text.LWP_CondInit
                0x0000000000000000        0x0 /opt/devkitpro/devkitPPC/lib/gcc/powerpc-eabi/4.6.3/crtbegin.o
 .rela.text.LWP_CondDestroy
                0x0000000000000000        0x0 /opt/devkitpro/devkitPPC/lib/gcc/powerpc-eabi/4.6.3/crtbegin.o
 .rela.text.__GX_FifoLink
                0x0000000000000000        0x0 /opt/devkitpro/devkitPPC/lib/gcc/powerpc-eabi/4.6.3/crtbegin.o
 .rela.text.__GX_WriteFifoIntEnable
                0x0000000000000000        0x0 /opt/devkitpro/devkitPPC/lib/gcc/powerpc-eabi/4.6.3/crtbegin.o
 .rela.text.__GX_FifoReadEnable
                0x0000000000000000        0x0 /opt/devkitpro/devkitPPC/lib/gcc/powerpc-eabi/4.6.3/crtbegin.o
 .rela.text.__GX_FifoReadDisable
                0x0000000000000000        0x0 /opt/devkitpro/devkitPPC/lib/gcc/powerpc-eabi/4.6.3/crtbegin.o
 .rela.text.__GX_InitRevBits
                0x0000000000000000        0x0 /opt/devkitpro/devkitPPC/lib/gcc/powerpc-eabi/4.6.3/crtbegin.o
 .rela.text.__GXDefTexRegionCallback
                0x0000000000000000        0x0 /opt/devkitpro/devkitPPC/lib/gcc/powerpc-eabi/4.6.3/crtbegin.o
 .rela.text.__GXDefTlutRegionCallback
                0x0000000000000000        0x0 /opt/devkitpro/devkitPPC/lib/gcc/powerpc-eabi/4.6.3/crtbegin.o
 .rela.text.__GX_FlushTextureState
                0x0000000000000000        0x0 /opt/devkitpro/devkitPPC/lib/gcc/powerpc-eabi/4.6.3/crtbegin.o
 .rela.text.__SetSURegs
                0x0000000000000000        0x0 /opt/devkitpro/devkitPPC/lib/gcc/powerpc-eabi/4.6.3/crtbegin.o
 .rela.text.__SETVCDFMT
                0x0000000000000000        0x0 /opt/devkitpro/devkitPPC/lib/gcc/powerpc-eabi/4.6.3/crtbegin.o
 .rela.text.__GX_SetMatrixIndex
                0x0000000000000000        0x0 /opt/devkitpro/devkitPPC/lib/gcc/powerpc-eabi/4.6.3/crtbegin.o
 .rela.text.__GX_SetDirtyState
                0x0000000000000000        0x0 /opt/devkitpro/devkitPPC/lib/gcc/powerpc-eabi/4.6.3/crtbegin.o
 .rela.text.__SETVCDATTR
                0x0000000000000000        0x0 /opt/devkitpro/devkitPPC/lib/gcc/powerpc-eabi/4.6.3/crtbegin.o
 .rela.text.__GX_WriteFifoIntReset.constprop.6
                0x0000000000000000        0x0 /opt/devkitpro/devkitPPC/lib/gcc/powerpc-eabi/4.6.3/crtbegin.o
 .rela.text.__GXCPInterruptHandler
                0x0000000000000000        0x0 /opt/devkitpro/devkitPPC/lib/gcc/powerpc-eabi/4.6.3/crtbegin.o
 .rela.text.GX_Flush
                0x0000000000000000        0x0 /opt/devkitpro/devkitPPC/lib/gcc/powerpc-eabi/4.6.3/crtbegin.o
 .rela.text.GX_EnableBreakPt
                0x0000000000000000        0x0 /opt/devkitpro/devkitPPC/lib/gcc/powerpc-eabi/4.6.3/crtbegin.o
 .rela.text.GX_DisableBreakPt
                0x0000000000000000        0x0 /opt/devkitpro/devkitPPC/lib/gcc/powerpc-eabi/4.6.3/crtbegin.o
 .rela.text.GX_AbortFrame
                0x0000000000000000        0x0 /opt/devkitpro/devkitPPC/lib/gcc/powerpc-eabi/4.6.3/crtbegin.o
 .rela.text.GX_PixModeSync
                0x0000000000000000        0x0 /opt/devkitpro/devkitPPC/lib/gcc/powerpc-eabi/4.6.3/crtbegin.o
 .rela.text.GX_SetMisc
                0x0000000000000000        0x0 /opt/devkitpro/devkitPPC/lib/gcc/powerpc-eabi/4.6.3/crtbegin.o
 .rela.text.GX_SetCopyClamp
                0x0000000000000000        0x0 /opt/devkitpro/devkitPPC/lib/gcc/powerpc-eabi/4.6.3/crtbegin.o
 .rela.text.GX_SetDispCopyGamma
                0x0000000000000000        0x0 /opt/devkitpro/devkitPPC/lib/gcc/powerpc-eabi/4.6.3/crtbegin.o
 .rela.text.GX_SetDispCopyFrame2Field
                0x0000000000000000        0x0 /opt/devkitpro/devkitPPC/lib/gcc/powerpc-eabi/4.6.3/crtbegin.o
 .rela.text.GX_SetDispCopyYScale
                0x0000000000000000        0x0 /opt/devkitpro/devkitPPC/lib/gcc/powerpc-eabi/4.6.3/crtbegin.o
 .rela.text.GX_SetDispCopyDst
                0x0000000000000000        0x0 /opt/devkitpro/devkitPPC/lib/gcc/powerpc-eabi/4.6.3/crtbegin.o
 .rela.text.GX_SetDispCopySrc
                0x0000000000000000        0x0 /opt/devkitpro/devkitPPC/lib/gcc/powerpc-eabi/4.6.3/crtbegin.o
 .rela.text.GX_CopyDisp
                0x0000000000000000        0x0 /opt/devkitpro/devkitPPC/lib/gcc/powerpc-eabi/4.6.3/crtbegin.o
 .rela.text.GX_CopyTex
                0x0000000000000000        0x0 /opt/devkitpro/devkitPPC/lib/gcc/powerpc-eabi/4.6.3/crtbegin.o
 .rela.text.GX_SetTexCopySrc
                0x0000000000000000        0x0 /opt/devkitpro/devkitPPC/lib/gcc/powerpc-eabi/4.6.3/crtbegin.o
 .rela.text.GX_SetTexCopyDst
                0x0000000000000000        0x0 /opt/devkitpro/devkitPPC/lib/gcc/powerpc-eabi/4.6.3/crtbegin.o
 .rela.text.GX_BeginDispList
                0x0000000000000000        0x0 /opt/devkitpro/devkitPPC/lib/gcc/powerpc-eabi/4.6.3/crtbegin.o
 .rela.text.GX_EndDispList
                0x0000000000000000        0x0 /opt/devkitpro/devkitPPC/lib/gcc/powerpc-eabi/4.6.3/crtbegin.o
 .rela.text.GX_CallDispList
                0x0000000000000000        0x0 /opt/devkitpro/devkitPPC/lib/gcc/powerpc-eabi/4.6.3/crtbegin.o
 .rela.text.GX_SetChanCtrl
                0x0000000000000000        0x0 /opt/devkitpro/devkitPPC/lib/gcc/powerpc-eabi/4.6.3/crtbegin.o
 .rela.text.GX_SetChanAmbColor
                0x0000000000000000        0x0 /opt/devkitpro/devkitPPC/lib/gcc/powerpc-eabi/4.6.3/crtbegin.o
 .rela.text.GX_SetChanMatColor
                0x0000000000000000        0x0 /opt/devkitpro/devkitPPC/lib/gcc/powerpc-eabi/4.6.3/crtbegin.o
 .rela.text.GX_SetVtxDesc
                0x0000000000000000        0x0 /opt/devkitpro/devkitPPC/lib/gcc/powerpc-eabi/4.6.3/crtbegin.o
 .rela.text.GX_SetVtxDescv
                0x0000000000000000        0x0 /opt/devkitpro/devkitPPC/lib/gcc/powerpc-eabi/4.6.3/crtbegin.o
 .rela.text.GX_GetVtxDescv
                0x0000000000000000        0x0 /opt/devkitpro/devkitPPC/lib/gcc/powerpc-eabi/4.6.3/crtbegin.o
 .rela.text.GX_SetVtxAttrFmt
                0x0000000000000000        0x0 /opt/devkitpro/devkitPPC/lib/gcc/powerpc-eabi/4.6.3/crtbegin.o
 .rela.text.GX_SetVtxAttrFmtv
                0x0000000000000000        0x0 /opt/devkitpro/devkitPPC/lib/gcc/powerpc-eabi/4.6.3/crtbegin.o
 .rela.text.GX_Begin
                0x0000000000000000        0x0 /opt/devkitpro/devkitPPC/lib/gcc/powerpc-eabi/4.6.3/crtbegin.o
 .rela.text.GX_SetTexCoordGen2
                0x0000000000000000        0x0 /opt/devkitpro/devkitPPC/lib/gcc/powerpc-eabi/4.6.3/crtbegin.o
 .rela.text.GX_SetCurrentMtx
                0x0000000000000000        0x0 /opt/devkitpro/devkitPPC/lib/gcc/powerpc-eabi/4.6.3/crtbegin.o
 .rela.text.GX_SetNumTexGens
                0x0000000000000000        0x0 /opt/devkitpro/devkitPPC/lib/gcc/powerpc-eabi/4.6.3/crtbegin.o
 .rela.text.GX_SetZMode
                0x0000000000000000        0x0 /opt/devkitpro/devkitPPC/lib/gcc/powerpc-eabi/4.6.3/crtbegin.o
 .rela.text.GX_LoadTexObjPreloaded
                0x0000000000000000        0x0 /opt/devkitpro/devkitPPC/lib/gcc/powerpc-eabi/4.6.3/crtbegin.o
 .rela.text.GX_SetTexCoordScaleManually
                0x0000000000000000        0x0 /opt/devkitpro/devkitPPC/lib/gcc/powerpc-eabi/4.6.3/crtbegin.o
 .rela.text.GX_SetTexCoordCylWrap
                0x0000000000000000        0x0 /opt/devkitpro/devkitPPC/lib/gcc/powerpc-eabi/4.6.3/crtbegin.o
 .rela.text.GX_SetTexCoordBias
                0x0000000000000000        0x0 /opt/devkitpro/devkitPPC/lib/gcc/powerpc-eabi/4.6.3/crtbegin.o
 .rela.text.GX_SetBlendMode
                0x0000000000000000        0x0 /opt/devkitpro/devkitPPC/lib/gcc/powerpc-eabi/4.6.3/crtbegin.o
 .rela.text.GX_ClearVtxDesc
                0x0000000000000000        0x0 /opt/devkitpro/devkitPPC/lib/gcc/powerpc-eabi/4.6.3/crtbegin.o
 .rela.text.GX_SetLineWidth
                0x0000000000000000        0x0 /opt/devkitpro/devkitPPC/lib/gcc/powerpc-eabi/4.6.3/crtbegin.o
 .rela.text.GX_SetPointSize
                0x0000000000000000        0x0 /opt/devkitpro/devkitPPC/lib/gcc/powerpc-eabi/4.6.3/crtbegin.o
 .rela.text.GX_SetTevColorIn
                0x0000000000000000        0x0 /opt/devkitpro/devkitPPC/lib/gcc/powerpc-eabi/4.6.3/crtbegin.o
 .rela.text.GX_SetTevAlphaIn
                0x0000000000000000        0x0 /opt/devkitpro/devkitPPC/lib/gcc/powerpc-eabi/4.6.3/crtbegin.o
 .rela.text.GX_SetTevColorOp
                0x0000000000000000        0x0 /opt/devkitpro/devkitPPC/lib/gcc/powerpc-eabi/4.6.3/crtbegin.o
 .rela.text.GX_SetTevAlphaOp
                0x0000000000000000        0x0 /opt/devkitpro/devkitPPC/lib/gcc/powerpc-eabi/4.6.3/crtbegin.o
 .rela.text.GX_SetCullMode
                0x0000000000000000        0x0 /opt/devkitpro/devkitPPC/lib/gcc/powerpc-eabi/4.6.3/crtbegin.o
 .rela.text.GX_SetCoPlanar
                0x0000000000000000        0x0 /opt/devkitpro/devkitPPC/lib/gcc/powerpc-eabi/4.6.3/crtbegin.o
 .rela.text.GX_EnableTexOffsets
                0x0000000000000000        0x0 /opt/devkitpro/devkitPPC/lib/gcc/powerpc-eabi/4.6.3/crtbegin.o
 .rela.text.GX_SetScissor
                0x0000000000000000        0x0 /opt/devkitpro/devkitPPC/lib/gcc/powerpc-eabi/4.6.3/crtbegin.o
 .rela.text.GX_SetNumChans
                0x0000000000000000        0x0 /opt/devkitpro/devkitPPC/lib/gcc/powerpc-eabi/4.6.3/crtbegin.o
 .rela.text.GX_SetTevOrder
                0x0000000000000000        0x0 /opt/devkitpro/devkitPPC/lib/gcc/powerpc-eabi/4.6.3/crtbegin.o
 .rela.text.GX_SetNumTevStages
                0x0000000000000000        0x0 /opt/devkitpro/devkitPPC/lib/gcc/powerpc-eabi/4.6.3/crtbegin.o
 .rela.text.GX_SetTevKColorSel
                0x0000000000000000        0x0 /opt/devkitpro/devkitPPC/lib/gcc/powerpc-eabi/4.6.3/crtbegin.o
 .rela.text.GX_SetTevKAlphaSel
                0x0000000000000000        0x0 /opt/devkitpro/devkitPPC/lib/gcc/powerpc-eabi/4.6.3/crtbegin.o
 .rela.text.GX_SetTevSwapMode
                0x0000000000000000        0x0 /opt/devkitpro/devkitPPC/lib/gcc/powerpc-eabi/4.6.3/crtbegin.o
 .rela.text.GX_SetTevSwapModeTable
                0x0000000000000000        0x0 /opt/devkitpro/devkitPPC/lib/gcc/powerpc-eabi/4.6.3/crtbegin.o
 .rela.text.GX_SetNumIndStages
                0x0000000000000000        0x0 /opt/devkitpro/devkitPPC/lib/gcc/powerpc-eabi/4.6.3/crtbegin.o
 .rela.text.GX_SetIndTexCoordScale
                0x0000000000000000        0x0 /opt/devkitpro/devkitPPC/lib/gcc/powerpc-eabi/4.6.3/crtbegin.o
 .rela.text.GX_SetColorUpdate
                0x0000000000000000        0x0 /opt/devkitpro/devkitPPC/lib/gcc/powerpc-eabi/4.6.3/crtbegin.o
 .rela.text.GX_SetAlphaUpdate
                0x0000000000000000        0x0 /opt/devkitpro/devkitPPC/lib/gcc/powerpc-eabi/4.6.3/crtbegin.o
 .rela.text.GX_SetZCompLoc
                0x0000000000000000        0x0 /opt/devkitpro/devkitPPC/lib/gcc/powerpc-eabi/4.6.3/crtbegin.o
 .rela.text.GX_SetPixelFmt
                0x0000000000000000        0x0 /opt/devkitpro/devkitPPC/lib/gcc/powerpc-eabi/4.6.3/crtbegin.o
 .rela.text.GX_SetDither
                0x0000000000000000        0x0 /opt/devkitpro/devkitPPC/lib/gcc/powerpc-eabi/4.6.3/crtbegin.o
 .rela.text.GX_SetDstAlpha
                0x0000000000000000        0x0 /opt/devkitpro/devkitPPC/lib/gcc/powerpc-eabi/4.6.3/crtbegin.o
 .rela.text.GX_SetFieldMode
                0x0000000000000000        0x0 /opt/devkitpro/devkitPPC/lib/gcc/powerpc-eabi/4.6.3/crtbegin.o
 .rela.text.GX_SetIndTexOrder
                0x0000000000000000        0x0 /opt/devkitpro/devkitPPC/lib/gcc/powerpc-eabi/4.6.3/crtbegin.o
 .rela.text.GX_SetGPMetric
                0x0000000000000000        0x0 /opt/devkitpro/devkitPPC/lib/gcc/powerpc-eabi/4.6.3/crtbegin.o
 .rela.text.GX_Init
                0x0000000000000000        0x0 /opt/devkitpro/devkitPPC/lib/gcc/powerpc-eabi/4.6.3/crtbegin.o
 .rela.text.GX_ReadGPMetric
                0x0000000000000000        0x0 /opt/devkitpro/devkitPPC/lib/gcc/powerpc-eabi/4.6.3/crtbegin.o
 .rela.text.c_decrementer_handler
                0x0000000000000000        0x0 /opt/devkitpro/devkitPPC/lib/gcc/powerpc-eabi/4.6.3/crtbegin.o
 .rela.text.__lwp_mqbox_free
                0x0000000000000000        0x0 /opt/devkitpro/devkitPPC/lib/gcc/powerpc-eabi/4.6.3/crtbegin.o
 .rela.text.__lwp_mqbox_open
                0x0000000000000000        0x0 /opt/devkitpro/devkitPPC/lib/gcc/powerpc-eabi/4.6.3/crtbegin.o
 .rela.text.__lwp_mqbox_init
                0x0000000000000000        0x0 /opt/devkitpro/devkitPPC/lib/gcc/powerpc-eabi/4.6.3/crtbegin.o
 .rela.text.MQ_Init
                0x0000000000000000        0x0 /opt/devkitpro/devkitPPC/lib/gcc/powerpc-eabi/4.6.3/crtbegin.o
 .rela.text.__ios_ioctlvformat_parse
                0x0000000000000000        0x0 /opt/devkitpro/devkitPPC/lib/gcc/powerpc-eabi/4.6.3/crtbegin.o
 .rela.text.__ioctlvfmtCB
                0x0000000000000000        0x0 /opt/devkitpro/devkitPPC/lib/gcc/powerpc-eabi/4.6.3/crtbegin.o
 .rela.text.IOS_IoctlvFormat
                0x0000000000000000        0x0 /opt/devkitpro/devkitPPC/lib/gcc/powerpc-eabi/4.6.3/crtbegin.o
 .rela.text.IOS_IoctlvFormatAsync
                0x0000000000000000        0x0 /opt/devkitpro/devkitPPC/lib/gcc/powerpc-eabi/4.6.3/crtbegin.o
 .rela.text.nanosleep
                0x0000000000000000        0x0 /opt/devkitpro/devkitPPC/lib/gcc/powerpc-eabi/4.6.3/crtbegin.o
 .rela.text.__libc_delete_hook
                0x0000000000000000        0x0 /opt/devkitpro/devkitPPC/lib/gcc/powerpc-eabi/4.6.3/crtbegin.o
 .rela.text.__libc_init
                0x0000000000000000        0x0 /opt/devkitpro/devkitPPC/lib/gcc/powerpc-eabi/4.6.3/crtbegin.o
 .rela.text.__libc_wrapup
                0x0000000000000000        0x0 /opt/devkitpro/devkitPPC/lib/gcc/powerpc-eabi/4.6.3/crtbegin.o
 .rela.text.kprintf
                0x0000000000000000        0x0 /opt/devkitpro/devkitPPC/lib/gcc/powerpc-eabi/4.6.3/crtbegin.o
 .rela.text.__CheckARGV
                0x0000000000000000        0x0 /opt/devkitpro/devkitPPC/lib/gcc/powerpc-eabi/4.6.3/crtbegin.o
 .rela.text.__lwp_priority_init
                0x0000000000000000        0x0 /opt/devkitpro/devkitPPC/lib/gcc/powerpc-eabi/4.6.3/crtbegin.o
 .rela.text.__lwp_wd_remove_ticks
                0x0000000000000000        0x0 /opt/devkitpro/devkitPPC/lib/gcc/powerpc-eabi/4.6.3/crtbegin.o
 .rela.text.__lwp_threadqueue_enqueue
                0x0000000000000000        0x0 /opt/devkitpro/devkitPPC/lib/gcc/powerpc-eabi/4.6.3/crtbegin.o
 .rela.text.__lwpmq_initialize
                0x0000000000000000        0x0 /opt/devkitpro/devkitPPC/lib/gcc/powerpc-eabi/4.6.3/crtbegin.o
 .rela.text.__lwpmq_close
                0x0000000000000000        0x0 /opt/devkitpro/devkitPPC/lib/gcc/powerpc-eabi/4.6.3/crtbegin.o
 .rela.text.__card_readcid
                0x0000000000000000        0x0 /opt/devkitpro/devkitPPC/lib/gcc/powerpc-eabi/4.6.3/crtbegin.o
 .rela.text.__card_readcsd
                0x0000000000000000        0x0 /opt/devkitpro/devkitPPC/lib/gcc/powerpc-eabi/4.6.3/crtbegin.o
 .rela.text.__card_sd_status
                0x0000000000000000        0x0 /opt/devkitpro/devkitPPC/lib/gcc/powerpc-eabi/4.6.3/crtbegin.o
 .rela.text.sdgecko_initIO
                0x0000000000000000        0x0 /opt/devkitpro/devkitPPC/lib/gcc/powerpc-eabi/4.6.3/crtbegin.o
 .rela.text.atangent
                0x0000000000000000        0x0 /opt/devkitpro/devkitPPC/lib/gcc/powerpc-eabi/4.6.3/crtbegin.o
 .rela.text.atangentf
                0x0000000000000000        0x0 /opt/devkitpro/devkitPPC/lib/gcc/powerpc-eabi/4.6.3/crtbegin.o
 .rela.text.sinef
                0x0000000000000000        0x0 /opt/devkitpro/devkitPPC/lib/gcc/powerpc-eabi/4.6.3/crtbegin.o
 .rela.text.sqrtf
                0x0000000000000000        0x0 /opt/devkitpro/devkitPPC/lib/gcc/powerpc-eabi/4.6.3/crtbegin.o
 .rela.text.calloc
                0x0000000000000000        0x0 /opt/devkitpro/devkitPPC/lib/gcc/powerpc-eabi/4.6.3/crtbegin.o
 .rela.text.__errno
                0x0000000000000000        0x0 /opt/devkitpro/devkitPPC/lib/gcc/powerpc-eabi/4.6.3/crtbegin.o
 .rela.text.exit
                0x0000000000000000        0x0 /opt/devkitpro/devkitPPC/lib/gcc/powerpc-eabi/4.6.3/crtbegin.o
 .rela.text.fclose
                0x0000000000000000        0x0 /opt/devkitpro/devkitPPC/lib/gcc/powerpc-eabi/4.6.3/crtbegin.o
 .rela.text.fflush
                0x0000000000000000        0x0 /opt/devkitpro/devkitPPC/lib/gcc/powerpc-eabi/4.6.3/crtbegin.o
 .rela.text.fgetc
                0x0000000000000000        0x0 /opt/devkitpro/devkitPPC/lib/gcc/powerpc-eabi/4.6.3/crtbegin.o
 .rela.text.std.isra.0
                0x0000000000000000        0x0 /opt/devkitpro/devkitPPC/lib/gcc/powerpc-eabi/4.6.3/crtbegin.o
 .rela.text._cleanup
                0x0000000000000000        0x0 /opt/devkitpro/devkitPPC/lib/gcc/powerpc-eabi/4.6.3/crtbegin.o
 .rela.text.__sfp
                0x0000000000000000        0x0 /opt/devkitpro/devkitPPC/lib/gcc/powerpc-eabi/4.6.3/crtbegin.o
 .rela.text.__fp_lock_all
                0x0000000000000000        0x0 /opt/devkitpro/devkitPPC/lib/gcc/powerpc-eabi/4.6.3/crtbegin.o
 .rela.text.__fp_unlock_all
                0x0000000000000000        0x0 /opt/devkitpro/devkitPPC/lib/gcc/powerpc-eabi/4.6.3/crtbegin.o
 .rela.text._fopen_r
                0x0000000000000000        0x0 /opt/devkitpro/devkitPPC/lib/gcc/powerpc-eabi/4.6.3/crtbegin.o
 .rela.text.fopen
                0x0000000000000000        0x0 /opt/devkitpro/devkitPPC/lib/gcc/powerpc-eabi/4.6.3/crtbegin.o
 .rela.text.fprintf
                0x0000000000000000        0x0 /opt/devkitpro/devkitPPC/lib/gcc/powerpc-eabi/4.6.3/crtbegin.o
 .rela.text.fputs
                0x0000000000000000        0x0 /opt/devkitpro/devkitPPC/lib/gcc/powerpc-eabi/4.6.3/crtbegin.o
 .rela.text._malloc_trim_r
                0x0000000000000000        0x0 /opt/devkitpro/devkitPPC/lib/gcc/powerpc-eabi/4.6.3/crtbegin.o
 .rela.text._free_r
                0x0000000000000000        0x0 /opt/devkitpro/devkitPPC/lib/gcc/powerpc-eabi/4.6.3/crtbegin.o
 .rela.text._fseek_r
                0x0000000000000000        0x0 /opt/devkitpro/devkitPPC/lib/gcc/powerpc-eabi/4.6.3/crtbegin.o
 .rela.text.fseek
                0x0000000000000000        0x0 /opt/devkitpro/devkitPPC/lib/gcc/powerpc-eabi/4.6.3/crtbegin.o
 .rela.text.ftell
                0x0000000000000000        0x0 /opt/devkitpro/devkitPPC/lib/gcc/powerpc-eabi/4.6.3/crtbegin.o
 .rela.text.fwrite
                0x0000000000000000        0x0 /opt/devkitpro/devkitPPC/lib/gcc/powerpc-eabi/4.6.3/crtbegin.o
 .rela.text.loadlocale
                0x0000000000000000        0x0 /opt/devkitpro/devkitPPC/lib/gcc/powerpc-eabi/4.6.3/crtbegin.o
 .rela.text.__smakebuf_r
                0x0000000000000000        0x0 /opt/devkitpro/devkitPPC/lib/gcc/powerpc-eabi/4.6.3/crtbegin.o
 .rela.text._mbrtowc_r
                0x0000000000000000        0x0 /opt/devkitpro/devkitPPC/lib/gcc/powerpc-eabi/4.6.3/crtbegin.o
 .rela.text.mbrtowc
                0x0000000000000000        0x0 /opt/devkitpro/devkitPPC/lib/gcc/powerpc-eabi/4.6.3/crtbegin.o
 .rela.text.mktime
                0x0000000000000000        0x0 /opt/devkitpro/devkitPPC/lib/gcc/powerpc-eabi/4.6.3/crtbegin.o
 .rela.text._mktm_r
                0x0000000000000000        0x0 /opt/devkitpro/devkitPPC/lib/gcc/powerpc-eabi/4.6.3/crtbegin.o
 .rela.text._wcrtomb_r
                0x0000000000000000        0x0 /opt/devkitpro/devkitPPC/lib/gcc/powerpc-eabi/4.6.3/crtbegin.o
 .rela.text.wcrtomb
                0x0000000000000000        0x0 /opt/devkitpro/devkitPPC/lib/gcc/powerpc-eabi/4.6.3/crtbegin.o
 .rela.text.wctob
                0x0000000000000000        0x0 /opt/devkitpro/devkitPPC/lib/gcc/powerpc-eabi/4.6.3/crtbegin.o
 .rela.text.__call_exitprocs
                0x0000000000000000        0x0 /opt/devkitpro/devkitPPC/lib/gcc/powerpc-eabi/4.6.3/crtbegin.o
 .rela.text._dtoa_r
                0x0000000000000000        0x0 /opt/devkitpro/devkitPPC/lib/gcc/powerpc-eabi/4.6.3/crtbegin.o
 .rela.text._findenv_r
                0x0000000000000000        0x0 /opt/devkitpro/devkitPPC/lib/gcc/powerpc-eabi/4.6.3/crtbegin.o

.rel.fini
 *(.rel.fini)

.rela.fini
 *(.rela.fini)

.rel.rodata
 *(.rel.rodata .rel.rodata.* .rel.gnu.linkonce.r.*)

.rela.rodata    0x0000000080004194        0x0
 *(.rela.rodata .rela.rodata.* .rela.gnu.linkonce.r.*)
 .rela.rodata.dotab_fat
                0x0000000000000000        0x0 /opt/devkitpro/devkitPPC/lib/gcc/powerpc-eabi/4.6.3/crtbegin.o

.rel.data
 *(.rel.data .rel.data.* .rel.gnu.linkonce.d.*)

.rela.data
 *(.rela.data .rela.data.* .rela.gnu.linkonce.d.*)

.rel.tdata
 *(.rel.tdata .rel.tdata.* .rel.gnu.linkonce.td.*)

.rela.tdata
 *(.rela.tdata .rela.tdata.* .rela.gnu.linkonce.td.*)

.rel.tbss
 *(.rel.tbss .rel.tbss.* .rel.gnu.linkonce.tb.*)

.rela.tbss
 *(.rela.tbss .rela.tbss.* .rela.gnu.linkonce.tb.*)

.rel.ctors
 *(.rel.ctors)

.rela.ctors
 *(.rela.ctors)

.rel.dtors
 *(.rel.dtors)

.rela.dtors
 *(.rela.dtors)

.rel.got
 *(.rel.got)

.rela.got
 *(.rela.got)

.rela.got1
 *(.rela.got1)

.rela.got2      0x0000000080004194        0x0
 *(.rela.got2)
 .rela.got2     0x0000000000000000        0x0 /opt/devkitpro/devkitPPC/lib/gcc/powerpc-eabi/4.6.3/crtbegin.o

.rel.sdata
 *(.rel.sdata .rel.sdata.* .rel.gnu.linkonce.s.*)

.rela.sdata
 *(.rela.sdata .rela.sdata.* .rela.gnu.linkonce.s.*)

.rel.sbss
 *(.rel.sbss .rel.sbss.* .rel.gnu.linkonce.sb.*)

.rela.sbss
 *(.rela.sbss .rela.sbss.* .rel.gnu.linkonce.sb.*)

.rel.sdata2
 *(.rel.sdata2 .rel.sdata2.* .rel.gnu.linkonce.s2.*)

.rela.sdata2
 *(.rela.sdata2 .rela.sdata2.* .rela.gnu.linkonce.s2.*)

.rel.sbss2
 *(.rel.sbss2 .rel.sbss2.* .rel.gnu.linkonce.sb2.*)

.rela.sbss2
 *(.rela.sbss2 .rela.sbss2.* .rela.gnu.linkonce.sb2.*)

.rel.bss
 *(.rel.bss .rel.bss.* .rel.gnu.linkonce.b.*)

.rela.bss
 *(.rela.bss .rela.bss.* .rela.gnu.linkonce.b.*)

.rel.plt
 *(.rel.plt)

.rela.plt
 *(.rela.plt)

.text           0x00000000800041a0    0x4a220
 *(.text)
 .text          0x00000000800041a0      0x168 /opt/devkitpro/devkitPPC/lib/gcc/powerpc-eabi/4.6.3/crtbegin.o
 .text          0x0000000080004308       0x44 /opt/devkitpro/devkitPPC/lib/gcc/powerpc-eabi/4.6.3/../../../../powerpc-eabi/lib/crtmain.o
                0x000000008000430c                __crtmain
 .text          0x000000008000434c      0x1c0 /opt/devkitpro/libogc/lib/wii/libdb.a(debug_handler.o)
                0x000000008000434c                dbg_exceptionhandler
                0x0000000080004478                __set_iabr
                0x000000008000449c                __enable_iabr
                0x00000000800044c4                __disable_iabr
                0x00000000800044ec                __clr_iabr
 *fill*         0x000000008000450c       0x14 00000000
 .text          0x0000000080004520      0x44c /opt/devkitpro/libogc/lib/wii/libogc.a(lwp_handler.o)
                0x0000000080004520                _cpu_context_save_fp
                0x0000000080004660                _cpu_context_restore_fp
                0x00000000800047a0                _cpu_context_switch
                0x0000000080004880                _cpu_context_save
                0x0000000080004900                _cpu_context_restore
 .text          0x000000008000496c      0x1ac /opt/devkitpro/libogc/lib/wii/libogc.a(irq_handler.o)
                0x000000008000496c                irq_exceptionhandler
 .text          0x0000000080004b18      0x4f4 /opt/devkitpro/libogc/lib/wii/libogc.a(cache_asm.o)
                0x0000000080004b18                DCFlashInvalidate
                0x0000000080004b2c                DCEnable
                0x0000000080004b40                DCDisable
                0x0000000080004b54                DCFreeze
                0x0000000080004b68                DCUnfreeze
                0x0000000080004b7c                DCTouchLoad
                0x0000000080004b84                DCBlockZero
                0x0000000080004b8c                DCBlockStore
                0x0000000080004b94                DCBlockFlush
                0x0000000080004b9c                DCBlockInvalidate
                0x0000000080004ba4                DCInvalidateRange
                0x0000000080004bd4                DCFlushRange
                0x0000000080004c08                DCStoreRange
                0x0000000080004c3c                DCFlushRangeNoSync
                0x0000000080004c6c                DCStoreRangeNoSync
                0x0000000080004c9c                DCZeroRange
                0x0000000080004ccc                DCTouchRange
                0x0000000080004cfc                ICInvalidateRange
                0x0000000080004d34                ICFlashInvalidate
                0x0000000080004d48                ICEnable
                0x0000000080004d5c                ICDisable
                0x0000000080004d70                ICFreeze
                0x0000000080004d84                ICUnfreeze
                0x0000000080004d98                ICBlockInvalidate
                0x0000000080004da0                ICSync
                0x0000000080004da8                L2Init
                0x0000000080004df0                L2Enable
                0x0000000080004e0c                L2Disable
                0x0000000080004e24                L2GlobalInvalidate
                0x0000000080004e7c                __LCEnable
                0x0000000080004f48                LCDisable
                0x0000000080004f70                LCAllocOneTag
                0x0000000080004f84                LCAllocTags
                0x0000000080004fc4                LCLoadBlocks
                0x0000000080004fe8                LCStoreBlocks
 .text          0x000000008000500c      0x4a0 /opt/devkitpro/libogc/lib/wii/libogc.a(system_asm.o)
                0x000000008000500c                __realmode
                0x0000000080005024                __configBATS
                0x0000000080005154                __InitFPRS
                0x0000000080005280                __InitPS
                0x00000000800052dc                __InitCache
                0x0000000080005334                __InitSystem
                0x00000000800053bc                __flush_cache
                0x00000000800053f0                __reset
                0x0000000080005460                __InitBATS
                0x000000008000547c                SYS_SwitchFiber
 .text          0x00000000800054ac      0x1ac /opt/devkitpro/libogc/lib/wii/libogc.a(decrementer_handler.o)
                0x00000000800054ac                dec_exceptionhandler
 .text          0x0000000080005658      0x35c /opt/devkitpro/libogc/lib/wii/libogc.a(exception_handler.o)
                0x0000000080005658                exceptionhandler_start
                0x00000000800056d4                exceptionhandler_patch
                0x0000000080005708                exceptionhandler_end
                0x000000008000570c                default_exceptionhandler
                0x000000008000583c                fpu_exceptionhandler
                0x0000000080005984                systemcallhandler_start
                0x00000000800059b0                systemcallhandler_end
 .text          0x00000000800059b4       0x40 /opt/devkitpro/devkitPPC/lib/gcc/powerpc-eabi/4.6.3/libgcc.a(_ashldi3.o)
                0x00000000800059b4                __ashldi3
 .text          0x00000000800059f4      0x448 /opt/devkitpro/devkitPPC/lib/gcc/powerpc-eabi/4.6.3/libgcc.a(_divdi3.o)
                0x00000000800059f4                __divdi3
 .text          0x0000000080005e3c      0x400 /opt/devkitpro/devkitPPC/lib/gcc/powerpc-eabi/4.6.3/libgcc.a(_udivdi3.o)
                0x0000000080005e3c                __udivdi3
 .text          0x000000008000623c      0x3d4 /opt/devkitpro/devkitPPC/lib/gcc/powerpc-eabi/4.6.3/libgcc.a(_umoddi3.o)
                0x000000008000623c                __umoddi3
 .text          0x0000000080006610       0x48 /opt/devkitpro/devkitPPC/lib/gcc/powerpc-eabi/4.6.3/libgcc.a(eabi.o)
                0x0000000080006610                __eabi
 .text          0x0000000080006658       0x4c /opt/devkitpro/devkitPPC/lib/gcc/powerpc-eabi/4.6.3/libgcc.a(crtsavfpr.o)
                0x0000000080006658                _savefpr_14
                0x000000008000665c                _savefpr_15
                0x0000000080006660                _savefpr_16
                0x0000000080006664                _savefpr_17
                0x0000000080006668                _savefpr_18
                0x000000008000666c                _savefpr_19
                0x0000000080006670                _savefpr_20
                0x0000000080006674                _savefpr_21
                0x0000000080006678                _savefpr_22
                0x000000008000667c                _savefpr_23
                0x0000000080006680                _savefpr_24
                0x0000000080006684                _savefpr_25
                0x0000000080006688                _savefpr_26
                0x000000008000668c                _savefpr_27
                0x0000000080006690                _savefpr_28
                0x0000000080006694                _savefpr_29
                0x0000000080006698                _savefpr_30
                0x000000008000669c                _savefpr_31
 .text          0x00000000800066a4       0x4c /opt/devkitpro/devkitPPC/lib/gcc/powerpc-eabi/4.6.3/libgcc.a(crtsavgpr.o)
                0x00000000800066a4                _savegpr_14
                0x00000000800066a8                _savegpr_15
                0x00000000800066ac                _savegpr_16
                0x00000000800066b0                _savegpr_17
                0x00000000800066b4                _savegpr_18
                0x00000000800066b8                _savegpr_19
                0x00000000800066bc                _savegpr_20
                0x00000000800066c0                _savegpr_21
                0x00000000800066c4                _savegpr_22
                0x00000000800066c8                _savegpr_23
                0x00000000800066cc                _savegpr_24
                0x00000000800066d0                _savegpr_25
                0x00000000800066d4                _savegpr_26
                0x00000000800066d8                _savegpr_27
                0x00000000800066dc                _savegpr_28
                0x00000000800066e0                _savegpr_29
                0x00000000800066e4                _savegpr_30
                0x00000000800066e8                _savegpr_31
 .text          0x00000000800066f0       0x4c /opt/devkitpro/devkitPPC/lib/gcc/powerpc-eabi/4.6.3/libgcc.a(crtresgpr.o)
                0x00000000800066f0                _restgpr_14
                0x00000000800066f4                _restgpr_15
                0x00000000800066f8                _restgpr_16
                0x00000000800066fc                _restgpr_17
                0x0000000080006700                _restgpr_18
                0x0000000080006704                _restgpr_19
                0x0000000080006708                _restgpr_20
                0x000000008000670c                _restgpr_21
                0x0000000080006710                _restgpr_22
                0x0000000080006714                _restgpr_23
                0x0000000080006718                _restgpr_24
                0x000000008000671c                _restgpr_25
                0x0000000080006720                _restgpr_26
                0x0000000080006724                _restgpr_27
                0x0000000080006728                _restgpr_28
                0x000000008000672c                _restgpr_29
                0x0000000080006730                _restgpr_30
                0x0000000080006734                _restgpr_31
 .text          0x000000008000673c       0x58 /opt/devkitpro/devkitPPC/lib/gcc/powerpc-eabi/4.6.3/libgcc.a(crtresxfpr.o)
                0x000000008000673c                _restfpr_14_x
                0x0000000080006740                _restfpr_15_x
                0x0000000080006744                _restfpr_16_x
                0x0000000080006748                _restfpr_17_x
                0x000000008000674c                _restfpr_18_x
                0x0000000080006750                _restfpr_19_x
                0x0000000080006754                _restfpr_20_x
                0x0000000080006758                _restfpr_21_x
                0x000000008000675c                _restfpr_22_x
                0x0000000080006760                _restfpr_23_x
                0x0000000080006764                _restfpr_24_x
                0x0000000080006768                _restfpr_25_x
                0x000000008000676c                _restfpr_26_x
                0x0000000080006770                _restfpr_27_x
                0x0000000080006774                _restfpr_28_x
                0x0000000080006778                _restfpr_29_x
                0x000000008000677c                _restfpr_30_x
                0x0000000080006780                _restfpr_31_x
 .text          0x0000000080006794       0x58 /opt/devkitpro/devkitPPC/lib/gcc/powerpc-eabi/4.6.3/libgcc.a(crtresxgpr.o)
                0x0000000080006794                _restgpr_14_x
                0x0000000080006798                _restgpr_15_x
                0x000000008000679c                _restgpr_16_x
                0x00000000800067a0                _restgpr_17_x
                0x00000000800067a4                _restgpr_18_x
                0x00000000800067a8                _restgpr_19_x
                0x00000000800067ac                _restgpr_20_x
                0x00000000800067b0                _restgpr_21_x
                0x00000000800067b4                _restgpr_22_x
                0x00000000800067b8                _restgpr_23_x
                0x00000000800067bc                _restgpr_24_x
                0x00000000800067c0                _restgpr_25_x
                0x00000000800067c4                _restgpr_26_x
                0x00000000800067c8                _restgpr_27_x
                0x00000000800067cc                _restgpr_28_x
                0x00000000800067d0                _restgpr_29_x
                0x00000000800067d4                _restgpr_30_x
                0x00000000800067d8                _restgpr_31_x
 .text          0x00000000800067ec       0x28 /opt/devkitpro/devkitPPC/lib/gcc/powerpc-eabi/4.6.3/../../../../powerpc-eabi/lib/libsysbase.a(abort.o)
                0x00000000800067ec                abort
 .text          0x0000000080006814      0x2ec /opt/devkitpro/devkitPPC/lib/gcc/powerpc-eabi/4.6.3/../../../../powerpc-eabi/lib/libsysbase.a(iosupport.o)
                0x0000000080006814                setDefaultDevice
                0x000000008000682c                FindDevice
                0x0000000080006950                RemoveDevice
                0x00000000800069a0                AddDevice
                0x0000000080006abc                GetDeviceOpTab
 .text          0x0000000080006b00       0x28 /opt/devkitpro/devkitPPC/lib/gcc/powerpc-eabi/4.6.3/../../../../powerpc-eabi/lib/libsysbase.a(_exit.o)
                0x0000000080006b00                _exit
 .text          0x0000000080006b28      0x4cc /opt/devkitpro/devkitPPC/lib/gcc/powerpc-eabi/4.6.3/../../../../powerpc-eabi/lib/libsysbase.a(chdir.o)
                0x0000000080006b28                _concatenate_path
                0x0000000080006d78                chdir
                0x0000000080006f10                getcwd
 .text          0x0000000080006ff4       0x88 /opt/devkitpro/devkitPPC/lib/gcc/powerpc-eabi/4.6.3/../../../../powerpc-eabi/lib/libsysbase.a(mkdir.o)
                0x0000000080006ff4                mkdir
 .text          0x000000008000707c       0x90 /opt/devkitpro/devkitPPC/lib/gcc/powerpc-eabi/4.6.3/../../../../powerpc-eabi/lib/libsysbase.a(build_argv.o)
                0x000000008000707c                build_argv
 .text          0x000000008000710c      0x168 /opt/devkitpro/devkitPPC/lib/gcc/powerpc-eabi/4.6.3/../../../../powerpc-eabi/lib/libsysbase.a(syscall_support.o)
                0x000000008000710c                __libc_lock_init
                0x000000008000714c                __libc_lock_close
                0x000000008000718c                __libc_lock_release
                0x00000000800071cc                __libc_lock_acquire
                0x000000008000720c                __malloc_lock
                0x0000000080007240                __malloc_unlock
 .text          0x0000000080007274      0x518 /opt/devkitpro/devkitPPC/lib/gcc/powerpc-eabi/4.6.3/../../../../powerpc-eabi/lib/libsysbase.a(dirent.o)
                0x0000000080007274                opendir
                0x00000000800073d4                closedir
                0x000000008000748c                readdir
                0x00000000800075c4                rewinddir
                0x0000000080007640                seekdir
                0x0000000080007778                telldir
 .text          0x000000008000778c       0x98 /opt/devkitpro/devkitPPC/lib/gcc/powerpc-eabi/4.6.3/../../../../powerpc-eabi/lib/libsysbase.a(close.o)
                0x000000008000778c                _close_r
 .text          0x0000000080007824       0xc8 /opt/devkitpro/devkitPPC/lib/gcc/powerpc-eabi/4.6.3/../../../../powerpc-eabi/lib/libsysbase.a(fstat.o)
                0x0000000080007824                _fstat_r
 .text          0x00000000800078ec        0x8 /opt/devkitpro/devkitPPC/lib/gcc/powerpc-eabi/4.6.3/../../../../powerpc-eabi/lib/libsysbase.a(isatty.o)
                0x00000000800078ec                _isatty_r
 .text          0x00000000800078f4       0xcc /opt/devkitpro/devkitPPC/lib/gcc/powerpc-eabi/4.6.3/../../../../powerpc-eabi/lib/libsysbase.a(lseek.o)
                0x00000000800078f4                _lseek_r
 .text          0x00000000800079c0      0x14c /opt/devkitpro/devkitPPC/lib/gcc/powerpc-eabi/4.6.3/../../../../powerpc-eabi/lib/libsysbase.a(open.o)
                0x00000000800079c0                _open_r
 .text          0x0000000080007b0c       0xac /opt/devkitpro/devkitPPC/lib/gcc/powerpc-eabi/4.6.3/../../../../powerpc-eabi/lib/libsysbase.a(read.o)
                0x0000000080007b0c                _read_r
 .text          0x0000000080007bb8       0x50 /opt/devkitpro/devkitPPC/lib/gcc/powerpc-eabi/4.6.3/../../../../powerpc-eabi/lib/libsysbase.a(sbrk.o)
                0x0000000080007bb8                _sbrk_r
 .text          0x0000000080007c08       0x80 /opt/devkitpro/devkitPPC/lib/gcc/powerpc-eabi/4.6.3/../../../../powerpc-eabi/lib/libsysbase.a(unlink.o)
                0x0000000080007c08                _unlink_r
 .text          0x0000000080007c88       0xac /opt/devkitpro/devkitPPC/lib/gcc/powerpc-eabi/4.6.3/../../../../powerpc-eabi/lib/libsysbase.a(write.o)
                0x0000000080007c88                _write_r
 .text          0x0000000080007d34       0x6c /opt/devkitpro/devkitPPC/lib/gcc/powerpc-eabi/4.6.3/../../../../powerpc-eabi/lib/libsysbase.a(flock.o)
                0x0000000080007d34                __flockfile
                0x0000000080007d7c                __funlockfile
 .text          0x0000000080007da0      0x174 /opt/devkitpro/devkitPPC/lib/gcc/powerpc-eabi/4.6.3/../../../../powerpc-eabi/lib/libsysbase.a(handle_manager.o)
                0x0000000080007da0                __release_handle
                0x0000000080007dfc                __alloc_handle
                0x0000000080007ef0                __get_handle
 .text          0x0000000080007f14       0x6c /opt/devkitpro/devkitPPC/lib/gcc/powerpc-eabi/4.6.3/crtend.o
 *(.text.*)
 .text.GetCtlType
                0x0000000080007f80       0x74 ctlaliases.o
                0x0000000080007f80                GetCtlType
 .text.GetCtlAlias
                0x0000000080007ff4      0x218 ctlaliases.o
                0x0000000080007ff4                GetCtlAlias
 .text.startup.main
                0x000000008000820c      0x344 main.o
                0x000000008000820c                main
 .text.tcp_write
                0x0000000080008550      0x128 networkstuff.o
                0x0000000080008550                tcp_write
 .text.httprep  0x0000000080008678       0x94 networkstuff.o
                0x0000000080008678                httprep
 .text.request_file
                0x000000008000870c      0x2a8 networkstuff.o
                0x000000008000870c                request_file
 .text.server_connect
                0x00000000800089b4      0x100 networkstuff.o
                0x00000000800089b4                server_connect
 .text.initialise_network
                0x0000000080008ab4       0x90 networkstuff.o
                0x0000000080008ab4                initialise_network
 .text.filedl   0x0000000080008b44      0x17c networkstuff.o
                0x0000000080008b44                filedl
 .text.readfile
                0x0000000080008cc0      0x154 networkstuff.o
                0x0000000080008cc0                readfile
 .text.fatMount
                0x0000000080008e14      0x120 /opt/devkitpro/libogc/lib/wii/libfat.a(libfat.o)
                0x0000000080008e14                fatMount
 .text.fatInit  0x0000000080008f34      0x19c /opt/devkitpro/libogc/lib/wii/libfat.a(libfat.o)
                0x0000000080008f34                fatInit
 .text.fatInitDefault
                0x00000000800090d0        0xc /opt/devkitpro/libogc/lib/wii/libfat.a(libfat.o)
                0x00000000800090d0                fatInitDefault
 .text.u8array_to_u16
                0x00000000800090dc       0x18 /opt/devkitpro/libogc/lib/wii/libfat.a(partition.o)
 .text.u8array_to_u32
                0x00000000800090f4       0x30 /opt/devkitpro/libogc/lib/wii/libfat.a(partition.o)
 .text.u32_to_u8array
                0x0000000080009124       0x20 /opt/devkitpro/libogc/lib/wii/libfat.a(partition.o)
 .text.FindFirstValidPartition_buf
                0x0000000080009144      0x1ec /opt/devkitpro/libogc/lib/wii/libfat.a(partition.o)
                0x0000000080009144                FindFirstValidPartition_buf
 .text._FAT_partition_getPartitionFromPath
                0x0000000080009330       0x34 /opt/devkitpro/libogc/lib/wii/libfat.a(partition.o)
                0x0000000080009330                _FAT_partition_getPartitionFromPath
 .text._FAT_partition_createFSinfo
                0x0000000080009364       0xec /opt/devkitpro/libogc/lib/wii/libfat.a(partition.o)
                0x0000000080009364                _FAT_partition_createFSinfo
 .text._FAT_partition_readFSinfo
                0x0000000080009450       0xe0 /opt/devkitpro/libogc/lib/wii/libfat.a(partition.o)
                0x0000000080009450                _FAT_partition_readFSinfo
 .text._FAT_partition_constructor_buf
                0x0000000080009530      0x384 /opt/devkitpro/libogc/lib/wii/libfat.a(partition.o)
                0x0000000080009530                _FAT_partition_constructor_buf
 .text._FAT_partition_constructor
                0x00000000800098b4       0x68 /opt/devkitpro/libogc/lib/wii/libfat.a(partition.o)
                0x00000000800098b4                _FAT_partition_constructor
 .text._FAT_cache_getPage
                0x000000008000991c      0x160 /opt/devkitpro/libogc/lib/wii/libfat.a(cache.o)
 .text._FAT_cache_constructor
                0x0000000080009a7c       0xd4 /opt/devkitpro/libogc/lib/wii/libfat.a(cache.o)
                0x0000000080009a7c                _FAT_cache_constructor
 .text._FAT_cache_readSectors
                0x0000000080009b50       0xa0 /opt/devkitpro/libogc/lib/wii/libfat.a(cache.o)
                0x0000000080009b50                _FAT_cache_readSectors
 .text._FAT_cache_readPartialSector
                0x0000000080009bf0       0x80 /opt/devkitpro/libogc/lib/wii/libfat.a(cache.o)
                0x0000000080009bf0                _FAT_cache_readPartialSector
 .text._FAT_cache_readLittleEndianValue
                0x0000000080009c70       0x98 /opt/devkitpro/libogc/lib/wii/libfat.a(cache.o)
                0x0000000080009c70                _FAT_cache_readLittleEndianValue
 .text._FAT_cache_writePartialSector
                0x0000000080009d08       0x88 /opt/devkitpro/libogc/lib/wii/libfat.a(cache.o)
                0x0000000080009d08                _FAT_cache_writePartialSector
 .text._FAT_cache_writeLittleEndianValue
                0x0000000080009d90       0x84 /opt/devkitpro/libogc/lib/wii/libfat.a(cache.o)
                0x0000000080009d90                _FAT_cache_writeLittleEndianValue
 .text._FAT_cache_eraseWritePartialSector
                0x0000000080009e14       0xa0 /opt/devkitpro/libogc/lib/wii/libfat.a(cache.o)
                0x0000000080009e14                _FAT_cache_eraseWritePartialSector
 .text._FAT_cache_writeSectors
                0x0000000080009eb4       0xa8 /opt/devkitpro/libogc/lib/wii/libfat.a(cache.o)
                0x0000000080009eb4                _FAT_cache_writeSectors
 .text._FAT_cache_flush
                0x0000000080009f5c       0x8c /opt/devkitpro/libogc/lib/wii/libfat.a(cache.o)
                0x0000000080009f5c                _FAT_cache_flush
 .text.u8array_to_u16
                0x0000000080009fe8       0x18 /opt/devkitpro/libogc/lib/wii/libfat.a(directory.o)
 .text.u16_to_u8array
                0x000000008000a000       0x10 /opt/devkitpro/libogc/lib/wii/libfat.a(directory.o)
 .text._FAT_directory_entryGetAlias
                0x000000008000a010      0x124 /opt/devkitpro/libogc/lib/wii/libfat.a(directory.o)
 .text._FAT_directory_mbsncasecmp
                0x000000008000a134       0xec /opt/devkitpro/libogc/lib/wii/libfat.a(directory.o)
 .text._FAT_directory_incrementDirEntryPosition
                0x000000008000a220      0x104 /opt/devkitpro/libogc/lib/wii/libfat.a(directory.o)
 .text._FAT_fat_clusterToSector
                0x000000008000a324       0x28 /opt/devkitpro/libogc/lib/wii/libfat.a(directory.o)
 .text._FAT_directory_ucs2tombs.constprop.6
                0x000000008000a34c       0xf8 /opt/devkitpro/libogc/lib/wii/libfat.a(directory.o)
 .text._FAT_directory_entryGetCluster
                0x000000008000a444       0x54 /opt/devkitpro/libogc/lib/wii/libfat.a(directory.o)
                0x000000008000a444                _FAT_directory_entryGetCluster
 .text._FAT_directory_getNextEntry
                0x000000008000a498      0x294 /opt/devkitpro/libogc/lib/wii/libfat.a(directory.o)
                0x000000008000a498                _FAT_directory_getNextEntry
 .text._FAT_directory_getFirstEntry
                0x000000008000a72c       0x28 /opt/devkitpro/libogc/lib/wii/libfat.a(directory.o)
                0x000000008000a72c                _FAT_directory_getFirstEntry
 .text._FAT_directory_entryExists
                0x000000008000a754       0xc4 /opt/devkitpro/libogc/lib/wii/libfat.a(directory.o)
 .text._FAT_directory_getRootEntry
                0x000000008000a818       0xa8 /opt/devkitpro/libogc/lib/wii/libfat.a(directory.o)
                0x000000008000a818                _FAT_directory_getRootEntry
 .text._FAT_directory_entryFromPosition
                0x000000008000a8c0      0x19c /opt/devkitpro/libogc/lib/wii/libfat.a(directory.o)
                0x000000008000a8c0                _FAT_directory_entryFromPosition
 .text._FAT_directory_entryFromPath
                0x000000008000aa5c      0x29c /opt/devkitpro/libogc/lib/wii/libfat.a(directory.o)
                0x000000008000aa5c                _FAT_directory_entryFromPath
 .text._FAT_directory_removeEntry
                0x000000008000acf8       0xf0 /opt/devkitpro/libogc/lib/wii/libfat.a(directory.o)
                0x000000008000acf8                _FAT_directory_removeEntry
 .text._FAT_directory_addEntry
                0x000000008000ade8      0xa00 /opt/devkitpro/libogc/lib/wii/libfat.a(directory.o)
                0x000000008000ade8                _FAT_directory_addEntry
 .text._FAT_directory_chdir
                0x000000008000b7e8       0x60 /opt/devkitpro/libogc/lib/wii/libfat.a(directory.o)
                0x000000008000b7e8                _FAT_directory_chdir
 .text._FAT_directory_entryStat
                0x000000008000b848      0x174 /opt/devkitpro/libogc/lib/wii/libfat.a(directory.o)
                0x000000008000b848                _FAT_directory_entryStat
 .text.get_io_wiisd
                0x000000008000b9bc        0xc /opt/devkitpro/libogc/lib/wii/libfat.a(disc.o)
 .text.get_io_usbstorage
                0x000000008000b9c8        0xc /opt/devkitpro/libogc/lib/wii/libfat.a(disc.o)
 .text.get_io_gcsda
                0x000000008000b9d4        0xc /opt/devkitpro/libogc/lib/wii/libfat.a(disc.o)
 .text.get_io_gcsdb
                0x000000008000b9e0        0xc /opt/devkitpro/libogc/lib/wii/libfat.a(disc.o)
 .text.u16_to_u8array
                0x000000008000b9ec       0x10 /opt/devkitpro/libogc/lib/wii/libfat.a(fatdir.o)
 .text._FAT_lock.isra.4
                0x000000008000b9fc       0x20 /opt/devkitpro/libogc/lib/wii/libfat.a(fatdir.o)
 .text._FAT_unlock.isra.5
                0x000000008000ba1c       0x20 /opt/devkitpro/libogc/lib/wii/libfat.a(fatdir.o)
 .text._FAT_stat_r
                0x000000008000ba3c       0xc4 /opt/devkitpro/libogc/lib/wii/libfat.a(fatdir.o)
                0x000000008000ba3c                _FAT_stat_r
 .text._FAT_link_r
                0x000000008000bb00       0x10 /opt/devkitpro/libogc/lib/wii/libfat.a(fatdir.o)
                0x000000008000bb00                _FAT_link_r
 .text._FAT_unlink_r
                0x000000008000bb10      0x1cc /opt/devkitpro/libogc/lib/wii/libfat.a(fatdir.o)
                0x000000008000bb10                _FAT_unlink_r
 .text._FAT_chdir_r
                0x000000008000bcdc       0xa0 /opt/devkitpro/libogc/lib/wii/libfat.a(fatdir.o)
                0x000000008000bcdc                _FAT_chdir_r
 .text._FAT_rename_r
                0x000000008000bd7c      0x238 /opt/devkitpro/libogc/lib/wii/libfat.a(fatdir.o)
                0x000000008000bd7c                _FAT_rename_r
 .text._FAT_mkdir_r
                0x000000008000bfb4      0x358 /opt/devkitpro/libogc/lib/wii/libfat.a(fatdir.o)
                0x000000008000bfb4                _FAT_mkdir_r
 .text._FAT_statvfs_r
                0x000000008000c30c       0xe0 /opt/devkitpro/libogc/lib/wii/libfat.a(fatdir.o)
                0x000000008000c30c                _FAT_statvfs_r
 .text._FAT_diropen_r
                0x000000008000c3ec      0x10c /opt/devkitpro/libogc/lib/wii/libfat.a(fatdir.o)
                0x000000008000c3ec                _FAT_diropen_r
 .text._FAT_dirreset_r
                0x000000008000c4f8       0x74 /opt/devkitpro/libogc/lib/wii/libfat.a(fatdir.o)
                0x000000008000c4f8                _FAT_dirreset_r
 .text._FAT_dirnext_r
                0x000000008000c56c       0xc4 /opt/devkitpro/libogc/lib/wii/libfat.a(fatdir.o)
                0x000000008000c56c                _FAT_dirnext_r
 .text._FAT_dirclose_r
                0x000000008000c630       0x44 /opt/devkitpro/libogc/lib/wii/libfat.a(fatdir.o)
                0x000000008000c630                _FAT_dirclose_r
 .text.u16_to_u8array
                0x000000008000c674       0x10 /opt/devkitpro/libogc/lib/wii/libfat.a(fatfile.o)
 .text._FAT_fat_clusterToSector
                0x000000008000c684       0x28 /opt/devkitpro/libogc/lib/wii/libfat.a(fatfile.o)
 .text._FAT_lock.isra.4
                0x000000008000c6ac       0x20 /opt/devkitpro/libogc/lib/wii/libfat.a(fatfile.o)
 .text._FAT_unlock.isra.5
                0x000000008000c6cc       0x20 /opt/devkitpro/libogc/lib/wii/libfat.a(fatfile.o)
 .text._FAT_check_position_for_next_cluster.isra.6
                0x000000008000c6ec       0xf0 /opt/devkitpro/libogc/lib/wii/libfat.a(fatfile.o)
 .text._FAT_file_extend_r
                0x000000008000c7dc      0x2c0 /opt/devkitpro/libogc/lib/wii/libfat.a(fatfile.o)
 .text._FAT_open_r
                0x000000008000ca9c      0x3f4 /opt/devkitpro/libogc/lib/wii/libfat.a(fatfile.o)
                0x000000008000ca9c                _FAT_open_r
 .text._FAT_syncToDisc
                0x000000008000ce90      0x158 /opt/devkitpro/libogc/lib/wii/libfat.a(fatfile.o)
                0x000000008000ce90                _FAT_syncToDisc
 .text._FAT_close_r
                0x000000008000cfe8       0xc0 /opt/devkitpro/libogc/lib/wii/libfat.a(fatfile.o)
                0x000000008000cfe8                _FAT_close_r
 .text._FAT_read_r
                0x000000008000d0a8      0x3e4 /opt/devkitpro/libogc/lib/wii/libfat.a(fatfile.o)
                0x000000008000d0a8                _FAT_read_r
 .text._FAT_write_r
                0x000000008000d48c      0x564 /opt/devkitpro/libogc/lib/wii/libfat.a(fatfile.o)
                0x000000008000d48c                _FAT_write_r
 .text._FAT_seek_r
                0x000000008000d9f0      0x1f8 /opt/devkitpro/libogc/lib/wii/libfat.a(fatfile.o)
                0x000000008000d9f0                _FAT_seek_r
 .text._FAT_fstat_r
                0x000000008000dbe8       0xc8 /opt/devkitpro/libogc/lib/wii/libfat.a(fatfile.o)
                0x000000008000dbe8                _FAT_fstat_r
 .text._FAT_ftruncate_r
                0x000000008000dcb0      0x1f0 /opt/devkitpro/libogc/lib/wii/libfat.a(fatfile.o)
                0x000000008000dcb0                _FAT_ftruncate_r
 .text._FAT_fsync_r
                0x000000008000dea0       0x70 /opt/devkitpro/libogc/lib/wii/libfat.a(fatfile.o)
                0x000000008000dea0                _FAT_fsync_r
 .text._FAT_fat_writeFatEntry
                0x000000008000df10      0x1c0 /opt/devkitpro/libogc/lib/wii/libfat.a(file_allocation_table.o)
 .text._FAT_fat_nextCluster
                0x000000008000e0d0      0x190 /opt/devkitpro/libogc/lib/wii/libfat.a(file_allocation_table.o)
                0x000000008000e0d0                _FAT_fat_nextCluster
 .text._FAT_fat_linkFreeCluster
                0x000000008000e260       0xe8 /opt/devkitpro/libogc/lib/wii/libfat.a(file_allocation_table.o)
                0x000000008000e260                _FAT_fat_linkFreeCluster
 .text._FAT_fat_linkFreeClusterCleared
                0x000000008000e348       0xc0 /opt/devkitpro/libogc/lib/wii/libfat.a(file_allocation_table.o)
                0x000000008000e348                _FAT_fat_linkFreeClusterCleared
 .text._FAT_fat_clearLinks
                0x000000008000e408       0xb8 /opt/devkitpro/libogc/lib/wii/libfat.a(file_allocation_table.o)
                0x000000008000e408                _FAT_fat_clearLinks
 .text._FAT_fat_trimChain
                0x000000008000e4c0       0xb4 /opt/devkitpro/libogc/lib/wii/libfat.a(file_allocation_table.o)
                0x000000008000e4c0                _FAT_fat_trimChain
 .text._FAT_fat_lastCluster
                0x000000008000e574       0x68 /opt/devkitpro/libogc/lib/wii/libfat.a(file_allocation_table.o)
                0x000000008000e574                _FAT_fat_lastCluster
 .text._FAT_fat_freeClusterCount
                0x000000008000e5dc       0x54 /opt/devkitpro/libogc/lib/wii/libfat.a(file_allocation_table.o)
                0x000000008000e5dc                _FAT_fat_freeClusterCount
 .text._FAT_filetime_getTimeFromRTC
                0x000000008000e630       0x7c /opt/devkitpro/libogc/lib/wii/libfat.a(filetime.o)
                0x000000008000e630                _FAT_filetime_getTimeFromRTC
 .text._FAT_filetime_getDateFromRTC
                0x000000008000e6ac       0x7c /opt/devkitpro/libogc/lib/wii/libfat.a(filetime.o)
                0x000000008000e6ac                _FAT_filetime_getDateFromRTC
 .text._FAT_filetime_to_time_t
                0x000000008000e728       0x64 /opt/devkitpro/libogc/lib/wii/libfat.a(filetime.o)
                0x000000008000e728                _FAT_filetime_to_time_t
 .text.__wpad_assign_slot
                0x000000008000e78c      0x220 /opt/devkitpro/libogc/lib/wii/libwiiuse.a(wpad.o)
                0x000000008000e78c                __wpad_assign_slot
 .text.__wpad_def_powcb
                0x000000008000e9ac       0x20 /opt/devkitpro/libogc/lib/wii/libwiiuse.a(wpad.o)
 .text.__wpad_setfmt
                0x000000008000e9cc       0xf0 /opt/devkitpro/libogc/lib/wii/libwiiuse.a(wpad.o)
 .text.__readlinkkey_finished
                0x000000008000eabc       0x30 /opt/devkitpro/libogc/lib/wii/libwiiuse.a(wpad.o)
 .text.__wpad_patch_finished
                0x000000008000eaec       0x2c /opt/devkitpro/libogc/lib/wii/libwiiuse.a(wpad.o)
 .text.__wpad_eventCB
                0x000000008000eb18      0x958 /opt/devkitpro/libogc/lib/wii/libwiiuse.a(wpad.o)
 .text.__wpad_disconnectCB
                0x000000008000f470       0xe8 /opt/devkitpro/libogc/lib/wii/libwiiuse.a(wpad.o)
                0x000000008000f470                __wpad_disconnectCB
 .text.__wpad_timeouthandler
                0x000000008000f558       0x98 /opt/devkitpro/libogc/lib/wii/libwiiuse.a(wpad.o)
 .text.__initcore_finished
                0x000000008000f5f0       0x40 /opt/devkitpro/libogc/lib/wii/libwiiuse.a(wpad.o)
 .text.__wpad_init_finished
                0x000000008000f630      0x134 /opt/devkitpro/libogc/lib/wii/libwiiuse.a(wpad.o)
 .text.WPAD_ReadEvent
                0x000000008000f764      0x580 /opt/devkitpro/libogc/lib/wii/libwiiuse.a(wpad.o)
                0x000000008000f764                WPAD_ReadEvent
 .text.WPAD_ReadPending
                0x000000008000fce4      0x10c /opt/devkitpro/libogc/lib/wii/libwiiuse.a(wpad.o)
                0x000000008000fce4                WPAD_ReadPending
 .text.WPAD_Probe
                0x000000008000fdf0       0xd4 /opt/devkitpro/libogc/lib/wii/libwiiuse.a(wpad.o)
                0x000000008000fdf0                WPAD_Probe
 .text.WPAD_Shutdown
                0x000000008000fec4       0xdc /opt/devkitpro/libogc/lib/wii/libwiiuse.a(wpad.o)
                0x000000008000fec4                WPAD_Shutdown
 .text.WPAD_Init
                0x000000008000ffa0      0x240 /opt/devkitpro/libogc/lib/wii/libwiiuse.a(wpad.o)
                0x000000008000ffa0                WPAD_Init
 .text.__wpad_onreset
                0x00000000800101e0       0x2c /opt/devkitpro/libogc/lib/wii/libwiiuse.a(wpad.o)
 .text.WPAD_ScanPads
                0x000000008001020c        0xc /opt/devkitpro/libogc/lib/wii/libwiiuse.a(wpad.o)
                0x000000008001020c                WPAD_ScanPads
 .text.WPAD_Rumble
                0x0000000080010218       0xd8 /opt/devkitpro/libogc/lib/wii/libwiiuse.a(wpad.o)
                0x0000000080010218                WPAD_Rumble
 .text.WPAD_ButtonsDown
                0x00000000800102f0       0x28 /opt/devkitpro/libogc/lib/wii/libwiiuse.a(wpad.o)
                0x00000000800102f0                WPAD_ButtonsDown
 .text.WPAD_Expansion
                0x0000000080010318       0x4c /opt/devkitpro/libogc/lib/wii/libwiiuse.a(wpad.o)
                0x0000000080010318                WPAD_Expansion
 .text.motion_plus_disconnected
                0x0000000080010364       0x10 /opt/devkitpro/libogc/lib/wii/libwiiuse.a(motion_plus.o)
                0x0000000080010364                motion_plus_disconnected
 .text.motion_plus_event
                0x0000000080010374       0x64 /opt/devkitpro/libogc/lib/wii/libwiiuse.a(motion_plus.o)
                0x0000000080010374                motion_plus_event
 .text.calculate_gforce
                0x00000000800103d8      0x114 /opt/devkitpro/libogc/lib/wii/libwiiuse.a(dynamics.o)
                0x00000000800103d8                calculate_gforce
 .text.calc_joystick_state
                0x00000000800104ec      0x21c /opt/devkitpro/libogc/lib/wii/libwiiuse.a(dynamics.o)
                0x00000000800104ec                calc_joystick_state
 .text.apply_smoothing
                0x0000000080010708      0x148 /opt/devkitpro/libogc/lib/wii/libwiiuse.a(dynamics.o)
                0x0000000080010708                apply_smoothing
 .text.calculate_orientation
                0x0000000080010850      0x29c /opt/devkitpro/libogc/lib/wii/libwiiuse.a(dynamics.o)
                0x0000000080010850                calculate_orientation
 .text.calc_balanceboard_state
                0x0000000080010aec      0x36c /opt/devkitpro/libogc/lib/wii/libwiiuse.a(dynamics.o)
                0x0000000080010aec                calc_balanceboard_state
 .text.wiiuse_handshake_expansion
                0x0000000080010e58      0x1d4 /opt/devkitpro/libogc/lib/wii/libwiiuse.a(io.o)
                0x0000000080010e58                wiiuse_handshake_expansion
 .text.wiiuse_handshake
                0x000000008001102c      0x150 /opt/devkitpro/libogc/lib/wii/libwiiuse.a(io.o)
                0x000000008001102c                wiiuse_handshake
 .text.wiiuse_handshake_expansion_start
                0x000000008001117c       0x24 /opt/devkitpro/libogc/lib/wii/libwiiuse.a(io.o)
                0x000000008001117c                wiiuse_handshake_expansion_start
 .text.wiiuse_disable_expansion
                0x00000000800111a0       0xc0 /opt/devkitpro/libogc/lib/wii/libwiiuse.a(io.o)
                0x00000000800111a0                wiiuse_disable_expansion
 .text.__wiiuse_disconnected
                0x0000000080011260       0x90 /opt/devkitpro/libogc/lib/wii/libwiiuse.a(io_wii.o)
 .text.__wiiuse_receive
                0x00000000800112f0       0x8c /opt/devkitpro/libogc/lib/wii/libwiiuse.a(io_wii.o)
 .text.__wiiuse_connected
                0x000000008001137c       0x7c /opt/devkitpro/libogc/lib/wii/libwiiuse.a(io_wii.o)
 .text.__wiiuse_sensorbar_enable
                0x00000000800113f8       0x48 /opt/devkitpro/libogc/lib/wii/libwiiuse.a(io_wii.o)
                0x00000000800113f8                __wiiuse_sensorbar_enable
 .text.wiiuse_register
                0x0000000080011440       0xa4 /opt/devkitpro/libogc/lib/wii/libwiiuse.a(io_wii.o)
                0x0000000080011440                wiiuse_register
 .text.wiiuse_disconnect
                0x00000000800114e4       0x40 /opt/devkitpro/libogc/lib/wii/libwiiuse.a(io_wii.o)
                0x00000000800114e4                wiiuse_disconnect
 .text.wiiuse_init_cmd_queue
                0x0000000080011524       0x84 /opt/devkitpro/libogc/lib/wii/libwiiuse.a(io_wii.o)
                0x0000000080011524                wiiuse_init_cmd_queue
 .text.wiiuse_io_write
                0x00000000800115a8       0x38 /opt/devkitpro/libogc/lib/wii/libwiiuse.a(io_wii.o)
                0x00000000800115a8                wiiuse_io_write
 .text.get_ir_sens.isra.0
                0x00000000800115e0       0xe8 /opt/devkitpro/libogc/lib/wii/libwiiuse.a(ir.o)
 .text.rotate_dots
                0x00000000800116c8      0x110 /opt/devkitpro/libogc/lib/wii/libwiiuse.a(ir.o)
 .text.wiiuse_set_ir_mode
                0x00000000800117d8       0x60 /opt/devkitpro/libogc/lib/wii/libwiiuse.a(ir.o)
                0x00000000800117d8                wiiuse_set_ir_mode
 .text.wiiuse_set_ir
                0x0000000080011838      0x190 /opt/devkitpro/libogc/lib/wii/libwiiuse.a(ir.o)
                0x0000000080011838                wiiuse_set_ir
 .text.wiiuse_set_ir_position
                0x00000000800119c8       0x78 /opt/devkitpro/libogc/lib/wii/libwiiuse.a(ir.o)
                0x00000000800119c8                wiiuse_set_ir_position
 .text.wiiuse_set_aspect_ratio
                0x0000000080011a40       0x3c /opt/devkitpro/libogc/lib/wii/libwiiuse.a(ir.o)
                0x0000000080011a40                wiiuse_set_aspect_ratio
 .text.wiiuse_set_ir_sensitivity
                0x0000000080011a7c       0xf8 /opt/devkitpro/libogc/lib/wii/libwiiuse.a(ir.o)
                0x0000000080011a7c                wiiuse_set_ir_sensitivity
 .text.calculate_basic_ir
                0x0000000080011b74       0xfc /opt/devkitpro/libogc/lib/wii/libwiiuse.a(ir.o)
                0x0000000080011b74                calculate_basic_ir
 .text.calculate_extended_ir
                0x0000000080011c70       0x7c /opt/devkitpro/libogc/lib/wii/libwiiuse.a(ir.o)
                0x0000000080011c70                calculate_extended_ir
 .text.find_sensorbar
                0x0000000080011cec      0x7fc /opt/devkitpro/libogc/lib/wii/libwiiuse.a(ir.o)
                0x0000000080011cec                find_sensorbar
 .text.apply_ir_smoothing
                0x00000000800124e8       0xd4 /opt/devkitpro/libogc/lib/wii/libwiiuse.a(ir.o)
                0x00000000800124e8                apply_ir_smoothing
 .text.calc_yaw
                0x00000000800125bc       0x54 /opt/devkitpro/libogc/lib/wii/libwiiuse.a(ir.o)
                0x00000000800125bc                calc_yaw
 .text.interpret_ir_data
                0x0000000080012610      0x370 /opt/devkitpro/libogc/lib/wii/libwiiuse.a(ir.o)
                0x0000000080012610                interpret_ir_data
 .text.nunchuk_handshake
                0x0000000080012980      0x228 /opt/devkitpro/libogc/lib/wii/libwiiuse.a(nunchuk.o)
                0x0000000080012980                nunchuk_handshake
 .text.nunchuk_disconnected
                0x0000000080012ba8       0x28 /opt/devkitpro/libogc/lib/wii/libwiiuse.a(nunchuk.o)
                0x0000000080012ba8                nunchuk_disconnected
 .text.nunchuk_event
                0x0000000080012bd0       0xe4 /opt/devkitpro/libogc/lib/wii/libwiiuse.a(nunchuk.o)
                0x0000000080012bd0                nunchuk_event
 .text.wii_board_handshake
                0x0000000080012cb4      0x170 /opt/devkitpro/libogc/lib/wii/libwiiuse.a(wiiboard.o)
                0x0000000080012cb4                wii_board_handshake
 .text.wii_board_disconnected
                0x0000000080012e24       0x28 /opt/devkitpro/libogc/lib/wii/libwiiuse.a(wiiboard.o)
                0x0000000080012e24                wii_board_disconnected
 .text.wii_board_event
                0x0000000080012e4c       0x54 /opt/devkitpro/libogc/lib/wii/libwiiuse.a(wiiboard.o)
                0x0000000080012e4c                wii_board_event
 .text.wiiuse_send_next_command
                0x0000000080012ea0       0x6c /opt/devkitpro/libogc/lib/wii/libwiiuse.a(wiiuse.o)
                0x0000000080012ea0                wiiuse_send_next_command
 .text.__wiiuse_push_command
                0x0000000080012f0c       0x94 /opt/devkitpro/libogc/lib/wii/libwiiuse.a(wiiuse.o)
 .text.wiiuse_init
                0x0000000080012fa0      0x154 /opt/devkitpro/libogc/lib/wii/libwiiuse.a(wiiuse.o)
                0x0000000080012fa0                wiiuse_init
 .text.wiiuse_set_flags
                0x00000000800130f4       0x24 /opt/devkitpro/libogc/lib/wii/libwiiuse.a(wiiuse.o)
                0x00000000800130f4                wiiuse_set_flags
 .text.wiiuse_read_data
                0x0000000080013118       0x94 /opt/devkitpro/libogc/lib/wii/libwiiuse.a(wiiuse.o)
                0x0000000080013118                wiiuse_read_data
 .text.wiiuse_write_data
                0x00000000800131ac       0xc0 /opt/devkitpro/libogc/lib/wii/libwiiuse.a(wiiuse.o)
                0x00000000800131ac                wiiuse_write_data
 .text.wiiuse_sendcmd
                0x000000008001326c       0x90 /opt/devkitpro/libogc/lib/wii/libwiiuse.a(wiiuse.o)
                0x000000008001326c                wiiuse_sendcmd
 .text.wiiuse_status
                0x00000000800132fc       0x4c /opt/devkitpro/libogc/lib/wii/libwiiuse.a(wiiuse.o)
                0x00000000800132fc                wiiuse_status
 .text.wiiuse_motion_sensing
                0x0000000080013348       0x3c /opt/devkitpro/libogc/lib/wii/libwiiuse.a(wiiuse.o)
                0x0000000080013348                wiiuse_motion_sensing
 .text.wiiuse_set_report_type
                0x0000000080013384       0xd0 /opt/devkitpro/libogc/lib/wii/libwiiuse.a(wiiuse.o)
                0x0000000080013384                wiiuse_set_report_type
 .text.wiiuse_set_leds
                0x0000000080013454       0x50 /opt/devkitpro/libogc/lib/wii/libwiiuse.a(wiiuse.o)
                0x0000000080013454                wiiuse_set_leds
 .text.wiiuse_toggle_rumble
                0x00000000800134a4       0x3c /opt/devkitpro/libogc/lib/wii/libwiiuse.a(wiiuse.o)
                0x00000000800134a4                wiiuse_toggle_rumble
 .text.wiiuse_rumble
                0x00000000800134e0       0x20 /opt/devkitpro/libogc/lib/wii/libwiiuse.a(wiiuse.o)
                0x00000000800134e0                wiiuse_rumble
 .text.wiiuse_set_speaker
                0x0000000080013500      0x1e4 /opt/devkitpro/libogc/lib/wii/libwiiuse.a(speaker.o)
                0x0000000080013500                wiiuse_set_speaker
 .text.classic_ctrl_handshake
                0x00000000800136e4      0x188 /opt/devkitpro/libogc/lib/wii/libwiiuse.a(classic.o)
                0x00000000800136e4                classic_ctrl_handshake
 .text.classic_ctrl_disconnected
                0x000000008001386c       0x28 /opt/devkitpro/libogc/lib/wii/libwiiuse.a(classic.o)
                0x000000008001386c                classic_ctrl_disconnected
 .text.classic_ctrl_event
                0x0000000080013894       0xa4 /opt/devkitpro/libogc/lib/wii/libwiiuse.a(classic.o)
                0x0000000080013894                classic_ctrl_event
 .text.handle_expansion
                0x0000000080013938       0x70 /opt/devkitpro/libogc/lib/wii/libwiiuse.a(events.o)
 .text.wiiuse_pressed_buttons
                0x00000000800139a8       0x2c /opt/devkitpro/libogc/lib/wii/libwiiuse.a(events.o)
                0x00000000800139a8                wiiuse_pressed_buttons
 .text.parse_event
                0x00000000800139d4      0x540 /opt/devkitpro/libogc/lib/wii/libwiiuse.a(events.o)
                0x00000000800139d4                parse_event
 .text.guitar_hero_3_handshake
                0x0000000080013f14       0x68 /opt/devkitpro/libogc/lib/wii/libwiiuse.a(guitar_hero_3.o)
                0x0000000080013f14                guitar_hero_3_handshake
 .text.guitar_hero_3_disconnected
                0x0000000080013f7c       0x28 /opt/devkitpro/libogc/lib/wii/libwiiuse.a(guitar_hero_3.o)
                0x0000000080013f7c                guitar_hero_3_disconnected
 .text.guitar_hero_3_event
                0x0000000080013fa4       0x68 /opt/devkitpro/libogc/lib/wii/libwiiuse.a(guitar_hero_3.o)
                0x0000000080013fa4                guitar_hero_3_event
 .text.acl_wlp_completed
                0x000000008001400c        0x8 /opt/devkitpro/libogc/lib/wii/libbte.a(bte.o)
                0x000000008001400c                acl_wlp_completed
 .text.__bte_cmdfinish
                0x0000000080014014       0x9c /opt/devkitpro/libogc/lib/wii/libbte.a(bte.o)
 .text.bte_hci_initsub_complete
                0x00000000800140b0      0x12c /opt/devkitpro/libogc/lib/wii/libbte.a(bte.o)
                0x00000000800140b0                bte_hci_initsub_complete
 .text.bte_hci_initcore_complete2
                0x00000000800141dc       0xf0 /opt/devkitpro/libogc/lib/wii/libbte.a(bte.o)
                0x00000000800141dc                bte_hci_initcore_complete2
 .text.bte_hci_patch_complete
                0x00000000800142cc      0x1b0 /opt/devkitpro/libogc/lib/wii/libbte.a(bte.o)
                0x00000000800142cc                bte_hci_patch_complete
 .text.bte_hci_apply_patch_complete
                0x000000008001447c       0xa8 /opt/devkitpro/libogc/lib/wii/libbte.a(bte.o)
                0x000000008001447c                bte_hci_apply_patch_complete
 .text.bte_hci_initcore_complete
                0x0000000080014524      0x158 /opt/devkitpro/libogc/lib/wii/libbte.a(bte.o)
                0x0000000080014524                bte_hci_initcore_complete
 .text.__bte_close_ctrl_queue
                0x000000008001467c       0x80 /opt/devkitpro/libogc/lib/wii/libbte.a(bte.o)
 .text.__bte_send_pending_request
                0x00000000800146fc       0xb8 /opt/devkitpro/libogc/lib/wii/libbte.a(bte.o)
 .text.l2cap_disconnect_cfm
                0x00000000800147b4       0xe0 /opt/devkitpro/libogc/lib/wii/libbte.a(bte.o)
                0x00000000800147b4                l2cap_disconnect_cfm
 .text.acl_conn_complete
                0x0000000080014894       0x2c /opt/devkitpro/libogc/lib/wii/libbte.a(bte.o)
                0x0000000080014894                acl_conn_complete
 .text.__bte_shutdown_finished
                0x00000000800148c0       0x5c /opt/devkitpro/libogc/lib/wii/libbte.a(bte.o)
 .text.bt_alarmhandler
                0x000000008001491c       0x60 /opt/devkitpro/libogc/lib/wii/libbte.a(bte.o)
 .text.bte_read_stored_link_key_complete
                0x000000008001497c      0x108 /opt/devkitpro/libogc/lib/wii/libbte.a(bte.o)
                0x000000008001497c                bte_read_stored_link_key_complete
 .text.l2cap_accepted
                0x0000000080014a84       0xd8 /opt/devkitpro/libogc/lib/wii/libbte.a(bte.o)
                0x0000000080014a84                l2cap_accepted
 .text.l2cap_disconnected_ind
                0x0000000080014b5c       0xb8 /opt/devkitpro/libogc/lib/wii/libbte.a(bte.o)
                0x0000000080014b5c                l2cap_disconnected_ind
 .text.bte_process_input
                0x0000000080014c14       0xf4 /opt/devkitpro/libogc/lib/wii/libbte.a(bte.o)
 .text.__bte_waitcmdfinish.constprop.6
                0x0000000080014d08       0x78 /opt/devkitpro/libogc/lib/wii/libbte.a(bte.o)
 .text.BTE_Init
                0x0000000080014d80      0x108 /opt/devkitpro/libogc/lib/wii/libbte.a(bte.o)
                0x0000000080014d80                BTE_Init
 .text.BTE_Shutdown
                0x0000000080014e88       0x94 /opt/devkitpro/libogc/lib/wii/libbte.a(bte.o)
                0x0000000080014e88                BTE_Shutdown
 .text.BTE_InitCore
                0x0000000080014f1c       0x7c /opt/devkitpro/libogc/lib/wii/libbte.a(bte.o)
                0x0000000080014f1c                BTE_InitCore
 .text.BTE_ApplyPatch
                0x0000000080014f98       0x98 /opt/devkitpro/libogc/lib/wii/libbte.a(bte.o)
                0x0000000080014f98                BTE_ApplyPatch
 .text.BTE_InitSub
                0x0000000080015030       0x80 /opt/devkitpro/libogc/lib/wii/libbte.a(bte.o)
                0x0000000080015030                BTE_InitSub
 .text.BTE_ReadStoredLinkKey
                0x00000000800150b0       0x80 /opt/devkitpro/libogc/lib/wii/libbte.a(bte.o)
                0x00000000800150b0                BTE_ReadStoredLinkKey
 .text.BTE_SetDisconnectCallback
                0x0000000080015130       0x20 /opt/devkitpro/libogc/lib/wii/libbte.a(bte.o)
                0x0000000080015130                BTE_SetDisconnectCallback
 .text.bte_new  0x0000000080015150       0x4c /opt/devkitpro/libogc/lib/wii/libbte.a(bte.o)
                0x0000000080015150                bte_new
 .text.bte_registerdeviceasync
                0x000000008001519c      0x124 /opt/devkitpro/libogc/lib/wii/libbte.a(bte.o)
                0x000000008001519c                bte_registerdeviceasync
 .text.bte_disconnect
                0x00000000800152c0       0x9c /opt/devkitpro/libogc/lib/wii/libbte.a(bte.o)
                0x00000000800152c0                bte_disconnect
 .text.bte_senddata
                0x000000008001535c       0xb0 /opt/devkitpro/libogc/lib/wii/libbte.a(bte.o)
                0x000000008001535c                bte_senddata
 .text.bte_arg  0x000000008001540c       0x3c /opt/devkitpro/libogc/lib/wii/libbte.a(bte.o)
                0x000000008001540c                bte_arg
 .text.bte_received
                0x0000000080015448       0x3c /opt/devkitpro/libogc/lib/wii/libbte.a(bte.o)
                0x0000000080015448                bte_received
 .text.bte_disconnected
                0x0000000080015484       0x3c /opt/devkitpro/libogc/lib/wii/libbte.a(bte.o)
                0x0000000080015484                bte_disconnected
 .text.hci_init
                0x00000000800154c0       0x78 /opt/devkitpro/libogc/lib/wii/libbte.a(hci.o)
                0x00000000800154c0                hci_init
 .text.hci_new  0x0000000080015538       0x3c /opt/devkitpro/libogc/lib/wii/libbte.a(hci.o)
                0x0000000080015538                hci_new
 .text.hci_get_link
                0x0000000080015574       0x7c /opt/devkitpro/libogc/lib/wii/libbte.a(hci.o)
                0x0000000080015574                hci_get_link
 .text.hci_close
                0x00000000800155f0       0xcc /opt/devkitpro/libogc/lib/wii/libbte.a(hci.o)
                0x00000000800155f0                hci_close
 .text.hci_reset_all
                0x00000000800156bc       0x9c /opt/devkitpro/libogc/lib/wii/libbte.a(hci.o)
                0x00000000800156bc                hci_reset_all
 .text.hci_arg  0x0000000080015758        0xc /opt/devkitpro/libogc/lib/wii/libbte.a(hci.o)
                0x0000000080015758                hci_arg
 .text.hci_cmd_complete
                0x0000000080015764        0xc /opt/devkitpro/libogc/lib/wii/libbte.a(hci.o)
                0x0000000080015764                hci_cmd_complete
 .text.hci_connection_complete
                0x0000000080015770        0xc /opt/devkitpro/libogc/lib/wii/libbte.a(hci.o)
                0x0000000080015770                hci_connection_complete
 .text.hci_wlp_complete
                0x000000008001577c        0xc /opt/devkitpro/libogc/lib/wii/libbte.a(hci.o)
                0x000000008001577c                hci_wlp_complete
 .text.hci_cmd_ass
                0x0000000080015788       0x48 /opt/devkitpro/libogc/lib/wii/libbte.a(hci.o)
                0x0000000080015788                hci_cmd_ass
 .text.hci_reset
                0x00000000800157d0       0x64 /opt/devkitpro/libogc/lib/wii/libbte.a(hci.o)
                0x00000000800157d0                hci_reset
 .text.hci_read_buffer_size
                0x0000000080015834       0x64 /opt/devkitpro/libogc/lib/wii/libbte.a(hci.o)
                0x0000000080015834                hci_read_buffer_size
 .text.hci_read_bd_addr
                0x0000000080015898       0x64 /opt/devkitpro/libogc/lib/wii/libbte.a(hci.o)
                0x0000000080015898                hci_read_bd_addr
 .text.hci_read_local_version
                0x00000000800158fc       0x64 /opt/devkitpro/libogc/lib/wii/libbte.a(hci.o)
                0x00000000800158fc                hci_read_local_version
 .text.hci_read_local_features
                0x0000000080015960       0x64 /opt/devkitpro/libogc/lib/wii/libbte.a(hci.o)
                0x0000000080015960                hci_read_local_features
 .text.hci_read_stored_link_key
                0x00000000800159c4       0xac /opt/devkitpro/libogc/lib/wii/libbte.a(hci.o)
                0x00000000800159c4                hci_read_stored_link_key
 .text.hci_write_page_timeout
                0x0000000080015a70       0x7c /opt/devkitpro/libogc/lib/wii/libbte.a(hci.o)
                0x0000000080015a70                hci_write_page_timeout
 .text.hci_write_scan_enable
                0x0000000080015aec       0x6c /opt/devkitpro/libogc/lib/wii/libbte.a(hci.o)
                0x0000000080015aec                hci_write_scan_enable
 .text.hci_accecpt_conn_request
                0x0000000080015b58       0x80 /opt/devkitpro/libogc/lib/wii/libbte.a(hci.o)
                0x0000000080015b58                hci_accecpt_conn_request
 .text.hci_write_local_name
                0x0000000080015bd8       0x80 /opt/devkitpro/libogc/lib/wii/libbte.a(hci.o)
                0x0000000080015bd8                hci_write_local_name
 .text.hci_write_pin_type
                0x0000000080015c58       0x6c /opt/devkitpro/libogc/lib/wii/libbte.a(hci.o)
                0x0000000080015c58                hci_write_pin_type
 .text.hci_write_inquiry_mode
                0x0000000080015cc4       0x6c /opt/devkitpro/libogc/lib/wii/libbte.a(hci.o)
                0x0000000080015cc4                hci_write_inquiry_mode
 .text.hci_write_page_scan_type
                0x0000000080015d30       0x6c /opt/devkitpro/libogc/lib/wii/libbte.a(hci.o)
                0x0000000080015d30                hci_write_page_scan_type
 .text.hci_write_inquiry_scan_type
                0x0000000080015d9c       0x6c /opt/devkitpro/libogc/lib/wii/libbte.a(hci.o)
                0x0000000080015d9c                hci_write_inquiry_scan_type
 .text.hci_vendor_specific_command
                0x0000000080015e08       0x8c /opt/devkitpro/libogc/lib/wii/libbte.a(hci.o)
                0x0000000080015e08                hci_vendor_specific_command
 .text.hci_write_link_policy_settings
                0x0000000080015e94       0xa0 /opt/devkitpro/libogc/lib/wii/libbte.a(hci.o)
                0x0000000080015e94                hci_write_link_policy_settings
 .text.hci_pin_code_request_neg_reply
                0x0000000080015f34       0x74 /opt/devkitpro/libogc/lib/wii/libbte.a(hci.o)
                0x0000000080015f34                hci_pin_code_request_neg_reply
 .text.hci_disconnect
                0x0000000080015fa8       0x98 /opt/devkitpro/libogc/lib/wii/libbte.a(hci.o)
                0x0000000080015fa8                hci_disconnect
 .text.hci_write_cod
                0x0000000080016040       0x78 /opt/devkitpro/libogc/lib/wii/libbte.a(hci.o)
                0x0000000080016040                hci_write_cod
 .text.hci_host_buffer_size
                0x00000000800160b8       0xb4 /opt/devkitpro/libogc/lib/wii/libbte.a(hci.o)
                0x00000000800160b8                hci_host_buffer_size
 .text.hci_host_num_comp_packets